01-08 01:42:02.460     0     0 E bt_ioctl: BT_CMD_PWR_CTRL pwr_cntrl:1
01-08 01:42:02.461     0     0 I bt_power vendor: bt_qca6390: Linked as a consumer to regulator.9
01-08 01:42:02.461     0     0 E bt_vreg_enable: vreg_en successful for : qca,bt-vdd-aon
01-08 01:42:02.461     0     0 E bt_vreg_enable: vreg_en successful for : qca,bt-vdd-dig
01-08 01:42:02.461     0     0 I bt_power vendor: bt_qca6390: Linked as a consumer to regulator.8
01-08 01:42:02.461     0     0 E bt_vreg_enable: vreg_en successful for : qca,bt-vdd-rfa1
01-08 01:42:02.461     0     0 I bt_power vendor: bt_qca6390: Linked as a consumer to regulator.36
01-08 01:42:02.461     0     0 E bt_vreg_enable: vreg_en successful for : qca,bt-vdd-rfa2
01-08 01:42:02.461     0     0 I binder  : 789:789 ioctl 40046210 ff92a208 returned -22
01-08 01:42:02.461     0     0 I binder  : 789:789 ioctl 40046210 ff92a1f0 returned -22
01-08 01:42:02.462     0     0 I init    : starting service 'vendor.per_mgr'...
01-08 01:42:02.463     0     0 W QSEECOM : qseecom_load_app: App (ovrtz) does'nt exist, loading apps for first time
01-08 01:42:02.467     0     0 I init    : starting service 'vendor.qrtr-ns'...
01-08 01:42:02.469     0     0 I binder  : 794:794 ioctl 40046210 7fc7451644 returned -22
01-08 01:42:02.469     0     0 I init    : starting service 'audioserver'...
01-08 01:42:02.470     0     0 I init    : starting service 'credstore'...
01-08 01:42:02.471     0     0 I init    : starting service 'gpu'...
01-08 01:42:02.472     0     0 I init    : starting service 'bootanim'...
01-08 01:42:02.474     0     0 I init    : starting service 'watchdogd'...
01-08 01:42:02.477     0     0 I init    : starting service 'board_init'...
01-08 01:42:02.478     0     0 I init    : starting service 'vendor.tftp_server'...
01-08 01:42:02.479     0     0 I init    : Service 'vendor.irsc_util' (pid 807) exited with status 0 oneshot service took 0.020000 seconds in background
01-08 01:42:02.479     0     0 I init    : Sending signal 9 to service 'vendor.irsc_util' (pid 807) process group...
01-08 01:42:02.479     0     0 I libprocessgroup: Successfully killed process cgroup uid 0 pid 807 in 0ms
01-08 01:42:02.480     0     0 I init    : processing action (persist.sys.usb.config=* && boot) from (/system/etc/init/hw/init.usb.rc:108)
01-08 01:42:02.480     0     0 I init    : processing action (boot) from (/vendor/etc/init/hw/init.kona.rc:163)
01-08 01:42:02.483     0     0 I binder  : 801:801 ioctl 40046210 7fc4ce7474 returned -22
01-08 01:42:02.487     0     0 E diag    : In socket_open_server, socket not initialized for MODEM_CNTL
01-08 01:42:02.488     0     0 E diag    : In socket_open_server, socket not initialized for LPASS_CNTL
01-08 01:42:02.488     0     0 E diag    : In socket_open_server, socket not initialized for WCNSS_CNTL
01-08 01:42:02.488     0     0 E diag    : In socket_open_server, socket not initialized for MODEM_DATA
01-08 01:42:02.488     0     0 E diag    : In socket_open_server, socket not initialized for MODEM_DCI
01-08 01:42:02.488     0     0 E diag    : In socket_open_server, socket not initialized for LPASS_DATA
01-08 01:42:02.488     0     0 E diag    : In socket_open_server, socket not initialized for LPASS_DCI
01-08 01:42:02.488     0     0 E diag    : In socket_open_server, socket not initialized for SENSORS_CNTL
01-08 01:42:02.488     0     0 E diag    : In socket_open_server, socket not initialized for DIAG_CTRL
01-08 01:42:02.488     0     0 E diag    : In socket_open_server, socket not initialized for WCNSS_DATA
01-08 01:42:02.488     0     0 E diag    : In socket_open_server, socket not initialized for WCNSS_DCI
01-08 01:42:02.489     0     0 E diag    : In socket_open_server, socket not initialized for CDSP_CNTL
01-08 01:42:02.489     0     0 E diag    : In socket_open_server, socket not initialized for SENSORS_DATA
01-08 01:42:02.489     0     0 E diag    : In socket_open_server, socket not initialized for SENSORS_DCI
01-08 01:42:02.489     0     0 E diag    : In socket_open_server, socket not initialized for NPU_CNTL
01-08 01:42:02.489     0     0 E diag    : In socket_open_server, socket not initialized for DIAG_DATA
01-08 01:42:02.489     0     0 E diag    : In socket_open_server, socket not initialized for DIAG_DCI_DATA
01-08 01:42:02.489     0     0 E diag    : In socket_open_server, socket not initialized for CDSP_DATA
01-08 01:42:02.489     0     0 E diag    : In socket_open_server, socket not initialized for CDSP_DCI
01-08 01:42:02.489     0     0 E diag    : In socket_open_server, socket not initialized for NPU_DATA
01-08 01:42:02.489     0     0 E diag    : In socket_open_server, socket not initialized for NPU_DCI
01-08 01:42:02.490     0     0 I binder  : 799:799 ioctl 40046210 7fed390784 returned -22
01-08 01:42:02.494     0     0 I binder  : 811:811 ioctl 40046210 7fd0c72874 returned -22
01-08 01:42:02.495     0     0 I         : Removed cp15_barrier emulation handler
01-08 01:42:02.495     0     0 I         : Enabled cp15_barrier support
01-08 01:42:02.496     0     0 I init    : processing action (boot) from (/vendor/etc/init/hw/init.kona.power.rc:66)
01-08 01:42:02.496     0     0 I binder  : 795:795 ioctl 40046210 7fc704d5a4 returned -22
01-08 01:42:02.498     0     0 I capability: warning: `msm_irqbalance' uses 32-bit capabilities (legacy support in use)
01-08 01:42:02.498     0     0 I init    : processing action (boot) from (/vendor/etc/init/hw/init.kona.usb.rc:150)
01-08 01:42:02.499     0     0 I binder  : 806:806 ioctl 40046210 7fd487afd4 returned -22
01-08 01:42:02.499     0     0 I init    : processing action (persist.sys.usb.config=* && boot) from (/vendor/etc/init/hw/init.kona.usb.rc:153)
01-08 01:42:02.499     0     0 I sysmon-qmi: ssctl_new_server: Connection established between QMI handle and cdsp's SSCTL service
01-08 01:42:02.499     0     0 D cnss    : WLFW server arriving: node 7 port 1
01-08 01:42:02.499     0     0 D cnss    : Posting event: SERVER_ARRIVE(0), state: 0x8 flags: 0x0
01-08 01:42:02.499     0     0 D cnss    : PM stay awake, state: 0x8, count: 1
01-08 01:42:02.499     0     0 D cnss    : PM relax, state: 0x8, count: 0
01-08 01:42:02.499     0     0 D cnss    : PM stay awake, state: 0x8, count: 1
01-08 01:42:02.499     0     0 D cnss    : Processing driver event: SERVER_ARRIVE(0), state: 0x8
01-08 01:42:02.499     0     0 I cnss    : QMI WLFW service connected, state: 0x9
01-08 01:42:02.499     0     0 D cnss    : Sending indication register message, state: 0x9
01-08 01:42:02.499     0     0 I binder  : 796:796 ioctl 40046210 7ff6eed4a4 returned -22
01-08 01:42:02.500     0     0 I init    : processing action (boot) from (/system/etc/init/dumpstate.rc:1)
01-08 01:42:02.500     0     0 I init    : processing action (boot) from (/system/etc/init/gsid.rc:25)
01-08 01:42:02.500     0     0 I init    : starting service 'exec 18 (/system/bin/gsid run-startup-tasks)'...
01-08 01:42:02.501     0     0 E wlan    : Loading driver v2.0.81.3G
01-08 01:42:02.501     0     0 I init    : processing action (boot) from (/system/etc/init/oculus_shutdown_stats.rc:1)
01-08 01:42:02.501     0     0 I init    : [libfs_mgr]dt_fstab: Skip disabled entry for partition vendor
01-08 01:42:02.504     0     0 I init    : processing action (boot) from (/vendor/etc/init/android.hardware.usb@1.2-service.ovr.rc:4)
01-08 01:42:02.505     0     0 I init    : processing action (boot) from (/vendor/etc/init/hvdcp_opti.rc:4)
01-08 01:42:02.508     0     0 I init    : Service 'board_init' (pid 819) exited with status 0 oneshot service took 0.030000 seconds in background
01-08 01:42:02.508     0     0 I init    : Sending signal 9 to service 'board_init' (pid 819) process group...
01-08 01:42:02.508     0     0 I libprocessgroup: Successfully killed process cgroup uid 1000 pid 819 in 0ms
01-08 01:42:02.509     0     0 I binder  : 815:815 ioctl 40046210 7ff7c8d3d4 returned -22
01-08 01:42:02.510     0     0 D cnss    : Sending host capability message, state: 0x9
01-08 01:42:02.510     0     0 D cnss    : Number of clients is 2
01-08 01:42:02.510     0     0 D cnss    : Assign MSI to user: WAKE, num_vectors: 1, user_base_data: 813, base_vector: 13
01-08 01:42:02.510     0     0 D cnss    : WAKE MSI base data is 813
01-08 01:42:02.510     0     0 D cnss    : Calibration done is 0
01-08 01:42:02.513     0     0 I servloc : service_locator_new_server: Connection established with the Service locator
01-08 01:42:02.513     0     0 I servloc : init_service_locator: Service locator initialized
01-08 01:42:02.513     0     0 E init    : Control message: Could not find 'android.frameworks.stats@1.0::IStats/default' for ctl.interface_start from pid: 573 (/system/bin/hwservicemanager)
01-08 01:42:02.513     0     0 I adsprpc : fastrpc_get_service_location_notify: PDR notifier for adsp registered for msm/adsp/audio_pd (audio_pdr_adsprpc)
01-08 01:42:02.514     0     0 I adsprpc : fastrpc_get_service_location_notify: audio_pdr_adsprpc (msm/adsp/audio_pd) PDR service for adsp is uninitialized
01-08 01:42:02.514     0     0 I audio_notifer_reg_service: service PDR_ADSP is in use
01-08 01:42:02.514     0     0 I watchdogd: watchdogd started (interval 10, margin 20)!
01-08 01:42:02.514     0     0 I service-notifier: service_notifier_new_server: Connection established between QMI handle and 74 service
01-08 01:42:02.514     0     0 E init    : Control message: Could not find 'android.frameworks.stats@1.0::IStats/default' for ctl.interface_start from pid: 573 (/system/bin/hwservicemanager)
01-08 01:42:02.514     0     0 I         : wlan_hdd_state wlan major(501) initialized
01-08 01:42:02.514     0     0 D cnss    : Start to wait for calibration to complete
01-08 01:42:02.514     0     0 D cnss    : PM relax, state: 0x9, count: 0
01-08 01:42:02.514     0     0 I bt_configure_gpios: BTON:Turn Bt Off bt-reset-gpio(1121) value(0)
01-08 01:42:02.514     0     0 I bt_configure_gpios: BTON:Turn Bt Off
01-08 01:42:02.514     0     0 I bt_configure_gpios: bt-sw-ctrl-gpio(1224) value(1)
01-08 01:42:02.514     0     0 I bt_enable_bt_reset_gpios_safely: bt_enable_bt_reset_gpios_safely: BTON:Turn Bt On
01-08 01:42:02.514     0     0 I bt_enable_bt_reset_gpios_safely: bt_enable_bt_reset_gpios_safely: wl-reset-gpio(1120) value(1)
01-08 01:42:02.514     0     0 I bt_enable_bt_reset_gpios_safely: bt_enable_bt_reset_gpios_safely: BTON: Asserting BT_EN
01-08 01:42:02.517     0     0 I sysmon-qmi: ssctl_new_server: Connection established between QMI handle and adsp's SSCTL service
01-08 01:42:02.521     0     0 I binder  : 800:800 ioctl 40046210 7ff460a024 returned -22
01-08 01:42:02.524     0     0 I init    : Control message: Processed ctl.interface_start for 'vendor.oculus.hardware.telemetry@1.0::IDeviceTelemetry/default' from pid: 573 (/system/bin/hwservicemanager)
01-08 01:42:02.524     0     0 I adsprpc : fastrpc_pdr_notifier_cb: msm/adsp/audio_pd (audio_pdr_adsprpc) is up on adsp
01-08 01:42:02.524     0     0 I apr_adsp_up: Q6 is Up
01-08 01:42:02.527     0     0 I init    : processing action (boot) from (/vendor/etc/init/vrboot.rc:1)
01-08 01:42:02.527     0     0 I init    : starting service 'exec 19 (/vendor/bin/vrboot.sh)'...
01-08 01:42:02.527     0     0 I msm-audio-ion soc: qcom,msm-audio-apr:qcom,msm-audio-ion: Linked as a consumer to 15000000.apps-smmu
01-08 01:42:02.528     0     0 I init    : Control message: Processed ctl.interface_start for 'vendor.oculus.hardware.telemetry@1.0::IDeviceTelemetry/default' from pid: 573 (/system/bin/hwservicemanager)
01-08 01:42:02.528     0     0 I init    : processing action (enable_property_trigger) from (<Builtin Action>:0)
01-08 01:42:02.528     0     0 I init    : processing action (apexd.status=ready && ro.product.cpu.abilist32=*) from (/system/etc/init/hw/init.rc:94)
01-08 01:42:02.529     0     0 I init    : starting service 'boringssl_self_test_apex32'...
01-08 01:42:02.531     0     0 I init    : SVC_EXEC service 'boringssl_self_test_apex32' pid 853 (uid 0 gid 0+0 context default) started; waiting...
01-08 01:42:02.533     0     0 I init    : Service 'exec 18 (/system/bin/gsid run-startup-tasks)' (pid 835) exited with status 0 oneshot service took 0.032000 seconds in background
01-08 01:42:02.533     0     0 I init    : Sending signal 9 to service 'exec 18 (/system/bin/gsid run-startup-tasks)' (pid 835) process group...
01-08 01:42:02.533     0     0 I libprocessgroup: Successfully killed process cgroup uid 0 pid 835 in 0ms
01-08 01:42:02.535     0     0 I iommu   : Adding device soc:qcom,msm-audio-apr:qcom,msm-audio-ion to group 48
01-08 01:42:02.535     0     0 I binder  : 816:816 ioctl 40046210 7ffc31a9c4 returned -22
01-08 01:42:02.536     0     0 I binder  : 775:775 ioctl 40046210 7fdf720384 returned -22
01-08 01:42:02.537     0     0 E sps_register_bam_device: unable to create IPC Logging 0 for bam 0x0000000003a84000
01-08 01:42:02.537     0     0 E sps_register_bam_device: unable to create IPC Logging 1 for bam 0x0000000003a84000
01-08 01:42:02.537     0     0 E sps_register_bam_device: unable to create IPC Logging 2 for bam 0x0000000003a84000
01-08 01:42:02.537     0     0 E sps_register_bam_device: unable to create IPC Logging 3 for bam 0x0000000003a84000
01-08 01:42:02.537     0     0 E sps_register_bam_device: unable to create IPC Logging 4 for bam 0x0000000003a84000
01-08 01:42:02.537     0     0 I sps     : BAM 0x0000000003a84000 (va:0x0000000000000000) enabled: ver:0x19, number of pipes:25
01-08 01:42:02.537     0     0 I sps     : BAM 0x0000000003a84000 is registered.
01-08 01:42:02.537     0     0 I binder  : 775:775 ioctl 40046210 7fdf720594 returned -22
01-08 01:42:02.549     0     0 I init    : Service 'boringssl_self_test_apex32' (pid 853) exited with status 0 waiting took 0.019000 seconds
01-08 01:42:02.549     0     0 I init    : Sending signal 9 to service 'boringssl_self_test_apex32' (pid 853) process group...
01-08 01:42:02.549     0     0 I libprocessgroup: Successfully killed process cgroup uid 0 pid 853 in 0ms
01-08 01:42:02.549     0     0 I init    : processing action (apexd.status=ready && ro.product.cpu.abilist64=*) from (/system/etc/init/hw/init.rc:96)
01-08 01:42:02.549     0     0 I init    : starting service 'boringssl_self_test_apex64'...
01-08 01:42:02.551     0     0 I init    : SVC_EXEC service 'boringssl_self_test_apex64' pid 869 (uid 0 gid 0+0 context default) started; waiting...
01-08 01:42:02.559     0     0 I init    : Service 'boringssl_self_test_apex64' (pid 869) exited with status 0 waiting took 0.009000 seconds
01-08 01:42:02.559     0     0 I init    : Sending signal 9 to service 'boringssl_self_test_apex64' (pid 869) process group...
01-08 01:42:02.559     0     0 I binder  : 817:817 ioctl 40046210 7fdc144c84 returned -22
01-08 01:42:02.559     0     0 I libprocessgroup: Successfully killed process cgroup uid 0 pid 869 in 0ms
01-08 01:42:02.560     0     0 I init    : processing action (net.tcp_def_init_rwnd=*) from (/system/etc/init/hw/init.rc:1218)
01-08 01:42:02.560     0     0 I init    : processing action (sys.init.perf_lsm_hooks=1) from (/system/etc/init/hw/init.rc:1229)
01-08 01:42:02.560     0     0 I init    : processing action (security.perf_harden=1) from (/system/etc/init/hw/init.rc:1243)
01-08 01:42:02.560     0     0 E init    : Control message: Could not find 'aidl/SurfaceFlinger' for ctl.interface_start from pid: 572 (/system/bin/servicemanager)
01-08 01:42:02.560     0     0 I init    : processing action (init.svc.vendor.per_mgr=running) from (/vendor/etc/init/hw/init.kona.rc:303)
01-08 01:42:02.560     0     0 I init    : starting service 'vendor.per_proxy'...
01-08 01:42:02.562     0     0 I init    : processing action (vendor.syncbosshal.fw_update_complete=true) from (/vendor/etc/init/hw/init.kona.rc:339)
01-08 01:42:02.562     0     0 I init    : starting service 'vendor.qti.hardware.display.composer'...
01-08 01:42:02.562     0     0 I init    : Created socket '/dev/socket/pps', mode 660, user 1000, group 1000
01-08 01:42:02.563     0     0 I init    : starting service 'surfaceflinger'...
01-08 01:42:02.563     0     0 I init    : Could not create socket 'pdx/system/vr/display/client': Failed to bind socket 'pdx/system/vr/display/client': No such file or directory
01-08 01:42:02.563     0     0 I init    : Could not create socket 'pdx/system/vr/display/manager': Failed to bind socket 'pdx/system/vr/display/manager': No such file or directory
01-08 01:42:02.564     0     0 I init    : Could not create socket 'pdx/system/vr/display/vsync': Failed to bind socket 'pdx/system/vr/display/vsync': No such file or directory
01-08 01:42:02.565     0     0 I init    : processing action (persist.vendor.ssr.restart_level=*) from (/vendor/etc/init/hw/init.kona.rc:362)
01-08 01:42:02.565     0     0 I init    : starting service 'vendor.ssr_setup'...
01-08 01:42:02.566     0     0 I init    : processing action (sys.start_dvfs_init=1) from (/vendor/etc/init/hw/init.kona.power.rc:69)
01-08 01:42:02.575     0     0 I bt_configure_gpios: BTON:Turn Bt On bt-reset-gpio(1121) value(1)
01-08 01:42:02.575     0     0 I bt_configure_gpios: BTON:Turn Bt On
01-08 01:42:02.575     0     0 I bt_configure_gpios: bt-sw-ctrl-gpio(1224) value(1)
01-08 01:42:02.575     0     0 I bt_configure_gpios: bt_gpio= 1121 on: 1 is successful
01-08 01:42:02.584     0     0 I init    : Service 'vendor.ssr_setup' (pid 876) exited with status 0 oneshot service took 0.018000 seconds in background
01-08 01:42:02.584     0     0 I init    : Sending signal 9 to service 'vendor.ssr_setup' (pid 876) process group...
01-08 01:42:02.584     0     0 I libprocessgroup: Successfully killed process cgroup uid 0 pid 876 in 0ms
01-08 01:42:02.602     0     0 I binder  : 797:797 ioctl 40046210 7fe807e904 returned -22
01-08 01:42:02.604     0     0 I devfreq-qcom-fw 18590000.qcom,devfreq-l3: qcom,cdsp-cdsp-l3-lat: Successfully started CDSP L3 governor
01-08 01:42:02.610     0     0 I zram0   : detected capacity change from 0 to 3221225472
01-08 01:42:02.615     0     0 I binder  : 804:804 ioctl 40046210 ffa3e0e0 returned -22
01-08 01:42:02.615     0     0 I binder  : 804:804 ioctl 40046210 ffa3e0c8 returned -22
01-08 01:42:02.615     0     0 W QSEECOM : qseecom_load_app: App with id 5 (ovrtz) now loaded
01-08 01:42:02.616     0     0 I mkswap  : Swapspace size: 3145724k, UUID=fb9b2677-cef0-42f1-8b1a-515aad93dc14
01-08 01:42:02.618     0     0 I         : Adding 3145724k swap on /dev/block/zram0.  Priority:10 extents:1 across:3145724k SS
01-08 01:42:02.619     0     0 I init    : processing action (init.svc.audioserver=running) from (/system/etc/init/audioserver.rc:38)
01-08 01:42:02.619     0     0 I init    : Command 'start vendor.audio-hal-4-0-msd' action=init.svc.audioserver=running (/system/etc/init/audioserver.rc:40) took 0ms and failed: service vendor.audio-hal-4-0-msd not found
01-08 01:42:02.619     0     0 I init    : Command 'start audio_proxy_service' action=init.svc.audioserver=running (/system/etc/init/audioserver.rc:41) took 0ms and failed: service audio_proxy_service not found
01-08 01:42:02.619     0     0 I init    : Command 'start vendor.audio-hal-2-0' action=init.svc.audioserver=running (/system/etc/init/audioserver.rc:43) took 0ms and failed: service vendor.audio-hal-2-0 not found
01-08 01:42:02.619     0     0 I init    : Command 'start audio-hal-2-0' action=init.svc.audioserver=running (/system/etc/init/audioserver.rc:44) took 0ms and failed: service audio-hal-2-0 not found
01-08 01:42:02.619     0     0 I init    : processing action (ro.persistent_properties.ready=true) from (/system/etc/init/bootstat.rc:67)
01-08 01:42:02.620     0     0 I init    : processing action (ro.persistent_properties.ready=true) from (/system/etc/init/bootstat.rc:71)
01-08 01:42:02.620     0     0 I init    : starting service 'exec 20 (/system/bin/bootstat --set_system_boot_reason)'...
01-08 01:42:02.621     0     0 I init    : processing action (drm.service.enabled=true) from (/system/etc/init/drmserver.rc:8)
01-08 01:42:02.621     0     0 I init    : starting service 'drm'...
01-08 01:42:02.622     0     0 I init    : processing action (persist.heapprofd.enable= && traced.lazy.heapprofd=) from (/system/etc/init/heapprofd.rc:49)
01-08 01:42:02.623     0     0 I init    : processing action (persist.ovr.instsampd.enabled=0 && ro.vendor.build.type=user) from (/system/etc/init/instsampd.rc:9)
01-08 01:42:02.623     0     0 I binder  : 874:874 ioctl 40046210 7fef3d5254 returned -22
01-08 01:42:02.623     0     0 I init    : processing action (ro.debuggable=*) from (/system/etc/init/llkd.rc:2)
01-08 01:42:02.623     0     0 I init    : processing action (persist.ovr.lmkd.use_memavailable=*) from (/system/etc/init/lmkd.rc:59)
01-08 01:42:02.623     0     0 I init    : processing action (debug.atrace.user_initiated= && persist.traced.enable=1) from (/system/etc/init/perfetto.rc:47)
01-08 01:42:02.623     0     0 I init    : starting service 'traced_probes'...
01-08 01:42:02.623     0     0 I init    : Opened file '/dev/kmsg', flags 1
01-08 01:42:02.623     0     0 I binder  : 798:798 ioctl 40046210 7fc0368044 returned -22
01-08 01:42:02.625     0     0 I msm_vidc: high: 00000001: ....d: Opening video instance: 0000000000000000, 1
01-08 01:42:02.625     0     0 I msm_vidc_v4l2 aa00000.qcom,vidc: Linked as a consumer to regulator.75
01-08 01:42:02.625     0     0 I msm_vidc_v4l2 aa00000.qcom,vidc: Linked as a consumer to regulator.74
01-08 01:42:02.625     0     0 I init    : processing action (persist.traced.enable=1) from (/system/etc/init/perfetto.rc:50)
01-08 01:42:02.626     0     0 I init    : starting service 'traced'...
01-08 01:42:02.626     0     0 I init    : Created socket '/dev/socket/traced_consumer', mode 666, user 0, group 0
01-08 01:42:02.626     0     0 I init    : Created socket '/dev/socket/traced_producer', mode 666, user 0, group 0
01-08 01:42:02.627     0     0 I init    : processing action (ro.persistent_properties.ready=true) from (/system/etc/init/perfetto.rc:116)
01-08 01:42:02.627     0     0 I init    : processing action (persist.traced_perf.enable= && sys.init.perf_lsm_hooks=1 && traced.lazy.traced_perf=) from (/system/etc/init/traced_perf.rc:43)
01-08 01:42:02.627     0     0 I init    : processing action (ro.boot.slot_suffix=*) from (/system/etc/init/update_engine.rc:8)
01-08 01:42:02.627     0     0 I init    : processing action (vendor.fw_init.duration_ms=*) from (/vendor/etc/init/fw_init_bootstat.rc:2)
01-08 01:42:02.628     0     0 I init    : starting service 'exec 21 (/system/bin/bootstat -r FwInitDuration --value 190)'...
01-08 01:42:02.629     0     0 I init    : processing action (vendor.all.modules.ready=1) from (/vendor/etc/init/vendor.oculus.hardware.dock@1.0-service.rc:7)
01-08 01:42:02.629     0     0 I init    : processing action (nonencrypted) from (/system/etc/init/hw/init.rc:1156)
01-08 01:42:02.631     0     0 I init    : starting service 'cnss-daemon'...
01-08 01:42:02.632     0     0 I init    : starting service 'gatekeeperserver'...
01-08 01:42:02.633     0     0 I init    : starting service 'idmap2d'...
01-08 01:42:02.634     0     0 I init    : starting service 'incidentd'...
01-08 01:42:02.635     0     0 I subsys-restart: __subsystem_get(): Changing subsys fw_name to venus
01-08 01:42:02.635     0     0 I init    : starting service 'installd'...
01-08 01:42:02.636     0     0 I init    : starting service 'lockedprops'...
01-08 01:42:02.637     0     0 W subsys-pil-tz aab0000.qcom,venus: Falling back to syfs fallback for: venus.mdt
01-08 01:42:02.639     0     0 I binder  : 814:814 ioctl 40046210 7fdb4d4914 returned -22
01-08 01:42:02.639     0     0 I binder  : 814:814 ioctl 40046210 7fdb4d4934 returned -22
01-08 01:42:02.639     0     0 I init    : starting service 'mediaextractor'...
01-08 01:42:02.646     0     0 I kona-asoc-snd soc: qcom,msm-audio-apr:qcom,q6core-audio:cm710x_snd: msm_init_aux_dev: wsa-max-devs property missing in DT cm710x_snd, ret = -22
01-08 01:42:02.646     0     0 E kona-asoc-snd soc: qcom,msm-audio-apr:qcom,q6core-audio:cm710x_snd: msm_init_aux_dev: codec-max-aux-devs property missing in DT cm710x_snd, ret = -22
01-08 01:42:02.646     0     0 I kona-asoc-snd soc: qcom,msm-audio-apr:qcom,q6core-audio:cm710x_snd: msm_init_aux_dev: No AUX codecs available
01-08 01:42:02.648     0     0 I init    : starting service 'media'...
01-08 01:42:02.648     0     0 E msm-pcm-routing soc: qcom,msm-pcm-routing: ASoC: no source widget found for AUDIO_REF_EC_UL30 MUX
01-08 01:42:02.648     0     0 E msm-pcm-routing soc: qcom,msm-pcm-routing: ASoC: Failed to add route AUDIO_REF_EC_UL30 MUX -> direct -> MM_UL30
01-08 01:42:02.649     0     0 E msm-pcm-routing soc: qcom,msm-pcm-routing: ASoC: no source widget found for AUX_PCM_TX
01-08 01:42:02.649     0     0 E msm-pcm-routing soc: qcom,msm-pcm-routing: ASoC: Failed to add route AUX_PCM_TX -> AUX_PCM_UL_TX -> VoLTE Stub Tx Mixer
01-08 01:42:02.649     0     0 E msm-pcm-routing soc: qcom,msm-pcm-routing: ASoC: no source widget found for AUX_PCM_RX
01-08 01:42:02.649     0     0 E msm-pcm-routing soc: qcom,msm-pcm-routing: ASoC: Failed to add route AUX_PCM_RX -> direct -> BE_OUT
01-08 01:42:02.650     0     0 W msm-pcm-routing soc: qcom,msm-pcm-routing: ASoC: no dapm match for MM_DL23 --> MultiMedia23 --> QUIN_TDM_RX_1 Audio Mixer
01-08 01:42:02.650     0     0 E msm-pcm-routing soc: qcom,msm-pcm-routing: ASoC: Failed to add route MM_DL23 -> MultiMedia23 -> QUIN_TDM_RX_1 Audio Mixer
01-08 01:42:02.650     0     0 W msm-pcm-routing soc: qcom,msm-pcm-routing: ASoC: no dapm match for MM_DL24 --> MultiMedia24 --> QUIN_TDM_RX_1 Audio Mixer
01-08 01:42:02.650     0     0 E msm-pcm-routing soc: qcom,msm-pcm-routing: ASoC: Failed to add route MM_DL24 -> MultiMedia24 -> QUIN_TDM_RX_1 Audio Mixer
01-08 01:42:02.650     0     0 W msm-pcm-routing soc: qcom,msm-pcm-routing: ASoC: no dapm match for MM_DL25 --> MultiMedia25 --> QUIN_TDM_RX_1 Audio Mixer
01-08 01:42:02.650     0     0 E msm-pcm-routing soc: qcom,msm-pcm-routing: ASoC: Failed to add route MM_DL25 -> MultiMedia25 -> QUIN_TDM_RX_1 Audio Mixer
01-08 01:42:02.655     0     0 I init    : starting service 'minidumpd'...
01-08 01:42:02.657     0     0 I binder  : 892:892 ioctl 40046210 7ff6190344 returned -22
01-08 01:42:02.661     0     0 I binder  : 894:894 ioctl 40046210 7ff3052954 returned -22
01-08 01:42:02.664     0     0 I binder  : 884:884 ioctl 40046210 ff8501a0 returned -22
01-08 01:42:02.665     0     0 I init    : starting service 'minidumpd64'...
01-08 01:42:02.665     0     0 I binder  : 895:895 ioctl 40046210 7fcd788a14 returned -22
01-08 01:42:02.665     0     0 I binder  : 893:893 ioctl 40046210 7fcbef6bd4 returned -22
01-08 01:42:02.666     0     0 I init    : starting service 'crashuploader'...
01-08 01:42:02.667     0     0 I ueventd : firmware: loading 'venus.mdt' for '/devices/platform/soc/aab0000.qcom,venus/firmware/venus.mdt'
01-08 01:42:02.667     0     0 I init    : starting service 'perfstream'...
01-08 01:42:02.668     0     0 I init    : starting service 'storaged'...
01-08 01:42:02.668     0     0 I init    : Could not open file '/d/mmc0/mmc0:0001/ext_csd': Failed to open file '/d/mmc0/mmc0:0001/ext_csd': No such file or directory
01-08 01:42:02.668     0     0 E msm-pcm-routing soc: qcom,msm-pcm-routing: ASoC: no source widget found for AUX_PCM_TX
01-08 01:42:02.668     0     0 E msm-pcm-routing soc: qcom,msm-pcm-routing: ASoC: Failed to add route AUX_PCM_TX -> AUX_PCM_UL_TX -> SLIMBUS_0_RX Port Mixer
01-08 01:42:02.668     0     0 E msm-pcm-routing soc: qcom,msm-pcm-routing: ASoC: no source widget found for SEC_AUX_PCM_TX
01-08 01:42:02.668     0     0 E msm-pcm-routing soc: qcom,msm-pcm-routing: ASoC: Failed to add route SEC_AUX_PCM_TX -> SEC_AUX_PCM_UL_TX -> SLIMBUS_0_RX Port Mixer
01-08 01:42:02.669     0     0 E msm-pcm-routing soc: qcom,msm-pcm-routing: ASoC: no source widget found for TERT_AUX_PCM_TX
01-08 01:42:02.669     0     0 E msm-pcm-routing soc: qcom,msm-pcm-routing: ASoC: Failed to add route TERT_AUX_PCM_TX -> TERT_AUXPCM_UL_TX -> SLIMBUS_0_RX Port Mixer
01-08 01:42:02.669     0     0 E msm-pcm-routing soc: qcom,msm-pcm-routing: ASoC: no source widget found for QUAT_AUX_PCM_TX
01-08 01:42:02.669     0     0 E msm-pcm-routing soc: qcom,msm-pcm-routing: ASoC: Failed to add route QUAT_AUX_PCM_TX -> QUAT_AUXPCM_UL_TX -> SLIMBUS_0_RX Port Mixer
01-08 01:42:02.669     0     0 E msm-pcm-routing soc: qcom,msm-pcm-routing: ASoC: no source widget found for QUIN_AUX_PCM_TX
01-08 01:42:02.669     0     0 E msm-pcm-routing soc: qcom,msm-pcm-routing: ASoC: Failed to add route QUIN_AUX_PCM_TX -> QUIN_AUXPCM_UL_TX -> SLIMBUS_0_RX Port Mixer
01-08 01:42:02.669     0     0 E msm-pcm-routing soc: qcom,msm-pcm-routing: ASoC: no source widget found for SEN_AUX_PCM_TX
01-08 01:42:02.669     0     0 E msm-pcm-routing soc: qcom,msm-pcm-routing: ASoC: Failed to add route SEN_AUX_PCM_TX -> SEN_AUXPCM_UL_TX -> SLIMBUS_0_RX Port Mixer
01-08 01:42:02.669     0     0 I ueventd : loading /devices/platform/soc/aab0000.qcom,venus/firmware/venus.mdt took 1ms
01-08 01:42:02.670     0     0 I init    : starting service 'telemetry'...
01-08 01:42:02.671     0     0 I init    : starting service 'wificond'...
01-08 01:42:02.672     0     0 I subsys-pil-tz aab0000.qcom,venus: venus: loading from 0x0000000086e00000 to 0x0000000087300000
01-08 01:42:02.673     0     0 I init    : starting service 'vendor.media.omx'...
01-08 01:42:02.674     0     0 I init    : starting service 'vendor.hvdcp_opti'...
01-08 01:42:02.678     0     0 I init    : starting service 'vendor.dock-1-0'...
01-08 01:42:02.686     0     0 I init    : starting service 'vendor.adsprpcd'...
01-08 01:42:02.687     0     0 I init    : starting service 'vendor.adsprpcd_audiopd'...
01-08 01:42:02.689     0     0 I init    : starting service 'vendor.cdsprpcd'...
01-08 01:42:02.692     0     0 D cnss    : Received QMI WLFW request memory indication
01-08 01:42:02.692     0     0 D cnss    : FW requests for memory, size: 0x5e0000, type: 1
01-08 01:42:02.692     0     0 D cnss    : FW requests for memory, size: 0xd8000, type: 4
01-08 01:42:02.692     0     0 D cnss    : Posting event: REQUEST_MEM(2), state: 0x9 flags: 0x0
01-08 01:42:02.692     0     0 D cnss    : PM stay awake, state: 0x9, count: 1
01-08 01:42:02.692     0     0 D cnss    : PM relax, state: 0x9, count: 0
01-08 01:42:02.692     0     0 D cnss    : PM stay awake, state: 0x9, count: 1
01-08 01:42:02.692     0     0 D cnss    : Processing driver event: REQUEST_MEM(2), state: 0x9
01-08 01:42:02.694     0     0 E init    : Could not start service 'vendor_flash_recovery' as part of class 'main': Cannot find '/vendor/bin/install-recovery.sh': No such file or directory
01-08 01:42:02.694     0     0 I init    : starting service 'media.swcodec'...
01-08 01:42:02.696     0     0 I init    : Command 'class_start main' action=nonencrypted (/system/etc/init/hw/init.rc:1157) took 66ms and succeeded
01-08 01:42:02.696     0     0 I init    : Service 'exec 20 (/system/bin/bootstat --set_system_boot_reason)' (pid 883) exited with status 0 oneshot service took 0.075000 seconds in background
01-08 01:42:02.696     0     0 I init    : Sending signal 9 to service 'exec 20 (/system/bin/bootstat --set_system_boot_reason)' (pid 883) process group...
01-08 01:42:02.696     0     0 I libprocessgroup: Successfully killed process cgroup uid 1000 pid 883 in 0ms
01-08 01:42:02.696     0     0 I init    : Service 'exec 21 (/system/bin/bootstat -r FwInitDuration --value 190)' (pid 890) exited with status 0 oneshot service took 0.067000 seconds in background
01-08 01:42:02.696     0     0 I init    : Sending signal 9 to service 'exec 21 (/system/bin/bootstat -r FwInitDuration --value 190)' (pid 890) process group...
01-08 01:42:02.696     0     0 I libprocessgroup: Successfully killed process cgroup uid 1000 pid 890 in 0ms
01-08 01:42:02.696     0     0 I init    : Service 'lockedprops' (pid 896) exited with status 1 oneshot service took 0.059000 seconds in background
01-08 01:42:02.696     0     0 I init    : Sending signal 9 to service 'lockedprops' (pid 896) process group...
01-08 01:42:02.696     0     0 I libprocessgroup: Successfully killed process cgroup uid 0 pid 896 in 0ms
01-08 01:42:02.696     0     0 I init    : starting service 'calibration_svr'...
01-08 01:42:02.697     0     0 I init    : starting service 'cameramuxmodeservice'...
01-08 01:42:02.699     0     0 I init    : starting service 'gatekeeperd'...
01-08 01:42:02.700     0     0 I init    : starting service 'mrsystemservice'...
01-08 01:42:02.702     0     0 I binder  : 875:875 ioctl 40046210 7fc0732324 returned -22
01-08 01:42:02.705     0     0 I binder  : 926:926 ioctl 40046210 7fcfdff5d4 returned -22
01-08 01:42:02.714     0     0 I binder  : 788:951 ioctl 40046210 781005f8e4 returned -22
01-08 01:42:02.715     0     0 I init    : starting service 'parfait'...
01-08 01:42:02.717     0     0 I init    : starting service 'runtimeipcbroker'...
01-08 01:42:02.719     0     0 I binder  : 788:788 ioctl 40046210 7fc92cc1e4 returned -22
01-08 01:42:02.720     0     0 I init    : starting service 'trackingfidelityservice'...
01-08 01:42:02.722     0     0 I init    : starting service 'trackingservice'...
01-08 01:42:02.736     0     0 I binder  : 922:922 ioctl 40046210 7fd5b2cd84 returned -22
01-08 01:42:02.736     0     0 I binder  : 946:946 ioctl 40046210 7fea05d834 returned -22
01-08 01:42:02.737     0     0 I binder  : 946:946 ioctl 40046210 7fea05d664 returned -22
01-08 01:42:02.737     0     0 I binder  : 922:922 ioctl 40046210 7fd5b2cd04 returned -22
01-08 01:42:02.738     0     0 I init    : starting service 'update_engine'...
01-08 01:42:02.739     0     0 I init    : starting service 'usbd'...
01-08 01:42:02.741     0     0 I init    : starting service 'voiceassistantserver'...
01-08 01:42:02.743     0     0 I init    : starting service 'vrdevice'...
01-08 01:42:02.745     0     0 I binder  : 919:919 ioctl 40046210 7fedf0b2d4 returned -22
01-08 01:42:02.748     0     0 I init    : starting service 'vrfocus'...
01-08 01:42:02.751     0     0 I binder  : 920:920 ioctl 40046210 7fe9c03674 returned -22
01-08 01:42:02.751     0     0 I init    : starting service 'wifitelemetry'...
01-08 01:42:02.756     0     0 I init    : starting service 'wifisighelper'...
01-08 01:42:02.758     0     0 I binder  : 874:874 ioctl 40046210 7fef3d4f64 returned -22
01-08 01:42:02.761     0     0 I init    : Command 'class_start late_start' action=nonencrypted (/system/etc/init/hw/init.rc:1158) took 64ms and succeeded
01-08 01:42:02.762     0     0 I init    : processing action (llk.enable=0) from (/system/etc/init/llkd.rc:12)
01-08 01:42:02.762     0     0 I init    : processing action (khungtask.enable=0) from (/system/etc/init/llkd.rc:21)
01-08 01:42:02.763     0     0 I init    : processing action (init.svc.media=*) from (/system/etc/init/mediaserver.rc:1)
01-08 01:42:02.764     0     0 I init    : processing action (khungtask.enable=false) from (/system/etc/init/llkd.rc:31)
01-08 01:42:02.764     0     0 I init    : processing action (init.svc.mediadrm=running) from (/vendor/etc/init/android.hardware.drm@1.4-service-lazy.widevine.rc:1)
01-08 01:42:02.766     0     0 I binder  : 966:966 ioctl 40046210 7fd2917f24 returned -22
01-08 01:42:02.768     0     0 I binder  : 968:972 ioctl 40046210 7f0adfb914 returned -22
01-08 01:42:02.769     0     0 I binder  : 919:919 ioctl 40046210 7fedf0aac4 returned -22
--------- beginning of tracking
11-29 14:06:06.485   944   944 I VrSensors-HidlWrapper: Supressing HIDL transport crash dumps for current process: true
01-08 01:42:02.772     0     0 I binder  : 944:944 ioctl 40046210 7fcc3dfb54 returned -22
01-08 01:42:02.772     0     0 I binder  : 964:964 ioctl 40046210 7fe3a073a4 returned -22
01-08 01:42:02.775     0     0 I binder  : 923:923 ioctl 40046210 ffa3d768 returned -22
01-08 01:42:02.775     0     0 I binder  : 923:923 ioctl 40046210 ffa3d750 returned -22
11-29 14:06:06.491   800   800 I SensorService: Syncboss hal version: v2.38.0. Built Aug 29 2023 16:01:47 by twsvcscm@twshared39560.1. SHA: 4b9ff1c8399a
11-29 14:06:06.491   800   800 D SensorService: ControllerProvider()
11-29 14:06:06.491   800   800 I SyncBossHAL: [info   ] syncboss_hal_impl_android_driver.c(942): Could not open optional control file: next_avail_seq_num with error 0
01-08 01:42:02.777     0     0 I syncboss_spi spi1.0: SPI max clock rate changed while streaming.
01-08 01:42:02.777     0     0 I         : this change will not take effect until the stream is stopped and restarted
01-08 01:42:02.777     0     0 I syncboss_spi spi1.0: transaction period changed while streaming.
01-08 01:42:02.777     0     0 I         : this change will not take effect until the stream is stopped and restarted
01-08 01:42:02.777     0     0 I syncboss_spi spi1.0: transaction length changed while streaming.
01-08 01:42:02.777     0     0 I         : this change will not take effect until the stream is stopped and restarted
01-08 01:42:02.777     0     0 I syncboss_spi spi1.0: minimum time between transactions changed while streaming.
01-08 01:42:02.777     0     0 I         : This change will not take effect until the stream is stopped and restarted
01-08 01:42:02.781     0     0 I init    : Control message: Processed ctl.interface_start for 'vendor.oculus.hardware.sensors@1.0::ICameraProvider/default' from pid: 573 (/system/bin/hwservicemanager)
01-08 01:42:02.783     0     0 I ueventd : firmware: loading 'PROX_PS_CAL_VERSION' for '/devices/platform/soc/894000.spi/spi_master/spi1/spi1.0/firmware/PROX_PS_CAL_VERSION'
01-08 01:42:02.783     0     0 I ueventd : loading /devices/platform/soc/894000.spi/spi_master/spi1/spi1.0/firmware/PROX_PS_CAL_VERSION took 1ms
01-08 01:42:02.784     0     0 I binder  : 875:875 ioctl 40046210 7fc0732344 returned -22
01-08 01:42:02.786     0     0 I binder  : 920:920 ioctl 40046210 7fe9c03654 returned -22
01-08 01:42:02.787     0     0 I init    : starting service 'adbd'...
01-08 01:42:02.787     0     0 I init    : Created socket '/dev/socket/adbd', mode 660, user 1000, group 1000
11-29 14:06:06.504   955   955 I VrSensors-HidlWrapper: Supressing HIDL transport crash dumps for current process: true
11-29 14:06:06.504   955   955 D CameraMuxModeMonitor: trackingfidelit: Connecting to 'cameramuxmodeservice'
01-08 01:42:02.789     0     0 I init    : Control message: Processed ctl.start for 'adbd' from pid: 964 (/system/bin/usbd)
01-08 01:42:02.790     0     0 I init    : processing action (init.svc.adbd=running) from (/system/etc/init/oculus.perfetto.rc:2)
01-08 01:42:02.791     0     0 I binder  : 955:955 ioctl 40046210 7fcad90304 returned -22
01-08 01:42:02.791     0     0 I binder  : 966:966 ioctl 40046210 7fd2917834 returned -22
01-08 01:42:02.791     0     0 I binder  : 945:945 ioctl 40046210 7fe1defe54 returned -22
11-29 14:06:06.505   945   945 V CameraMuxModeService: Parsing json data: {
11-29 14:06:06.505   945   945 V CameraMuxModeService:   "HandTracking": {
11-29 14:06:06.505   945   945 V CameraMuxModeService:     "consumerToFrameTypesMap": {
11-29 14:06:06.505   945   945 V CameraMuxModeService:       "HandTrackingEngine": [
11-29 14:06:06.505   945   945 V CameraMuxModeService:         "HAND"
11-29 14:06:06.505   945   945 V CameraMuxModeService:       ],
11-29 14:06:06.505   945   945 V CameraMuxModeService:       "InsideOutTrackingEngine": [
11-29 14:06:06.505   945   945 V CameraMuxModeService:         "HEADSET"
11-29 14:06:06.505   945   945 V CameraMuxModeService:       ],
11-29 14:06:06.505   945   945 V CameraMuxModeService:       "ObjectTrackingEngine": [
11-29 14:06:06.505   945   945 V CameraMuxModeService:         "HAND",
11-29 14:06:06.505   945   945 V CameraMuxModeService:         "HEADSET"
11-29 14:06:06.505   945   945 V CameraMuxModeService:       ],
11-29 14:06:06.505   945   945 V CameraMuxModeService:       "MrSystemService": [
11-29 14:06:06.505   945   945 V CameraMuxModeService:         "HEADSET"
11-29 14:06:06.505   945   945 V CameraMuxModeService:       ]
11-29 14:06:06.505   945   945 V CameraMuxModeService:     },
11-29 14:06:06.505   945   945 V CameraMuxModeService:     "frameConfiguration": [
11-29 14:06:06.505   945   945 V CameraMuxModeService:       "HEADSET",
11-29 14:06:06.505   945   945 V CameraMuxModeService:       "HAND"
11-29 14:06:06.505   945   945 V CameraMuxModeService:     ],
11-29 14:06:06.505   945   945 V CameraMuxModeService:     "frameTypeToExposureAlgorithmMap": {
11-29 14:06:06.505   945   945 V CameraMuxModeService:       "HAND": "HandTracking",
11-29 14:06:06.505   945   945 V CameraMuxModeService:       "HEADSET": "InsideOutTracking"
11-29 14:06:06.505   945   945 V CameraMuxModeService:     }
11-29 14:06:06.505   945   945 V CameraMuxModeService:   },
11-29 14:06:06.505   945   945 V CameraMuxModeService:   "HandTrackingUseIOT": {
11-29 14:06:06.505   945   945 V CameraMuxModeService:     "consumerToFrameTypesMap": {
11-29 14:06:06.505   945   945 V CameraMuxModeService:       "HandTrackingEngine": [
11-29 14:06:06.505   945   945 V CameraMuxModeService:         "HAND",
11-29 14:06:06.505   945   945 V CameraMuxModeService:         "HEADSET"
11-29 14:06:06.505   945   945 V CameraMuxModeService:       ],
11-29 14:06:06.505   945   945 V CameraMuxModeService:       "InsideOutTrackingEngine": [
11-29 14:06:06.505   945   945 V CameraMuxModeService:         "HEADSET"
11-29 14:06:06.505   945   945 V CameraMuxModeService:       ],
11-29 14:06:06.505   945   945 V CameraMuxModeService:       "ObjectTrackingEngine": [
11-29 14:06:06.505   945   945 V CameraMuxModeService:         "HAND",
11-29 14:06:06.505   945   945 V CameraMuxModeService:         "HEADSET"
11-29 14:06:06.505   945   945 V CameraMuxModeService:       ],
11-29 14:06:06.505   945   945 V CameraMuxModeService:       "MrSystemService": [
11-29 14:06:06.505   945   945 V CameraMuxModeService:         "HEADSET"
11-29 14:06:06.505   945   945 V CameraMuxModeService:       ]
11-29 14:06:06.505   945   945 V CameraMuxModeService:     },
11-29 14:06:06.505   945   945 V CameraMuxModeService:     "frameConfiguration": [
11-29 14:06:06.505   945   945 V CameraMuxModeService:       "HEADSET",
11-29 14:06:06.505   945   945 V CameraMuxModeService:       "HAND"
11-29 14:06:06.505   945   945 V CameraMuxModeService:     ],
11-29 14:06:06.505   945   945 V CameraMuxModeService:     "frameTypeToExposureAlgorithmMap": {
11-29 14:06:06.505   945   945 V CameraMuxModeService:       "HAND": "HandTracking",
11-29 14:06:06.505   945   945 V CameraMuxModeService:       "HEADSET": "InsideOutTracking"
11-29 14:06:06.505   945   945 V CameraMuxModeService:     }
11-29 14:06:06.505   945   945 V CameraMuxModeService:   },
11-29 14:06:06.505   945   945 V CameraMuxModeService:  
01-08 01:42:02.798     0     0 I binder  : 969:969 ioctl 40046210 7fcc6236f4 returned -22
01-08 01:42:02.798     0     0 I init    : Control message: Processed ctl.interface_start for 'vendor.oculus.hardware.sensors@1.0::ICameraProvider/default' from pid: 573 (/system/bin/hwservicemanager)
01-08 01:42:02.799     0     0 I init    : processing action (debug.atrace.user_initiated= && persist.traced.enable=1) from (/system/etc/init/perfetto.rc:47)
01-08 01:42:02.799     0     0 I init    : starting service 'xrspd'...
01-08 01:42:02.800     0     0 I ueventd : firmware: loading 'PROX_PS_CANC' for '/devices/platform/soc/894000.spi/spi_master/spi1/spi1.0/firmware/PROX_PS_CANC'
01-08 01:42:02.801     0     0 I ueventd : loading /devices/platform/soc/894000.spi/spi_master/spi1/spi1.0/firmware/PROX_PS_CANC took 0ms
01-08 01:42:02.805     0     0 I init    : Control message: Processed ctl.start for 'xrspd' from pid: 964 (/system/bin/usbd)
01-08 01:42:02.805     0     0 I init    : processing action (persist.traced.enable=1) from (/system/etc/init/perfetto.rc:50)
01-08 01:42:02.805     0     0 I init    : Control message: Processed ctl.interface_start for 'vendor.oculus.hardware.sensors@1.0::ICameraProvider/default' from pid: 573 (/system/bin/hwservicemanager)
01-08 01:42:02.806     0     0 I init    : Service 'usbd' (pid 964) exited with status 0 oneshot service took 0.066000 seconds in background
01-08 01:42:02.806     0     0 I init    : Sending signal 9 to service 'usbd' (pid 964) process group...
01-08 01:42:02.806     0     0 I libprocessgroup: Successfully killed process cgroup uid 0 pid 964 in 0ms
01-08 01:42:02.806     0     0 I ueventd : firmware: loading 'PROX_PS_THDL' for '/devices/platform/soc/894000.spi/spi_master/spi1/spi1.0/firmware/PROX_PS_THDL'
01-08 01:42:02.807     0     0 I binder  : 952:952 ioctl 40046210 7fd3bb0d34 returned -22
01-08 01:42:02.810     0     0 I ueventd : loading /devices/platform/soc/894000.spi/spi_master/spi1/spi1.0/firmware/PROX_PS_THDL took 4ms
01-08 01:42:02.811     0     0 I ueventd : firmware: loading 'PROX_PS_THDH' for '/devices/platform/soc/894000.spi/spi_master/spi1/spi1.0/firmware/PROX_PS_THDH'
01-08 01:42:02.813     0     0 I syncboss_spi spi1.0: prox cal read: canc: 9, thdl: 38, thdh: 55
01-08 01:42:02.813     0     0 I syncboss_spi spi1.0: syncboss opened by vendor.oculus.h (800), client 5
01-08 01:42:02.813     0     0 I syncboss_spi spi1.0: stream fifo opened by vendor.oculus.h (800)
01-08 01:42:02.813     0     0 I syncboss_spi spi1.0: control opened vendor.oculus.h (800)
11-29 14:06:06.527   800   800 I SyncBossHAL: [info   ] syncboss_hal_impl_android_driver.c(1005): Kernel driver supports sequence number ioctl interface
11-29 14:06:06.527   800   800 I SyncBossHAL: [info   ] (0): Successfully loaded telemetry library (v11.0)
01-08 01:42:02.814     0     0 I init    : Service 'wifitelemetry' (pid 969) exited with status 0
01-08 01:42:02.814     0     0 I init    : Sending signal 9 to service 'wifitelemetry' (pid 969) process group...
01-08 01:42:02.814     0     0 I libprocessgroup: Successfully killed process cgroup uid 1000 pid 969 in 0ms
01-08 01:42:02.815     0     0 I init    : Control message: Processed ctl.interface_start for 'vendor.oculus.hardware.sensors@1.0::ICameraProvider/default' from pid: 573 (/system/bin/hwservicemanager)
01-08 01:42:02.815     0     0 I ueventd : loading /devices/platform/soc/894000.spi/spi_master/spi1/spi1.0/firmware/PROX_PS_THDH took 4ms
01-08 01:42:02.819     0     0 I binder  : 900:900 ioctl 40046210 7fd3a6c124 returned -22
01-08 01:42:02.822     0     0 I binder  : 963:963 ioctl 40046210 7fd9479364 returned -22
01-08 01:42:02.823     0     0 I binder  : 963:963 ioctl 40046210 7fd9478f64 returned -22
11-29 14:06:06.538   800   800 I SyncBossHAL: [info   ] syncboss_hal_impl_internal.c(47): Got firmware version. Syncboss is ready. Try=1 elapsed_ms=3
11-29 14:06:06.542   800   800 I SyncBossHAL: [info   ] syncboss_hal_impl_common.c(338): Detected firmware version: v2.38.0. Built Aug 29 2023 11:51:05 by twsvcscm@twshared48788.0 with cc 8. Git SHA f7a1cceeb02b
11-29 14:06:06.542   800   800 I SensorService: SyncbossHandleWrapper: Initialized syncboss
01-08 01:42:02.828     0     0 I syncboss_spi spi1.0: signaling powerstate_last_evt (21)
01-08 01:42:02.837     0     0 I binder  : 943:943 ioctl 40046210 7ffd86bc74 returned -22
01-08 01:42:02.839     0     0 I ueventd : firmware: loading 'PROX_PS_CAL_VERSION' for '/devices/platform/soc/894000.spi/spi_master/spi1/spi1.0/firmware/PROX_PS_CAL_VERSION'
01-08 01:42:02.843     0     0 I ueventd : loading /devices/platform/soc/894000.spi/spi_master/spi1/spi1.0/firmware/PROX_PS_CAL_VERSION took 3ms
01-08 01:42:02.843     0     0 I ueventd : firmware: loading 'PROX_PS_CANC' for '/devices/platform/soc/894000.spi/spi_master/spi1/spi1.0/firmware/PROX_PS_CANC'
01-08 01:42:02.846     0     0 I ueventd : firmware: loading 'PROX_PS_THDL' for '/devices/platform/soc/894000.spi/spi_master/spi1/spi1.0/firmware/PROX_PS_THDL'
01-08 01:42:02.847     0     0 I ueventd : loading /devices/platform/soc/894000.spi/spi_master/spi1/spi1.0/firmware/PROX_PS_CANC took 3ms
01-08 01:42:02.848     0     0 I         : read descriptors
01-08 01:42:02.848     0     0 I         : read strings
01-08 01:42:02.851     0     0 I ueventd : firmware: loading 'PROX_PS_THDH' for '/devices/platform/soc/894000.spi/spi_master/spi1/spi1.0/firmware/PROX_PS_THDH'
11-29 14:06:06.565   800   800 I SyncBossHAL: [info   ] syncboss_hal_powerstate.c(52): Reporting powerstate event: PIN_RESET
11-29 14:06:06.565   800   800 D SensorService: Initializing Powerstate with event PIN_RESET
01-08 01:42:02.851     0     0 I syncboss_spi spi1.0: prox cal read: canc: 9, thdl: 38, thdh: 55
01-08 01:42:02.851     0     0 I syncboss_spi spi1.0: pushing prox cal to device and enabling prox wakeup
01-08 01:42:02.851     0     0 I syncboss_spi spi1.0: powerstate opened by vendor.oculus.h (800)
11-29 14:06:06.566   800   800 W SensorService: Could not load config file (/vendor/etc/sensorservice.cfg): File could not be opened for reading
01-08 01:42:02.851     0     0 I syncboss_spi spi1.0: syncboss closed by fw_init (631), client 3
01-08 01:42:02.852     0     0 I binder  : 631:631 ioctl 40046210 7fd9eee754 returned -22
01-08 01:42:02.853     0     0 I ueventd : loading /devices/platform/soc/894000.spi/spi_master/spi1/spi1.0/firmware/PROX_PS_THDH took 2ms
01-08 01:42:02.855     0     0 I ueventd : loading /devices/platform/soc/894000.spi/spi_master/spi1/spi1.0/firmware/PROX_PS_THDL took 9ms
01-08 01:42:02.862     0     0 I fw_init : child exited without error
01-08 01:42:02.863     0     0 I init    : processing action (vendor.syncbosshal.fw_update_complete=true) from (/vendor/etc/init/hw/init.kona.rc:339)
01-08 01:42:02.864     0     0 I init    : Service 'fw_init' (pid 608) exited with status 0 oneshot service took 1.175000 seconds in background
01-08 01:42:02.864     0     0 I init    : Sending signal 9 to service 'fw_init' (pid 608) process group...
