01-08 01:42:02.864     0     0 I libprocessgroup: Successfully killed process cgroup uid 1000 pid 608 in 0ms
01-08 01:42:02.864     0     0 E init    : Control message: Could not find 'android.hardware.media.c2@1.0::IComponentStore/default' for ctl.interface_start from pid: 573 (/system/bin/hwservicemanager)
01-08 01:42:02.865     0     0 E init    : Control message: Could not find 'android.hardware.media.c2@1.0::IComponentStore/default' for ctl.interface_start from pid: 573 (/system/bin/hwservicemanager)
01-08 01:42:02.891     0     0 I binder  : 966:966 ioctl 40046210 7fd2918134 returned -22
01-08 01:42:02.895     0     0 I binder  : 921:1038 ioctl 40046210 7acb3368a4 returned -22
01-08 01:42:02.898     0     0 I binder  : 875:1000 ioctl 40046210 775d8ff214 returned -22
01-08 01:42:02.913     0     0 I         : read descriptors
01-08 01:42:02.913     0     0 I         : read strings
01-08 01:42:02.926     0     0 I binder  : 1001:1041 ioctl 40046210 772fbfa874 returned -22
01-08 01:42:02.939     0     0 W kgsl-3d 3d00000.qcom,kgsl-3d0: Falling back to syfs fallback for: a650_sqe.fw
01-08 01:42:02.945     0     0 I binder  : 953:1046 ioctl 40046210 7aae441824 returned -22
01-08 01:42:02.945     0     0 I ueventd : firmware: loading 'a650_sqe.fw' for '/devices/platform/soc/3d00000.qcom,kgsl-3d0/firmware/a650_sqe.fw'
01-08 01:42:02.947     0     0 I ueventd : loading /devices/platform/soc/3d00000.qcom,kgsl-3d0/firmware/a650_sqe.fw took 1ms
01-08 01:42:02.947     0     0 W kgsl-3d0: Falling back to syfs fallback for: a650_gmu.bin
01-08 01:42:02.955     0     0 I ueventd : firmware: loading 'a650_gmu.bin' for '/devices/platform/soc/3d00000.qcom,kgsl-3d0/kgsl/kgsl-3d0/a650_gmu.bin'
01-08 01:42:02.957     0     0 I ueventd : loading /devices/platform/soc/3d00000.qcom,kgsl-3d0/kgsl/kgsl-3d0/a650_gmu.bin took 2ms
11-29 14:06:06.677   800   800 D SensorService: ActiveSlots: Flushing currently staged mux mode 0 to all cameras
11-29 14:06:06.677   800   800 I DiceCameraSystem: Starting
01-08 01:42:02.979     0     0 I android_work: did not send uevent (0 0 0000000000000000)
11-29 14:06:06.696   800   800 I CameraStream: [HEADSET] creating ICameraStream type.
11-29 14:06:06.696   800   800 I CameraStream: [CONTROLLER] creating ICameraStream type.
11-29 14:06:06.697   800   800 I CameraStream: [HAND] creating ICameraStream type.
01-08 01:42:02.984     0     0 I         : powerstate_mgr_open succeeded, refcount=1. (pid 800)
01-08 01:42:02.986     0     0 I binder  : 918:1057 ioctl 40046210 7e5dfa38e4 returned -22
01-08 01:42:02.986     0     0 I binder  : 965:1059 ioctl 40046210 7ad28628e4 returned -22
01-08 01:42:02.994     0     0 I cm710x 1-002c: Enable CM710X MCLK success
01-08 01:42:02.994     0     0 W cm710x 1-002c: Falling back to syfs fallback for: CM710X.bin
01-08 01:42:02.995     0     0 I ueventd : firmware: loading 'CM710X.bin' for '/devices/platform/soc/a80000.i2c/i2c-1/1-002c/firmware/CM710X.bin'
01-08 01:42:02.996     0     0 I ueventd : loading /devices/platform/soc/a80000.i2c/i2c-1/1-002c/firmware/CM710X.bin took 1ms
11-29 14:06:06.711   800   800 D SensorService: SyncbossEventHandler: Enabling sensor EXTERNAL_TIMING
11-29 14:06:06.711   800   800 D SensorService: SyncbossEventHandler: Active sensors: synthetic[EXTERNAL_TIMING] non-synth[]
01-08 01:42:02.997     0     0 I         : powerstate_mgr_release succeeded, refcount=0. (pid 800)
01-08 01:42:03.001     0     0 I binder  : 945:945 ioctl 40046210 7fe1df00d4 returned -22
11-29 14:06:06.718   800   800 I SensorService: Oculus SyncBoss sensor HAL ready.
01-08 01:42:03.003     0     0 D cnss    : Sending respond memory message, state: 0x9
01-08 01:42:03.003     0     0 D cnss    : Memory for FW, va: 0x0000000000000000, pa: 0x00000000a1000000, size: 0x5e0000, type: 1
01-08 01:42:03.003     0     0 D cnss    : Memory for FW, va: 0x0000000000000000, pa: 0x00000000a1600000, size: 0xd8000, type: 4
01-08 01:42:03.004     0     0 I binder  : 944:944 ioctl 40046210 7fcc3dfd64 returned -22
01-08 01:42:03.010     0     0 D cnss    : PM relax, state: 0x9, count: 0
01-08 01:42:03.011     0     0 D cnss    : Received QMI WLFW FW memory ready indication
01-08 01:42:03.011     0     0 D cnss    : Posting event: FW_MEM_READY(3), state: 0x9 flags: 0x0
01-08 01:42:03.011     0     0 D cnss    : PM stay awake, state: 0x9, count: 1
01-08 01:42:03.011     0     0 D cnss    : PM relax, state: 0x9, count: 0
01-08 01:42:03.011     0     0 D cnss    : PM stay awake, state: 0x9, count: 1
01-08 01:42:03.011     0     0 D cnss    : Processing driver event: FW_MEM_READY(3), state: 0x9
01-08 01:42:03.011     0     0 D cnss    : Sending target capability message, state: 0xb
01-08 01:42:03.016     0     0 I binder  : 915:1072 ioctl 40046210 74d8dfb8e4 returned -22
01-08 01:42:03.020     0     0 W subsys-pil-tz aab0000.qcom,venus: Falling back to syfs fallback for: venus.b02
01-08 01:42:03.020     0     0 W subsys-pil-tz aab0000.qcom,venus: Falling back to syfs fallback for: venus.b03
01-08 01:42:03.021     0     0 W subsys-pil-tz aab0000.qcom,venus: Falling back to syfs fallback for: venus.b05
01-08 01:42:03.021     0     0 W subsys-pil-tz aab0000.qcom,venus: Falling back to syfs fallback for: venus.b04
01-08 01:42:03.021     0     0 W subsys-pil-tz aab0000.qcom,venus: Falling back to syfs fallback for: venus.b06
01-08 01:42:03.021     0     0 W subsys-pil-tz aab0000.qcom,venus: Falling back to syfs fallback for: venus.b07
01-08 01:42:03.021     0     0 W subsys-pil-tz aab0000.qcom,venus: Falling back to syfs fallback for: venus.b08
01-08 01:42:03.022     0     0 D cnss    : Voltage for CPR: 948mV
01-08 01:42:03.022     0     0 D cnss    : CPR is not enabled
01-08 01:42:03.022     0     0 D cnss    : Device frequency is 24000000 HZ
01-08 01:42:03.022     0     0 D cnss    : Target capability: chip_id: 0x0, chip_family: 0xb, board_id: 0xff, soc_id: 0xffffffff, fw_version: 0x101c077b, fw_build_timestamp: 2023-05-24 16:18, fw_build_id: QC_IMAGE_VERSION_STRING=WLAN.HST.1.0.1.r1-01915-QCAHSTSWPL_SILICONZ-1, otp_version: 0x0
01-08 01:42:03.022     0     0 D cnss    : Sending BDF download message, state: 0xb, type: 4
01-08 01:42:03.022     0     0 D cnss    : FW name added with prefix: qca6390/regdb.bin
01-08 01:42:03.022     0     0 W cnss2 b0000000.qcom,cnss-qca6390: Falling back to syfs fallback for: qca6390/regdb.bin
01-08 01:42:03.022     0     0 W subsys-pil-tz aab0000.qcom,venus: Falling back to syfs fallback for: venus.b09
01-08 01:42:03.022     0     0 W subsys-pil-tz aab0000.qcom,venus: Falling back to syfs fallback for: venus.b10
01-08 01:42:03.022     0     0 W subsys-pil-tz aab0000.qcom,venus: Falling back to syfs fallback for: venus.b19
01-08 01:42:03.023     0     0 I ueventd : firmware: loading 'venus.b03' for '/devices/platform/soc/aab0000.qcom,venus/firmware/venus.b03'
01-08 01:42:03.024     0     0 I ueventd : firmware: loading 'venus.b05' for '/devices/platform/soc/aab0000.qcom,venus/firmware/venus.b05'
01-08 01:42:03.025     0     0 I ueventd : loading /devices/platform/soc/aab0000.qcom,venus/firmware/venus.b03 took 1ms
01-08 01:42:03.025     0     0 I ueventd : firmware: loading 'venus.b04' for '/devices/platform/soc/aab0000.qcom,venus/firmware/venus.b04'
01-08 01:42:03.025     0     0 I ueventd : loading /devices/platform/soc/aab0000.qcom,venus/firmware/venus.b04 took 0ms
01-08 01:42:03.027     0     0 I ueventd : loading /devices/platform/soc/aab0000.qcom,venus/firmware/venus.b05 took 3ms
01-08 01:42:03.027     0     0 I ueventd : firmware: loading 'venus.b07' for '/devices/platform/soc/aab0000.qcom,venus/firmware/venus.b07'
01-08 01:42:03.028     0     0 W subsys-pil-tz soc: qcom,kgsl-hyp: Falling back to syfs fallback for: a650_zap.mdt
01-08 01:42:03.028     0     0 I ueventd : firmware: loading 'qca6390/regdb.bin' for '/devices/platform/soc/b0000000.qcom,cnss-qca6390/firmware/qca6390!regdb.bin'
01-08 01:42:03.028     0     0 I ueventd : firmware: loading 'venus.b08' for '/devices/platform/soc/aab0000.qcom,venus/firmware/venus.b08'
01-08 01:42:03.029     0     0 I ueventd : firmware: loading 'venus.b09' for '/devices/platform/soc/aab0000.qcom,venus/firmware/venus.b09'
01-08 01:42:03.029     0     0 I ueventd : firmware: loading 'venus.b06' for '/devices/platform/soc/aab0000.qcom,venus/firmware/venus.b06'
01-08 01:42:03.029     0     0 I ueventd : loading /devices/platform/soc/aab0000.qcom,venus/firmware/venus.b07 took 2ms
01-08 01:42:03.030     0     0 I ueventd : firmware: loading 'venus.b10' for '/devices/platform/soc/aab0000.qcom,venus/firmware/venus.b10'
01-08 01:42:03.030     0     0 I ueventd : loading /devices/platform/soc/aab0000.qcom,venus/firmware/venus.b06 took 0ms
01-08 01:42:03.030     0     0 I ueventd : firmware: loading 'venus.b02' for '/devices/platform/soc/aab0000.qcom,venus/firmware/venus.b02'
01-08 01:42:03.030     0     0 I ueventd : loading /devices/platform/soc/aab0000.qcom,venus/firmware/venus.b08 took 2ms
01-08 01:42:03.031     0     0 I ueventd : loading /devices/platform/soc/b0000000.qcom,cnss-qca6390/firmware/qca6390!regdb.bin took 2ms
01-08 01:42:03.031     0     0 D cnss    : Downloading BDF: qca6390/regdb.bin, size: 19348
01-08 01:42:03.032     0     0 I ueventd : loading /devices/platform/soc/aab0000.qcom,venus/firmware/venus.b09 took 2ms
01-08 01:42:03.032     0     0 I ueventd : loading /devices/platform/soc/aab0000.qcom,venus/firmware/venus.b02 took 2ms
01-08 01:42:03.033     0     0 I ueventd : loading /devices/platform/soc/aab0000.qcom,venus/firmware/venus.b10 took 3ms
01-08 01:42:03.034     0     0 I ueventd : firmware: loading 'venus.b19' for '/devices/platform/soc/aab0000.qcom,venus/firmware/venus.b19'
01-08 01:42:03.034     0     0 I cm710x 1-002c: stardsp = 0x03ff
01-08 01:42:03.034     0     0 I cm710x 1-002c: SPI Load Block 0 Addr 0x50000000 Len = 15968
01-08 01:42:03.034     0     0 I cm710x 1-002c: SPI Write chunk Addr 0x50000000 Len = 15968
01-08 01:42:03.034     0     0 I spi_geni 988000.spi: tx_fifo 16 rx_fifo 16 tx_width 32
01-08 01:42:03.036     0     0 I ueventd : loading /devices/platform/soc/aab0000.qcom,venus/firmware/venus.b19 took 2ms
01-08 01:42:03.038     0     0 I ueventd : firmware: loading 'a650_zap.mdt' for '/devices/platform/soc/soc:qcom,kgsl-hyp/firmware/a650_zap.mdt'
01-08 01:42:03.039     0     0 I ueventd : loading /devices/platform/soc/soc:qcom,kgsl-hyp/firmware/a650_zap.mdt took 1ms
01-08 01:42:03.043     0     0 I alloc_contig_range: [fdd00, fde00) PFNs busy
01-08 01:42:03.045     0     0 D cnss    : Sending BDF download message, state: 0xb, type: 1
01-08 01:42:03.045     0     0 D cnss    : FW name added with prefix: qca6390/bdwlan.elf
01-08 01:42:03.045     0     0 W cnss2 b0000000.qcom,cnss-qca6390: Falling back to syfs fallback for: qca6390/bdwlan.elf
01-08 01:42:03.046     0     0 I subsys-pil-tz aab0000.qcom,venus: venus: Brought out of reset
01-08 01:42:03.047     0     0 I ueventd : firmware: loading 'qca6390/bdwlan.elf' for '/devices/platform/soc/b0000000.qcom,cnss-qca6390/firmware/qca6390!bdwlan.elf'
01-08 01:42:03.047     0     0 I subsys-pil-tz soc: qcom,kgsl-hyp: a650_zap: loading from 0x00000000fde00000 to 0x00000000fde01000
01-08 01:42:03.048     0     0 I ueventd : loading /devices/platform/soc/b0000000.qcom,cnss-qca6390/firmware/qca6390!bdwlan.elf took 1ms
01-08 01:42:03.048     0     0 D cnss    : Downloading BDF: qca6390/bdwlan.elf, size: 57868
11-29 14:06:06.768   962   962 I VrSensors-HidlWrapper: Supressing HIDL transport crash dumps for current process: true
01-08 01:42:03.051     0     0 I cm710x 1-002c: SPI Load Block 1 Addr 0x5ffc0000 Len = 56
01-08 01:42:03.051     0     0 I cm710x 1-002c: SPI Write chunk Addr 0x5ffc0000 Len = 56
01-08 01:42:03.051     0     0 I cm710x 1-002c: SPI Load Block 2 Addr 0x5ffe0000 Len = 76636
01-08 01:42:03.051     0     0 I cm710x 1-002c: SPI Write chunk Addr 0x5ffe0000 Len = 16384
01-08 01:42:03.054     0     0 I binder  : 962:962 ioctl 40046210 7feb9a3754 returned -22
01-08 01:42:03.054     0     0 I binder  : 962:962 ioctl 40046210 7feb9a3734 returned -22
11-29 14:06:06.769   962   962 D TrackingService: max consecutive transition retries: 10
11-29 14:06:06.769   962   962 D TrackingService: max consecutive slow transition retries: 25
11-29 14:06:06.769   962   962 D CameraMuxModeMonitor: trackingservice: Connecting to 'cameramuxmodeservice'
11-29 14:06:06.770   962   962 D CameraMuxModeMonitor: trackingservice: Connected to 'cameramuxmodeservice'
01-08 01:42:03.057     0     0 I msm_vidc: err : 00000001: ....d: Failed to create debugfs for msm_vidc
01-08 01:42:03.060     0     0 I msm_vidc: high: 00000001: h264d: Closed video instance: 0000000000000000
01-08 01:42:03.061     0     0 I msm_vidc: high: 00000001: ....d: Opening video instance: 0000000000000000, 1
01-08 01:42:03.061     0     0 I msm_vidc: err : 00000001: ....d: Failed to create debugfs for msm_vidc
01-08 01:42:03.064     0     0 W subsys-pil-tz soc: qcom,kgsl-hyp: Falling back to syfs fallback for: a650_zap.b02
01-08 01:42:03.064     0     0 I msm_vidc: high: 00000001: h264d: Closed video instance: 0000000000000000
01-08 01:42:03.065     0     0 I ueventd : firmware: loading 'a650_zap.b02' for '/devices/platform/soc/soc:qcom,kgsl-hyp/firmware/a650_zap.b02'
01-08 01:42:03.066     0     0 I msm_vidc: high: 00000001: ....d: Opening video instance: 0000000000000000, 1
01-08 01:42:03.066     0     0 I ueventd : loading /devices/platform/soc/soc:qcom,kgsl-hyp/firmware/a650_zap.b02 took 1ms
01-08 01:42:03.066     0     0 I msm_vidc: err : 00000001: ....d: Failed to create debugfs for msm_vidc
01-08 01:42:03.067     0     0 I subsys-pil-tz soc: qcom,kgsl-hyp: a650_zap: Brought out of reset
01-08 01:42:03.068     0     0 I cm710x 1-002c: SPI Write chunk Addr 0x5ffe4000 Len = 16384
01-08 01:42:03.069     0     0 I binder  : 904:904 ioctl 40046210 fff47220 returned -22
01-08 01:42:03.070     0     0 I msm_vidc: high: 00000001: h265d: Closed video instance: 0000000000000000
01-08 01:42:03.070     0     0 I binder  : 904:904 ioctl 40046210 fff47210 returned -22
01-08 01:42:03.071     0     0 I msm_vidc: high: 00000001: ....d: Opening video instance: 0000000000000000, 1
01-08 01:42:03.071     0     0 I msm_vidc: err : 00000001: ....d: Failed to create debugfs for msm_vidc
01-08 01:42:03.074     0     0 I msm_vidc: high: 00000001: h265d: Closed video instance: 0000000000000000
01-08 01:42:03.074     0     0 I binder  : 949:1114 ioctl 40046210 78ba061564 returned -22
01-08 01:42:03.075     0     0 I msm_vidc: high: 00000001: ....d: Opening video instance: 0000000000000000, 1
01-08 01:42:03.075     0     0 I msm_vidc: err : 00000001: ....d: Failed to create debugfs for msm_vidc
01-08 01:42:03.076     0     0 D cnss    : FW name added with prefix: qca6390/m3.bin
01-08 01:42:03.076     0     0 W cnss_pci 0000: 01:00.0: Falling back to syfs fallback for: qca6390/m3.bin
01-08 01:42:03.077     0     0 I msm_vidc: high: 00000001:  vp8d: Closed video instance: 0000000000000000
01-08 01:42:03.078     0     0 I msm_vidc: high: 00000001: ....d: Opening video instance: 0000000000000000, 1
01-08 01:42:03.078     0     0 I msm_vidc: err : 00000001: ....d: Failed to create debugfs for msm_vidc
01-08 01:42:03.078     0     0 I ueventd : firmware: loading 'qca6390/m3.bin' for '/devices/platform/soc/1c00000.qcom,pcie/pci0000:00/0000:00:00.0/0000:01:00.0/firmware/qca6390!m3.bin'
11-29 14:06:06.793   949   949 I VrSensors-HidlWrapper: Supressing HIDL transport crash dumps for current process: true
01-08 01:42:03.079     0     0 D cnss    : Sending M3 information message, state: 0xb
01-08 01:42:03.079     0     0 D cnss    : M3 memory, va: 0x0000000000000000, pa: 0x00000000a1880000, size: 0x411bc
01-08 01:42:03.079     0     0 I ueventd : loading /devices/platform/soc/1c00000.qcom,pcie/pci0000:00/0000:00:00.0/0000:01:00.0/firmware/qca6390!m3.bin took 1ms
01-08 01:42:03.079     0     0 I msm_vidc: high: 00000001:  vp9d: Closed video instance: 0000000000000000
01-08 01:42:03.080     0     0 I msm_vidc: high: 00000001: ....d: Opening video instance: 0000000000000000, 1
01-08 01:42:03.080     0     0 I msm_vidc: err : 00000001: ....d: Failed to create debugfs for msm_vidc
01-08 01:42:03.082     0     0 I msm_vidc: high: 00000001:  vp9d: Closed video instance: 0000000000000000
01-08 01:42:03.083     0     0 I msm_vidc: high: 00000001: ....d: Opening video instance: 0000000000000000, 1
01-08 01:42:03.083     0     0 I msm_vidc: err : 00000001: ....d: Failed to create debugfs for msm_vidc
01-08 01:42:03.085     0     0 I msm_vidc: high: 00000001: mpg2d: Closed video instance: 0000000000000000
01-08 01:42:03.086     0     0 D cnss    : PM relax, state: 0xb, count: 0
01-08 01:42:03.086     0     0 D cnss    : Received QMI WLFW FW initialization done indication
01-08 01:42:03.086     0     0 D cnss    : Posting event: FW_READY(4), state: 0xb flags: 0x0
01-08 01:42:03.086     0     0 D cnss    : PM stay awake, state: 0xb, count: 1
01-08 01:42:03.086     0     0 D cnss    : PM relax, state: 0xb, count: 0
01-08 01:42:03.086     0     0 D cnss    : PM stay awake, state: 0xb, count: 1
01-08 01:42:03.086     0     0 D cnss    : Processing driver event: FW_READY(4), state: 0xb
01-08 01:42:03.086     0     0 D cnss    : PCIE Gen speed not setup
01-08 01:42:03.086     0     0 D cnss    : Sending antenna switch sync request, state: 0xf
01-08 01:42:03.086     0     0 I cm710x 1-002c: SPI Write chunk Addr 0x5ffe8000 Len = 16384
01-08 01:42:03.087     0     0 I msm_vidc: high: 00000001: ....d: Opening video instance: 0000000000000000, 1
01-08 01:42:03.087     0     0 I msm_vidc: err : 00000001: ....d: Failed to create debugfs for msm_vidc
01-08 01:42:03.088     0     0 E cnss    : Antenna switch request failed, result: 1, err: 94
01-08 01:42:03.088     0     0 D cnss    : Sending mode message, mode: CALIBRATION(7), state: 0xf
01-08 01:42:03.089     0     0 I msm_vidc: high: 00000001: mpg2d: Closed video instance: 0000000000000000
01-08 01:42:03.089     0     0 I binder  : 905:1126 ioctl 40046210 e96fbfd0 returned -22
01-08 01:42:03.091     0     0 I msm_vidc: high: 00000001: ....e: Opening video instance: 0000000000000000, 0
01-08 01:42:03.091     0     0 I msm_vidc: err : 00000001: ....e: Failed to create debugfs for msm_vidc
11-29 14:06:06.806   955   955 D CameraMuxModeMonitor: trackingfidelit: Connected to 'cameramuxmodeservice'
01-08 01:42:03.092     0     0 I msm_vidc: high: 00000001: h264e: Closed video instance: 0000000000000000
01-08 01:42:03.092     0     0 I msm-dwc3 a600000.ssusb: Avail curr from USB = 2
01-08 01:42:03.093     0     0 I msm_vidc: high: 00000001: ....e: Opening video instance: 0000000000000000, 0
01-08 01:42:03.094     0     0 I msm_vidc: err : 00000001: ....e: Failed to create debugfs for msm_vidc
01-08 01:42:03.095     0     0 I msm_vidc: high: 00000001: h265e: Closed video instance: 0000000000000000
01-08 01:42:03.096     0     0 I msm_vidc: high: 00000001: ....e: Opening video instance: 0000000000000000, 0
01-08 01:42:03.096     0     0 I msm_vidc: err : 00000001: ....e: Failed to create debugfs for msm_vidc
01-08 01:42:03.100     0     0 I cm710x 1-002c: SPI Write chunk Addr 0x5ffec000 Len = 16384
01-08 01:42:03.102     0     0 I msm_vidc: high: 00000001: h265e: Closed video instance: 0000000000000000
01-08 01:42:03.105     0     0 I msm_vidc: high: 00000001: ....e: Opening video instance: 0000000000000000, 0
01-08 01:42:03.105     0     0 I msm_vidc: err : 00000001: ....e: Failed to create debugfs for msm_vidc
01-08 01:42:03.106     0     0 I init    : Control message: Processed ctl.start for 'bootanim' from pid: 875 (/system/bin/surfaceflinger)
01-08 01:42:03.108     0     0 I msm_vidc: high: 00000001: h265e: Closed video instance: 0000000000000000
01-08 01:42:03.110     0     0 I msm_vidc: high: 00000001: ....e: Opening video instance: 0000000000000000, 0
01-08 01:42:03.110     0     0 I msm_vidc: err : 00000001: ....e: Failed to create debugfs for msm_vidc
01-08 01:42:03.110     0     0 I msm_vidc: err : 00000001: ....e: msm_vidc_comm_update_ctrl: failed: control name Ltr Count, min 0, max 0, step 0, default_value 0
01-08 01:42:03.112     0     0 I msm_vidc: high: 00000001:  vp8e: Closed video instance: 0000000000000000
01-08 01:42:03.113     0     0 I cm710x 1-002c: SPI Write chunk Addr 0x5fff0000 Len = 11100
01-08 01:42:03.121     0     0 I cm710x 1-002c: SPI Load Block 3 Addr 0x60000000 Len = 20608
01-08 01:42:03.121     0     0 I cm710x 1-002c: SPI Write chunk Addr 0x60000000 Len = 16384
01-08 01:42:03.132     0     0 I cm710x 1-002c: SPI Write chunk Addr 0x60004000 Len = 4224
01-08 01:42:03.133     0     0 I binder  : 817:1144 ioctl 40046210 784acfb064 returned -22
01-08 01:42:03.137     0     0 I binder  : 817:1144 ioctl 40046210 784acfce84 returned -22
11-29 14:06:06.889   800  1035 I SyncBossHAL: [info   ] syncboss_hal_powerstate.c(52): Reporting powerstate event: PROX_ON
11-29 14:06:06.889   800  1035 D SensorService: Received Powerstate PROX_ON
01-08 01:42:03.178     0     0 I cm710x 1-002c: cm710x_get_EQ_Default SPK_R_EQ Param = 0xffffe400
01-08 01:42:03.179     0     0 I cm710x 1-002c: cm710x_get_EQ_Default SPK_R_EQ Param = 0xfffff700
01-08 01:42:03.180     0     0 I cm710x 1-002c: cm710x_get_EQ_Default SPK_R_EQ Param = 0xffffed00
01-08 01:42:03.181     0     0 I cm710x 1-002c: cm710x_get_EQ_Default SPK_R_EQ Param = 0xffffdc00
01-08 01:42:03.182     0     0 I cm710x 1-002c: cm710x_get_EQ_Default SPK_R_EQ Param = 0x00000500
01-08 01:42:03.183     0     0 I cm710x 1-002c: cm710x_get_EQ_Default SPK_R_EQ Param = 0xffffe800
01-08 01:42:03.183     0     0 I cm710x 1-002c: cm710x_get_EQ_Default SPK_R_EQ Param = 0x00001400
01-08 01:42:03.185     0     0 I cm710x 1-002c: cm710x_get_EQ_Default SPK_R_EQ Param = 0xffffee00
01-08 01:42:03.190     0     0 I cm710x 1-002c: cm710x_get_EQ_Default MIC_EQ Param = 0xffffec00
01-08 01:42:03.195     0     0 I cm710x 1-002c: cm710x_get_EQ_Default MIC_EQ Param = 0xffffee00
01-08 01:42:03.196     0     0 I cm710x 1-002c: cm710x_get_EQ_Default MIC_EQ Param = 0x00000200
01-08 01:42:03.197     0     0 I cm710x 1-002c: cm710x_get_EQ_Default MIC_EQ Param = 0xfffffa00
01-08 01:42:03.197     0     0 I cm710x 1-002c: cm710x_get_EQ_Default MIC_EQ Param = 0x00000500
01-08 01:42:03.198     0     0 I cm710x 1-002c: cm710x_get_EQ_Default MIC_EQ Param = 0xfffff800
01-08 01:42:03.199     0     0 I cm710x 1-002c: cm710x_get_EQ_Default MIC_EQ Param = 0x00000300
01-08 01:42:03.200     0     0 I cm710x 1-002c: cm710x_get_EQ_Default MIC_EQ Param = 0xfffff900
01-08 01:42:03.200     0     0 W cm710x 1-002c: Falling back to syfs fallback for: mic
01-08 01:42:03.201     0     0 I ueventd : firmware: loading 'mic' for '/devices/platform/soc/a80000.i2c/i2c-1/1-002c/firmware/mic'
01-08 01:42:03.202     0     0 I ueventd : loading /devices/platform/soc/a80000.i2c/i2c-1/1-002c/firmware/mic took 1ms
01-08 01:42:03.205     0     0 I msm-dwc3 a600000.ssusb: Avail curr from USB = 100
01-08 01:42:03.212     0     0 I         : Read PDN pin from device tree
01-08 01:42:03.214     0     0 I         : AK4331 is connecting.
01-08 01:42:03.217     0     0 E msm-dai-fe soc: qcom,msm-dai-fe: ASoC: no sink widget found for AUXPCM_DL_HL
01-08 01:42:03.217     0     0 E msm-dai-fe soc: qcom,msm-dai-fe: ASoC: Failed to add route AUXPCM_HOSTLESS Playback -> direct -> AUXPCM_DL_HL
01-08 01:42:03.217     0     0 E msm-dai-fe soc: qcom,msm-dai-fe: ASoC: no source widget found for AUXPCM_UL_HL
01-08 01:42:03.217     0     0 E msm-dai-fe soc: qcom,msm-dai-fe: ASoC: Failed to add route AUXPCM_UL_HL -> direct -> AUXPCM_HOSTLESS Capture
11-29 14:06:06.937   949   949 I MrSystemService: FrameSetConsumerMap populated with 3 consumers
11-29 14:06:06.937   949   949 D CameraMuxModeMonitor: mrsystemservice: Connecting to 'cameramuxmodeservice'
11-29 14:06:06.937   949   949 D CameraMuxModeMonitor: mrsystemservice: Connected to 'cameramuxmodeservice'
01-08 01:42:03.245     0     0 D cnss    : Removing vote for Regulator vdd-wlan-rfa2
01-08 01:42:03.245     0     0 D cnss    : Removing vote for Regulator vdd-wlan-rfa1
01-08 01:42:03.245     0     0 D cnss    : Removing vote for Regulator vdd-wlan-dig
01-08 01:42:03.245     0     0 D cnss    : Removing vote for Regulator vdd-wlan-aon
01-08 01:42:03.245     0     0 D cnss    : Removing vote for Regulator vdd-wlan-io
01-08 01:42:03.245     0     0 D cnss    : PM relax, state: 0xf, count: 0
01-08 01:42:03.246     0     0 D cnss    : Received QMI WLFW pin connect result indication
01-08 01:42:03.246     0     0 D cnss    : Pin connect Result: pwr_pin: 0x1 phy_io_pin: 0x0 rf_io_pin: 0x0
01-08 01:42:03.276     0     0 I [drm:dsi_display_set_mode] [msm-dsi-info]: mdp_transfer_time_us=0 us
01-08 01:42:03.276     0     0 I [drm:dsi_display_set_mode] [msm-dsi-info]: hactive= 1920,vactive= 3664,fps=120
01-08 01:42:03.288     0     0 I android_work: sent uevent USB_STATE=CONNECTED
01-08 01:42:03.300     0     0 E kona-asoc-snd soc: qcom,msm-audio-apr:qcom,q6core-audio:cm710x_snd: ASoC: no source widget found for MCLK
01-08 01:42:03.300     0     0 E kona-asoc-snd soc: qcom,msm-audio-apr:qcom,q6core-audio:cm710x_snd: ASoC: Failed to add route MCLK -> direct -> AIF4 VI
01-08 01:42:03.300     0     0 E kona-asoc-snd soc: qcom,msm-audio-apr:qcom,q6core-audio:cm710x_snd: ASoC: no source widget found for MCLK
01-08 01:42:03.300     0     0 E kona-asoc-snd soc: qcom,msm-audio-apr:qcom,q6core-audio:cm710x_snd: ASoC: Failed to add route MCLK -> direct -> MADINPUT
01-08 01:42:03.300     0     0 E kona-asoc-snd soc: qcom,msm-audio-apr:qcom,q6core-audio:cm710x_snd: ASoC: no source widget found for MCLK
01-08 01:42:03.300     0     0 E kona-asoc-snd soc: qcom,msm-audio-apr:qcom,q6core-audio:cm710x_snd: ASoC: Failed to add route MCLK -> direct -> LDO_RXTX
01-08 01:42:03.303     0     0 I input   : kona-cm710x-snd-card AK4331 Headphone as /devices/platform/soc/soc:qcom,msm-audio-apr/soc:qcom,msm-audio-apr:qcom,q6core-audio/soc:qcom,msm-audio-apr:qcom,q6core-audio:cm710x_snd/sound/card0/input2
01-08 01:42:03.303     0     0 I kona-asoc-snd soc: qcom,msm-audio-apr:qcom,q6core-audio:cm710x_snd: msm_asoc_machine_probe: Sound card kona-cm710x-snd-card registered
01-08 01:42:03.303     0     0 E kona-asoc-snd soc: qcom,msm-audio-apr:qcom,q6core-audio:cm710x_snd: msm_asoc_machine_probe: No DT match for wsa max devs
01-08 01:42:03.303     0     0 E kona-asoc-snd soc: qcom,msm-audio-apr:qcom,q6core-audio:cm710x_snd: msm_asoc_machine_probe: No DT match for tdm max slots
01-08 01:42:03.303     0     0 E kona-asoc-snd soc: qcom,msm-audio-apr:qcom,q6core-audio:cm710x_snd: msm_asoc_machine_probe: Using default tdm max slot: 16
01-08 01:42:03.303     0     0 E msm_cdc_pinctrl_get_gpiodata: platform device not found!
01-08 01:42:03.304     0     0 E snd_event_find_clients: client already present dev=0000000000000000
01-08 01:42:03.309     0     0 I configfs-gadget gadget: high-speed config #1: b
01-08 01:42:03.309     0     0 I msm-dwc3 a600000.ssusb: Avail curr from USB = 500
01-08 01:42:03.309     0     0 I android_work: sent uevent USB_STATE=CONFIGURED
01-08 01:42:03.410     0     0 W bimc-bwmon: Zone thres larger than hw limit: hi:72090 med:19661 lo:0
01-08 01:42:03.474     0     0 E         : [drm:dsi_ctrl_dma_cmd_wait_for_done] *ERROR* [msm-dsi-error]: dsi-ctrl-0: Command transfer failed
01-08 01:42:03.514     0     0 E init    : Control message: Could not find 'android.frameworks.stats@1.0::IStats/default' for ctl.interface_start from pid: 573 (/system/bin/hwservicemanager)
01-08 01:42:03.637     0     0 I binder  : 1165:1165 ioctl 40046210 7fdc13cde4 returned -22
01-08 01:42:03.975     0     0 I binder  : 1165:1165 ioctl 40046210 7fdc13c524 returned -22
01-08 01:42:04.216     0     0 E         : msm_qti_pp_get_rms_value_control, back not active to query rms be_idx:3
01-08 01:42:04.223     0     0 I core_get_license_status: cmdrsp_license_result.result = 0x15 for module 0x131ff
01-08 01:42:04.224     0     0 I cm710x 1-002c: cm710x_get_vu MIC_DSP_BYPASS_ON_OFF get value = 1
01-08 01:42:04.224     0     0 I cm710x 1-002c: cm710x_get_vu MIC_DSP_PROCESS_ON_OFF get value = 0
01-08 01:42:04.224     0     0 I cm710x 1-002c: cm710x_get_vu MIC_DSP_AEC_ON_OFF get value = 0
01-08 01:42:04.225     0     0 I cm710x 1-002c: cm710x_get_vu SPK_EQ_ON_OFF get value = 0
01-08 01:42:04.228     0     0 I cm710x 1-002c: cm710x_get_vu MIC_EQ_ON_OFF get value = 0
01-08 01:42:04.228     0     0 I cm710x 1-002c: cm710x_get_vu MIC_EQ_AGC_ON_OFF get value = 0
01-08 01:42:04.257     0     0 E         : msm_pcm_volume_ctl_get substream not found
01-08 01:42:04.381     0     0 I cm710x 1-002c: cm710x_playback_in_enum_ext_get select PlaybackFrom = 0
01-08 01:42:04.390     0     0 I cm710x 1-002c: cm710x_update_DSP_Effect_Param DSPElement = 0x00050f42
01-08 01:42:04.427     0     0 I cm710x 1-002c: cm710x_playback_in_enum_ext_get select PlaybackFrom = 0
11-29 14:06:08.228     0     0 W healthd : battery l=21 v=3730 t=23.7 h=2 st=2 c=-828612 fc=3749000 cc=1 chg=u
11-29 14:06:08.235     0     0 I init    : Control message: Processed ctl.start for 'idmap2d' from pid: 1165 (system_server)
11-29 14:06:08.244   800   800 I libsensorscommon: Initialize AndroidSensors and create event queue
11-29 14:06:08.245   800   800 W libsensorscommon: doubletap: unregisterDirect called but not supported
11-29 14:06:08.249     0     0 W healthd : battery l=21 v=3708 t=23.7 h=2 st=2 c=-1034179 fc=3749000 cc=1 chg=u
11-29 14:06:08.375     0     0 I init    : processing action (sys.sysctl.extra_free_kbytes=*) from (/system/etc/init/hw/init.rc:1209)
11-29 14:06:08.567     0     0 I         : read descriptors
11-29 14:06:08.567     0     0 I         : read strings
11-29 14:06:08.570     0     0 I         : acc_open
11-29 14:06:08.570     0     0 I         : acc_release
11-29 14:06:08.771   945  1067 V CameraMuxModeService: Registering client(962: '/system/bin/trackingservice')
11-29 14:06:08.771   945   945 V CameraMuxModeService: Registering client(955: '/system/bin/trackingfidelityservice')
11-29 14:06:08.771   945  1130 V CameraMuxModeService: Registering client(949: '/system/bin/mrsystemservice')
11-29 14:06:08.771   962   962 I CameraMuxModeMonitor: trackingservice: onCameraMuxModeChanged, new CameraMuxMode: default
11-29 14:06:08.772   955   955 I CameraMuxModeMonitor: trackingfidelit: onCameraMuxModeChanged, new CameraMuxMode: default
11-29 14:06:08.772   949   949 I CameraMuxModeMonitor: mrsystemservice: onCameraMuxModeChanged, new CameraMuxMode: default
11-29 14:06:08.772     0     0 I binder  : 949:949 ioctl 40046210 7fce3371a4 returned -22
11-29 14:06:08.782   949   949 I MrSystemService: purpose=HEADSET: numCameras=2 numLocalBuffers=2
11-29 14:06:08.782   949   949 D MrSystemService: MrEngine visionManager::start.
11-29 14:06:08.782   949   949 I MrSystemService: Started MrVisionManager.
11-29 14:06:08.793     0     0 I         : powerstate_mgr_open succeeded, refcount=1. (pid 1065)
11-29 14:06:08.798     0     0 I         : powerstate_mgr_release succeeded, refcount=0. (pid 1065)
11-29 14:06:08.798     0     0 I         : powerstate_mgr_open succeeded, refcount=1. (pid 1065)
11-29 14:06:08.803     0     0 I         : powerstate_mgr_release succeeded, refcount=0. (pid 1065)
11-29 14:06:08.820     0     0 I binder  : 955:955 ioctl 40046210 7fcad901f4 returned -22
11-29 14:06:08.823   955   955 I TrackingFidelityService: InsideOut translator using CMMV1 catalog
11-29 14:06:08.824   955   955 I TrackingFidelityService: Updating utility frequency to 50Hz from geolocation.
11-29 14:06:08.824   800  1065 I DiceCameraSystem: Utility frequency frame period was updated and will be applied to 40000
11-29 14:06:08.825   955   955 W TrackingUtils: Could not load config file (/system/etc/trackingservice.cfg): File could not be opened for reading
11-29 14:06:08.825   955   955 I TrackingFidelityService: setMuxModeFeatureFidelity: No mux mode change required: default
11-29 14:06:08.838   962   962 D TrackingService: Loading InsideOutTracking capability v8
11-29 14:06:08.838   962   962 D TrackingService: Finished loading InsideOutTracking capability v8
11-29 14:06:08.838   962   962 D TrackingService: Loading ConstellationTracking capability v7
11-29 14:06:08.838   962   962 D TrackingService: Finished loading ConstellationTracking capability v7
11-29 14:06:08.838   962   962 D TrackingService: Loading InternalAnchorApiServer capability v2
11-29 14:06:08.838   962   962 D TrackingService: Finished loading InternalAnchorApiServer capability v2
11-29 14:06:08.838   962   962 D TrackingService: TrackingDataPostProcessor: Set heuristic confidence param persist.ovr.tracking.chct value 0.00
11-29 14:06:08.838   962   962 D TrackingService: TrackingDataPostProcessor: Set heuristic confidence param persist.ovr.tracking.chnopress value 2.00
11-29 14:06:08.838   962   962 D TrackingService: TrackingDataPostProcessor: Set heuristic confidence param persist.ovr.tracking.chnotouch value -1.00
11-29 14:06:08.838   962   962 D TrackingService: TrackingDataPostProcessor: Set heuristic confidence param persist.ovr.tracking.chnotouchct value 2.00
11-29 14:06:08.838   962   962 D TrackingService: TrackingDataPostProcessor: Set heuristic confidence param persist.ovr.tracking.chringtilt value 0.26
11-29 14:06:08.838   962   962 D TrackingService: TrackingDataPostProcessor: Set heuristic confidence param persist.ovr.tracking.chringrlx value 1.00
11-29 14:06:08.838   962   962 D TrackingService: TrackingDataPostProcessor: Set heuristic confidence param persist.ovr.tracking.chstatic value 2.00
11-29 14:06:08.838   962   962 D TrackingService: TrackingDataPostProcessor: Set heuristic confidence param persist.ovr.tracking.chstaticrlx value 0.50
11-29 14:06:08.838   962   962 D TrackingService: TrackingDataPostProcessor: Set heuristic confidence param persist.ovr.tracking.chincenter value 2.00
11-29 14:06:08.838   962   962 D TrackingService: TrackingDataPostProcessor: Set heuristic confidence param persist.ovr.tracking.chdeadctr value 0.20
11-29 14:06:08.838   962   962 D TrackingService: TrackingDataPostProcessor: Set heuristic confidence param persist.ovr.tracking.chnoproxct value 2.00
11-29 14:06:08.838   962   962 D TrackingService: TrackingDataPostProcessor: Set heuristic confidence param persist.ovr.tracking.chunliketime value 6.00
11-29 14:06:08.838   962   962 D TrackingService: TrackingDataPostProcessor: Set heuristic confidence param persist.ovr.tracking.chsoftextension value 4.00
11-29 14:06:08.838   962   962 D TrackingService: TrackingDataPostProcessor: New controllers default in-hand: N
11-29 14:06:08.839   800  1065 D SensorService: Registering Powerstate callback for PID 962, bootstrap with PROX_ON event.
11-29 14:06:08.839   962   962 D TrackingService: Loading BoltMemoryAllocation capability v2
11-29 14:06:08.839   962   962 D TrackingService: Finished loading BoltMemoryAllocation capability v2
11-29 14:06:08.839   962  1104 I TrackingService: ActivityMonitor: prox_on event received
11-29 14:06:08.840   962   962 D TrackingService: Loading ConstellationTracking capability v7
11-29 14:06:08.840   962   962 D TrackingService: Finished loading ConstellationTracking capability v7
11-29 14:06:08.840   962   962 D TrackingService: Loading SelftrackedControllerHeadsetSide capability v4
11-29 14:06:08.840   962   962 D TrackingService: Finished loading SelftrackedControllerHeadsetSide capability v4
11-29 14:06:08.843   962   962 D TrackingService: Scaled haptics updated to: 101
11-29 14:06:08.846   962  1103 D TrackingService: Scaled haptics updated to: 101
11-29 14:06:08.847   962   962 I InputSettingsService: Initializing InputSettingsService
11-29 14:06:08.847   962   962 D TrackingService: Loading InsideOutTracking capability v8
11-29 14:06:08.847   962   962 D TrackingService: Finished loading InsideOutTracking capability v8
11-29 14:06:08.847   962   962 D TrackingService: Loading InternalAnchorApiServer capability v2
11-29 14:06:08.847   962   962 D TrackingService: Finished loading InternalAnchorApiServer capability v2
11-29 14:06:08.856     0     0 I         : powerstate_mgr_open succeeded, refcount=1. (pid 1065)
11-29 14:06:08.860     0     0 I         : powerstate_mgr_release succeeded, refcount=0. (pid 1065)
11-29 14:06:08.860     0     0 I         : powerstate_mgr_open succeeded, refcount=1. (pid 1065)
11-29 14:06:08.865   962   962 W TrackingUtils: Could not load config file (/system/etc/trackingservice.cfg): File could not be opened for reading
11-29 14:06:08.864     0     0 I         : powerstate_mgr_release succeeded, refcount=0. (pid 1065)
11-29 14:06:08.918     0     0 E         : [drm:dsi_ctrl_dma_cmd_wait_for_done] *ERROR* [msm-dsi-error]: dsi-ctrl-0: Command transfer failed
11-29 14:06:08.929   949  1399 D SensorClientUtils: Received transition request from SLEEP to STANDBY
11-29 14:06:08.929     0     0 I binder  : 1425:1425 ioctl 40046210 7fdc13c984 returned -22
11-29 14:06:08.931   949  1399 D SensorClientUtils: Executing transition from SLEEP to STANDBY
11-29 14:06:08.931   949  1399 D MrSystemService: AOSP setPowerState: STANDBY.
11-29 14:06:08.956   962   962 D TrackingService: Loading ConstellationTracking capability v7
11-29 14:06:08.956   962   962 D TrackingService: Finished loading ConstellationTracking capability v7
11-29 14:06:08.971   962   962 D TrackingService: Loading SelftrackedControllerHeadsetSide capability v4
11-29 14:06:08.971   962   962 D TrackingService: Finished loading SelftrackedControllerHeadsetSide capability v4
11-29 14:06:08.975   962   962 D TrackingService: Loading HandTracking capability v10
11-29 14:06:08.975   962   962 D TrackingService: Finished loading HandTracking capability v10
11-29 14:06:08.988   962   962 D TrackingService: Loading FaceTracking capability v29
11-29 14:06:08.988   962   962 D TrackingService: Finished loading FaceTracking capability v29
11-29 14:06:08.988   962   962 D TrackingService: Loading FaceTracking capability v29
11-29 14:06:08.988   962   962 D TrackingService: Finished loading FaceTracking capability v29
11-29 14:06:08.988   962   962 D TrackingService: Loading FaceTracking capability v26
11-29 14:06:08.988   962   962 D TrackingService: Finished loading FaceTracking capability v26
11-29 14:06:08.990     0     0 I binder  : 1447:1447 ioctl 40046210 7fdc13c984 returned -22
11-29 14:06:09.048     0     0 I init    : processing action (sys.hmt.mounted=0) from (/vendor/etc/init/hw/init.hollywood.rc:110)
11-29 14:06:09.048     0     0 I init    : processing action (sys.hmt.mounted=0) from (/vendor/etc/init/hw/init.kona.rc:403)
11-29 14:06:09.049     0     0 E FG      : fg_psy_get_property: unsupported property 4
11-29 14:06:09.057   800  1065 D SensorService: Registering Powerstate callback for PID 1165, bootstrap with PROX_ON event.
11-29 14:06:09.060     0     0 I init    : processing action (ro.vendor.drm.irq=* && sys.hmt.mounted=1) from (/vendor/etc/init/hw/init.hollywood.rc:104)
11-29 14:06:09.060   949  1399 D SensorClientUtils: Received transition request from STANDBY to RUNNING
11-29 14:06:09.060   949  1399 D SensorClientUtils: Executing transition from STANDBY to RUNNING
11-29 14:06:09.060   949  1399 D MrSystemService: AOSP setPowerState: RUNNING.
11-29 14:06:09.062     0     0 I init    : processing action (sys.hmt.mounted=1) from (/vendor/etc/init/hw/init.hollywood.rc:107)
11-29 14:06:09.063     0     0 I binder  : 1498:1498 ioctl 40046210 7fdc13c984 returned -22
11-29 14:06:09.064     0     0 I init    : processing action (sys.hmt.mounted=1) from (/vendor/etc/init/hw/init.kona.rc:400)
11-29 14:06:09.065     0     0 E FG      : fg_psy_get_property: unsupported property 4
11-29 14:06:09.072     0     0 I msm_vidc: high: 00000001: ....e: Opening video instance: 0000000000000000, 0
11-29 14:06:09.072     0     0 W healthd : battery l=21 v=3666 t=23.7 h=2 st=2 c=-1465331 fc=3749000 cc=1 chg=u
11-29 14:06:09.073     0     0 I msm_vidc: err : 00000001: ....e: Failed to create debugfs for msm_vidc
11-29 14:06:09.083     0     0 W healthd : battery l=21 v=3666 t=23.7 h=2 st=2 c=-1465331 fc=3749000 cc=1 chg=u
11-29 14:06:09.087     0     0 I msm_vidc: high: 00000001: h265e: Closed video instance: 0000000000000000
11-29 14:06:09.089     0     0 W healthd : battery l=21 v=3666 t=23.7 h=2 st=2 c=-1465331 fc=3749000 cc=1 chg=u
11-29 14:06:09.093     0     0 W healthd : battery l=21 v=3666 t=23.7 h=2 st=2 c=-1465331 fc=3749000 cc=1 chg=u
11-29 14:06:09.099     0     0 I msm_vidc: high: 00000001: ....d: Opening video instance: 0000000000000000, 1
11-29 14:06:09.099     0     0 I msm_vidc: err : 00000001: ....d: Failed to create debugfs for msm_vidc
11-29 14:06:09.106     0     0 I msm_vidc: high: 00000001: h264d: Closed video instance: 0000000000000000
11-29 14:06:09.113     0     0 I msm_vidc: high: 00000001: ....d: Opening video instance: 0000000000000000, 1
11-29 14:06:09.113     0     0 I msm_vidc: err : 00000001: ....d: Failed to create debugfs for msm_vidc
11-29 14:06:09.118     0     0 E         : [drm:dsi_ctrl_dma_cmd_wait_for_done] *ERROR* [msm-dsi-error]: dsi-ctrl-0: Command transfer failed
11-29 14:06:09.119     0     0 I msm_vidc: high: 00000001: h264d: Closed video instance: 0000000000000000
11-29 14:06:09.127   962   962 D TrackingService: Loading ObjectTracking capability v5
11-29 14:06:09.127   962   962 D TrackingService: Finished loading ObjectTracking capability v5
11-29 14:06:09.135     0     0 I msm_vidc: high: 00000001: ....d: Opening video instance: 0000000000000000, 1
11-29 14:06:09.135     0     0 I msm_vidc: err : 00000001: ....d: Failed to create debugfs for msm_vidc
11-29 14:06:09.141   962   962 D TrackingService: Loading ExposureControl capability v3
11-29 14:06:09.141   962   962 D TrackingService: Finished loading ExposureControl capability v3
11-29 14:06:09.146     0     0 I msm_vidc: high: 00000001: h265d: Closed video instance: 0000000000000000
11-29 14:06:09.155     0     0 I msm_vidc: high: 00000001: ....d: Opening video instance: 0000000000000000, 1
11-29 14:06:09.155     0     0 I msm_vidc: err : 00000001: ....d: Failed to create debugfs for msm_vidc
11-29 14:06:09.169     0     0 I msm_vidc: high: 00000001: h265d: Closed video instance: 0000000000000000
11-29 14:06:09.176     0     0 I msm_vidc: high: 00000001: ....d: Opening video instance: 0000000000000000, 1
11-29 14:06:09.176     0     0 I msm_vidc: err : 00000001: ....d: Failed to create debugfs for msm_vidc
11-29 14:06:09.183     0     0 I msm_vidc: high: 00000001: mpg2d: Closed video instance: 0000000000000000
11-29 14:06:09.194     0     0 I msm_vidc: high: 00000001: ....d: Opening video instance: 0000000000000000, 1
11-29 14:06:09.194     0     0 I msm_vidc: err : 00000001: ....d: Failed to create debugfs for msm_vidc
11-29 14:06:09.197   962   962 W TrackingService: TrackingDaemon::vrpm_ not yet initialized!
11-29 14:06:09.197   962   962 D TrackingService: TrackingDaemon::vrpm_ now initialized
11-29 14:06:09.198   962   962 D SensorClientUtils: temporarilyWake(): performing transition to STANDBY
11-29 14:06:09.200     0     0 I msm_vidc: high: 00000001: mpg2d: Closed video instance: 0000000000000000
11-29 14:06:09.202   962   962 D SensorClientUtils: Executing transition from SLEEP to STANDBY
11-29 14:06:09.202   962   962 D TrackingService: Enqueued transition to (targetPowerState, targetMuxName): (STANDBY, --) - transition timeout: 1000000000 ns
11-29 14:06:09.203   962  1105 I TrackingService: [                  vision_manager] Power transition: SLEEP -> STANDBY transition time: 0 ms
11-29 14:06:09.203   962  1105 I TrackingService: [                             iad] Power transition: SLEEP -> STANDBY transition time: 0 ms
11-29 14:06:09.211   962  1105 I TrackingService: [                            bolt] Power transition: SLEEP -> STANDBY transition time: 8 ms
11-29 14:06:09.211   962  1105 D TrackingService: IOT sleep to standby started
11-29 14:06:09.235     0     0 I msm_vidc: high: 00000001: ....d: Opening video instance: 0000000000000000, 1
11-29 14:06:09.235     0     0 I msm_vidc: err : 00000001: ....d: Failed to create debugfs for msm_vidc
11-29 14:06:09.241     0     0 I msm_vidc: high: 00000001:  vp8d: Closed video instance: 0000000000000000
11-29 14:06:09.246     0     0 I binder  : 1561:1561 ioctl 40046210 7fdc13c984 returned -22
11-29 14:06:09.247     0     0 I binder  : 1447:1447 ioctl 40046210 7fdc13aa14 returned -22
11-29 14:06:09.253     0     0 I msm_vidc: high: 00000001: ....d: Opening video instance: 0000000000000000, 1
11-29 14:06:09.253     0     0 I msm_vidc: err : 00000001: ....d: Failed to create debugfs for msm_vidc
11-29 14:06:09.256     0     0 I msm_vidc: high: 00000001:  vp9d: Closed video instance: 0000000000000000
11-29 14:06:09.262     0     0 I msm_vidc: high: 00000001: ....d: Opening video instance: 0000000000000000, 1
11-29 14:06:09.262     0     0 I msm_vidc: err : 00000001: ....d: Failed to create debugfs for msm_vidc
11-29 14:06:09.266     0     0 I msm_vidc: high: 00000001:  vp9d: Closed video instance: 0000000000000000
11-29 14:06:09.270   800   800 D SensorService: SyncbossEventHandler: Enabling sensor HMD_IMU
11-29 14:06:09.270   800   800 D SensorService: SyncbossEventHandler: Active sensors: synthetic[EXTERNAL_TIMING] non-synth[HMD_IMU]
11-29 14:06:09.270   800   800 D SensorService: SyncbossEventHandler: starting all streams
11-29 14:06:09.270   800   800 D SensorService: SyncbossEventHandler: acquiring session; approx # alive: 1
11-29 14:06:09.270   800  1596 D SensorService: SyncbossEventHandler::producerThreadFunc() start
11-29 14:06:09.274   800   800 D SensorService: SyncbossEventHandler: Enabling sensor HMD_MAG
11-29 14:06:09.275   800   800 D SensorService: SyncbossEventHandler: Active sensors: synthetic[EXTERNAL_TIMING] non-synth[HMD_MAG,HMD_IMU]
11-29 14:06:09.275   800   800 D SensorService: SyncbossEventHandler: acquiring session; approx # alive: 2
11-29 14:06:09.281   962  1105 D TrackingService: IOT sleep to standby completed
11-29 14:06:09.281   962  1105 I TrackingService: [                             iot] Power transition: SLEEP -> STANDBY transition time: 69 ms
11-29 14:06:09.281   962  1600 D TrackingService: starting IOT motion thread, imu batch dispatch enabled=false
11-29 14:06:09.270     0     0 I         : powerstate_mgr_open succeeded, refcount=1. (pid 800)
11-29 14:06:09.280     0     0 I msm_vidc: high: 00000001: ....e: Opening video instance: 0000000000000000, 0
11-29 14:06:09.280     0     0 I msm_vidc: err : 00000001: ....e: Failed to create debugfs for msm_vidc
11-29 14:06:09.283   962  1105 I TrackingService: ConstellationTrackingGlue: setEnableExtendedDeadreckoning to false
11-29 14:06:09.283   962  1105 I TrackingService: [                   constellation] Power transition: SLEEP -> STANDBY transition time: 2 ms
11-29 14:06:09.284   962  1105 I TrackingService: [              selftracked_client] Power transition: SLEEP -> STANDBY transition time: 0 ms
11-29 14:06:09.284   962  1105 I TrackingService: [                            hand] Power transition: SLEEP -> STANDBY transition time: 0 ms
11-29 14:06:09.284   962  1105 I TrackingService: [                            face] Power transition: SLEEP -> STANDBY transition time: 0 ms
11-29 14:06:09.284   800   800 I SensorService: Enabling sensor: 10
11-29 14:06:09.285   800   800 D SensorService: SyncbossEventHandler: Enabling sensor ZAP
11-29 14:06:09.285   800   800 D SensorService: SyncbossEventHandler: Active sensors: synthetic[EXTERNAL_TIMING,ZAP] non-synth[HMD_MAG,HMD_IMU]
11-29 14:06:09.286   962  1105 I TrackingService: [                          object] Power transition: SLEEP -> STANDBY transition time: 1 ms
11-29 14:06:09.286   962  1105 I TrackingService: [                      controller] Power transition: SLEEP -> STANDBY transition time: 0 ms
11-29 14:06:09.286   800   800 D SensorService: ControllerProvider: acquiring StreamingSession
11-29 14:06:09.286   962  1105 I TrackingService: [                 ExposureControl] Power transition: SLEEP -> STANDBY transition time: 0 ms
11-29 14:06:09.286   800   800 D SensorService: SyncbossEventHandler: Enabling sensor PULSAR
11-29 14:06:09.286   800   800 D SensorService: SyncbossEventHandler: Active sensors: synthetic[EXTERNAL_TIMING,ZAP] non-synth[HMD_MAG,HMD_IMU,PULSAR]
11-29 14:06:09.286   800   800 D SensorService: SyncbossEventHandler: acquiring session; approx # alive: 3
11-29 14:06:09.286   962   962 D TrackingService: Transition completed for (null)
11-29 14:06:09.286   962   962 D TrackingService: setPowerState: STANDBY
11-29 14:06:09.286   962   962 D SensorClientUtils: Scheduling delayed transition to SLEEP in 120000ms
11-29 14:06:09.287   962  1103 D SensorClientUtils: Cancelling delayed transition to SLEEP
11-29 14:06:09.287   962  1103 D SensorClientUtils: Received transition request from STANDBY to RUNNING
11-29 14:06:09.287   962  1103 D SensorClientUtils: Executing transition from STANDBY to RUNNING
11-29 14:06:09.287   962  1103 D TrackingService: Enqueued transition to (targetPowerState, targetMuxName): (RUNNING, --) - transition timeout: 1000000000 ns
11-29 14:06:09.287   962  1105 I TrackingService: [                  vision_manager] Power transition: STANDBY -> RUNNING transition time: 0 ms
11-29 14:06:09.285     0     0 I msm_vidc: high: 00000001: h264e: Closed video instance: 0000000000000000
11-29 14:06:09.287   962  1105 I TrackingService: [                             iad] Power transition: STANDBY -> RUNNING transition time: 0 ms
11-29 14:06:09.287   962  1105 I TrackingService: [                            bolt] Power transition: STANDBY -> RUNNING transition time: 0 ms
11-29 14:06:09.288   962  1105 D TrackingService: IOT standby to running started
11-29 14:06:09.288   800  1065 D CameraStream: Client 962: Attempting StreamControl: 0
11-29 14:06:09.288   800  1065 D CameraClientManager: [HEADSET] Attempting starting camera client.
