11-29 14:06:09.288   800  1065 D CameraClientManager: [HEADSET] Successfully found client (962) to start in CameraClientManager list.
11-29 14:06:09.289   800  1065 I FrameSetDispatcher: [HEADSET] Client pid=962 (IOT): Client thread started
11-29 14:06:09.289   800  1065 I CameraClientManager: [HEADSET] Added client (962)(IOT)
11-29 14:06:09.289   800  1065 D CameraClientManager: [HEADSET] Attempting to start stream
11-29 14:06:09.289   800  1065 I CameraClientManager: [HEADSET] Started clients: 1
11-29 14:06:09.289   800  1065 I CameraClientManager: [HEADSET] Starting stream
11-29 14:06:09.290   800   800 I SyncBossHAL: [info   ] syncboss_hal_impl_input.c(277): No pulsar frequency blocklist set
11-29 14:06:09.290   800   800 I SyncBossHAL: [info   ] syncboss_hal_impl_input.c(304): No AFH behavior specified, enabled by default
11-29 14:06:09.292     0     0 I qcom,camera ac4f000.qcom,cci: qcom,cam-sensor0: Linked as a consumer to regulator.46
11-29 14:06:09.294     0     0 I qcom,camera ac4f000.qcom,cci: qcom,cam-sensor0: Linked as a consumer to regulator.7
11-29 14:06:09.294     0     0 I qcom,camera ac4f000.qcom,cci: qcom,cam-sensor0: Linked as a consumer to regulator.71
11-29 14:06:09.294   800   800 D SensorService: ControllerProvider: acquiring StreamingClient impl; approx # alive: 1
11-29 14:06:09.294   800   800 D libsensorscommon: ControllerProvider: acquiring StreamingClient hidl
11-29 14:06:09.303     0     0 I msm_vidc: high: 00000001: ....e: Opening video instance: 0000000000000000, 0
11-29 14:06:09.303     0     0 I msm_vidc: err : 00000001: ....e: Failed to create debugfs for msm_vidc
11-29 14:06:09.310     0     0 I msm_vidc: high: 00000001: h265e: Closed video instance: 0000000000000000
11-29 14:06:09.320     0     0 I qcom,camera ac4f000.qcom,cci: qcom,cam-sensor1: Linked as a consumer to regulator.46
11-29 14:06:09.320     0     0 I msm_vidc: high: 00000001: ....e: Opening video instance: 0000000000000000, 0
11-29 14:06:09.320     0     0 I msm_vidc: err : 00000001: ....e: Failed to create debugfs for msm_vidc
11-29 14:06:09.322     0     0 I qcom,camera ac4f000.qcom,cci: qcom,cam-sensor1: Linked as a consumer to regulator.7
11-29 14:06:09.322     0     0 I qcom,camera ac4f000.qcom,cci: qcom,cam-sensor1: Linked as a consumer to regulator.71
11-29 14:06:09.326     0     0 I msm_vidc: high: 00000001: h265e: Closed video instance: 0000000000000000
11-29 14:06:09.336     0     0 I msm_vidc: high: 00000001: ....e: Opening video instance: 0000000000000000, 0
11-29 14:06:09.336     0     0 I msm_vidc: err : 00000001: ....e: Failed to create debugfs for msm_vidc
11-29 14:06:09.336     0     0 I msm_vidc: err : 00000001: ....e: msm_vidc_comm_update_ctrl: failed: control name Ltr Count, min 0, max 0, step 0, default_value 0
11-29 14:06:09.338     0     0 E         : [drm:dsi_ctrl_dma_cmd_wait_for_done] *ERROR* [msm-dsi-error]: dsi-ctrl-0: Command transfer failed
11-29 14:06:09.339     0     0 I binder  : 1623:1623 ioctl 40046210 7fdc13c984 returned -22
11-29 14:06:09.345     0     0 I msm_vidc: high: 00000001:  vp8e: Closed video instance: 0000000000000000
11-29 14:06:09.348     0     0 I qcom,camera ac50000.qcom,cci: qcom,cam-sensor2: Linked as a consumer to regulator.46
11-29 14:06:09.350     0     0 I qcom,camera ac50000.qcom,cci: qcom,cam-sensor2: Linked as a consumer to regulator.7
11-29 14:06:09.350     0     0 I qcom,camera ac50000.qcom,cci: qcom,cam-sensor2: Linked as a consumer to regulator.71
11-29 14:06:09.376     0     0 I qcom,camera ac50000.qcom,cci: qcom,cam-sensor3: Linked as a consumer to regulator.46
11-29 14:06:09.378     0     0 I qcom,camera ac50000.qcom,cci: qcom,cam-sensor3: Linked as a consumer to regulator.7
11-29 14:06:09.378     0     0 I qcom,camera ac50000.qcom,cci: qcom,cam-sensor3: Linked as a consumer to regulator.71
11-29 14:06:09.400   800  1065 D SensorService: SyncbossEventHandler: Enabling sensor HMD_FSIN
11-29 14:06:09.400   800  1065 D SensorService: SyncbossEventHandler: Active sensors: synthetic[EXTERNAL_TIMING,ZAP] non-synth[HMD_MAG,HMD_IMU,HMD_FSIN,PULSAR]
11-29 14:06:09.400   800  1065 D SensorService: SyncbossEventHandler: acquiring session; approx # alive: 4
11-29 14:06:09.429     0     0 I binder  : 1664:1664 ioctl 40046210 7fdc13c984 returned -22
11-29 14:06:09.447     0     0 I binder  : 1670:1670 ioctl 40046210 7fdc13c984 returned -22
11-29 14:06:09.464     0     0 I binder  : 1705:1705 ioctl 40046210 7fdc13c984 returned -22
11-29 14:06:09.464     0     0 I binder  : 1689:1689 ioctl 40046210 7fdc13c984 returned -22
11-29 14:06:09.497   800  1065 I DiceCameraSystem: Set cameras to 10 bpp (format 0x00000007)
11-29 14:06:09.501   800  1020 I SyncBossHAL: [info   ] pulsar_manager.c(960): No IRLED tracked controllers connected/ready
11-29 14:06:09.499     0     0 I binder  : 1737:1737 ioctl 40046210 7fdc13c984 returned -22
11-29 14:06:09.505   800  1065 I libsensorscommon: [CONTROLLER FSC] Updated frame set period to 40000000
11-29 14:06:09.505   800  1065 I libsensorscommon: [HAND FSC] Updated frame set period to 40000000
11-29 14:06:09.505   800  1065 I libsensorscommon: [HEADSET FSC] Updated frame set period to 40000000
11-29 14:06:09.505   800  1065 I libsensorscommon: [HEADSET FSC] started at 5.65
11-29 14:06:09.538     0     0 E         : [drm:dsi_ctrl_dma_cmd_wait_for_done] *ERROR* [msm-dsi-error]: dsi-ctrl-0: Command transfer failed
11-29 14:06:09.550   800  1065 D CameraStream: Client 962: Finished StreamControl: 0
11-29 14:06:09.570   962  1105 D TrackingService: IOT standby to running completed
11-29 14:06:09.570   962  1105 I TrackingService: [                             iot] Power transition: STANDBY -> RUNNING transition time: 282 ms
11-29 14:06:09.571   800  1065 D CameraStream: Client 962: Attempting StreamControl: 0
11-29 14:06:09.571   800  1065 D CameraClientManager: [CONTROLLER] Attempting starting camera client.
11-29 14:06:09.571   800  1065 D CameraClientManager: [CONTROLLER] Successfully found client (962) to start in CameraClientManager list.
11-29 14:06:09.574   800  1065 I FrameSetDispatcher: [CONTROLLER] Client pid=962 (Cnst): Client thread started
11-29 14:06:09.574   800  1065 I CameraClientManager: [CONTROLLER] Added client (962)(Cnst)
11-29 14:06:09.574   800  1065 D CameraClientManager: [CONTROLLER] Attempting to start stream
11-29 14:06:09.574   800  1065 I CameraClientManager: [CONTROLLER] Started clients: 1
11-29 14:06:09.574   800  1065 I CameraClientManager: [CONTROLLER] Starting stream
11-29 14:06:09.574   800  1065 I libsensorscommon: [CONTROLLER FSC] started at 5.72
11-29 14:06:09.574   800  1065 D CameraStream: Client 962: Finished StreamControl: 0
11-29 14:06:09.655  1664  1664 I VrSensors-HidlWrapper: Supressing HIDL transport crash dumps for current process: true
11-29 14:06:09.656   800  1758 E libsensorscommon: [HEADSET FSC] 1 FrameSets had unexpected timestamps. Ex: (slot 1) prev 0.000ms->cur 4019.532ms (ts diff of -3979.532ms vs expected period of 40.000ms)
11-29 14:06:09.674   800  1758 E libsensorscommon: [CONTROLLER FSC] 1 FrameSets had unexpected timestamps. Ex: (slot 2) prev 0.000ms->cur 4040.000ms (ts diff of -4000.000ms vs expected period of 40.000ms)
11-29 14:06:09.686     0     0 I binder  : 1737:1794 ioctl 40046210 7565ca0e84 returned -22
11-29 14:06:09.688     0     0 I binder  : 1664:1664 ioctl 40046210 7fdc13c1a4 returned -22
11-29 14:06:09.691     0     0 I binder  : 1737:1794 ioctl 40046210 7565ca2ca4 returned -22
11-29 14:06:09.788     0     0 E bt_ioctl: unified Current SOC Version : 400a0200
11-29 14:06:09.801     0     0 I init    : processing action (sys.boot_completed=1) from (/system/etc/init/hw/init.rc:1200)
11-29 14:06:09.801     0     0 I init    : starting service 'exec 22 (/bin/rm -rf /data/per_boot)'...
11-29 14:06:09.802     0     0 I init    : SVC_EXEC service 'exec 22 (/bin/rm -rf /data/per_boot)' pid 1857 (uid 1000 gid 1000+0 context default) started; waiting...
11-29 14:06:09.808     0     0 I init    : Service 'exec 22 (/bin/rm -rf /data/per_boot)' (pid 1857) exited with status 0 waiting took 0.006000 seconds
11-29 14:06:09.808     0     0 I init    : Sending signal 9 to service 'exec 22 (/bin/rm -rf /data/per_boot)' (pid 1857) process group...
11-29 14:06:09.808     0     0 I libprocessgroup: Successfully killed process cgroup uid 1000 pid 1857 in 0ms
11-29 14:06:09.809     0     0 W         : init (pid 1) is setting deprecated v1 encryption policy; recommend upgrading to v2.
11-29 14:06:09.809     0     0 I init    : Encryption policy of /data/per_boot set to cc824ce4d7581c5b v1 modes 127/4 flags 0x0
11-29 14:06:09.809     0     0 I init    : processing action (sys.boot_completed=1) from (/vendor/etc/init/hw/init.kona.rc:397)
11-29 14:06:09.809     0     0 I         : Boot completed
11-29 14:06:09.809     0     0 I init    : processing action (sys.boot_completed=1 && sys.bootstat.first_boot_completed=0) from (/system/etc/init/bootstat.rc:77)
11-29 14:06:09.809     0     0 I init    : starting service 'exec 23 (/system/bin/bootstat --record_boot_complete --record_boot_reason --record_time_since_factory_reset -l)'...
11-29 14:06:09.810     0     0 I init    : processing action (sys.boot_completed=1) from (/system/etc/init/flags_health_check.rc:7)
11-29 14:06:09.818     0     0 I init    : processing action (lmkd.reinit=0 && sys.boot_completed=1) from (/system/etc/init/lmkd.rc:14)
11-29 14:06:09.819     0     0 I init    : processing action (sys.boot_completed=1) from (/system/etc/init/logd.rc:33)
11-29 14:06:09.820     0     0 I init    : starting service 'logd-auditctl'...
11-29 14:06:09.822     0     0 I binder  : 1859:1859 ioctl 40046210 7fe1373014 returned -22
11-29 14:06:09.822     0     0 I init    : processing action (sys.boot_completed=1) from (/system/etc/init/ovr_crashreporter.rc:9)
11-29 14:06:09.822     0     0 I init    : starting service 'panicreporter'...
11-29 14:06:09.824     0     0 I init    : wait for '/data/system/dropbox' took 0ms
11-29 14:06:09.824     0     0 I init    : starting service 'crashreporterd'...
11-29 14:06:09.825     0     0 I init    : processing action (sys.boot_completed=1 && sys.wifitracing.started=0) from (/system/etc/init/wifi.rc:28)
11-29 14:06:09.826     0     0 E selinux : SELinux: Could not get canonical path for /sys/kernel/debug/tracing/instances/wifi restorecon: No such file or directory.
11-29 14:06:09.826     0     0 E selinux :  
11-29 14:06:09.837     0     0 I selinux : SELinux: Skipping restorecon on directory(/data/system_ce/0)
11-29 14:06:09.837     0     0 I selinux :  
11-29 14:06:09.839     0     0 I selinux : SELinux: Skipping restorecon on directory(/data/vendor_ce/0)
11-29 14:06:09.839     0     0 I selinux :  
11-29 14:06:09.842     0     0 I selinux : SELinux: Skipping restorecon on directory(/data/misc_ce/0)
11-29 14:06:09.842     0     0 I selinux :  
11-29 14:06:09.847     0     0 I binder  : 1861:1861 ioctl 40046210 7fdc13c984 returned -22
11-29 14:06:09.850     0     0 I init    : Service 'exec 23 (/system/bin/bootstat --record_boot_complete --record_boot_reason --record_time_since_factory_reset -l)' (pid 1859) exited with status 0 oneshot service took 0.040000 seconds in background
11-29 14:06:09.850     0     0 I init    : Sending signal 9 to service 'exec 23 (/system/bin/bootstat --record_boot_complete --record_boot_reason --record_time_since_factory_reset -l)' (pid 1859) process group...
11-29 14:06:09.851     0     0 I libprocessgroup: Successfully killed process cgroup uid 1000 pid 1859 in 0ms
11-29 14:06:09.851     0     0 I init    : Service 'logd-auditctl' (pid 1862) exited with status 0 oneshot service took 0.030000 seconds in background
11-29 14:06:09.851     0     0 I init    : Sending signal 9 to service 'logd-auditctl' (pid 1862) process group...
11-29 14:06:09.851     0     0 I libprocessgroup: Successfully killed process cgroup uid 1036 pid 1862 in 0ms
11-29 14:06:09.858     0     0 I init    : processing action (lmkd.reinit=1) from (/system/etc/init/lmkd.rc:10)
11-29 14:06:09.858     0     0 I init    : starting service 'exec 24 (/system/bin/lmkd --reinit)'...
11-29 14:06:09.863     0     0 I init    : processing action (sys.boot_completed=1 && sys.wifitracing.started=1 && wifi.interface=*) from (/system/etc/init/wifi.rc:98)
11-29 14:06:09.869     0     0 I binder  : 1889:1889 ioctl 40046210 7fdc13c984 returned -22
11-29 14:06:09.886     0     0 I init    : Service 'exec 24 (/system/bin/lmkd --reinit)' (pid 1893) exited with status 0 oneshot service took 0.025000 seconds in background
11-29 14:06:09.886     0     0 I init    : Sending signal 9 to service 'exec 24 (/system/bin/lmkd --reinit)' (pid 1893) process group...
11-29 14:06:09.886     0     0 I libprocessgroup: Successfully killed process cgroup uid 0 pid 1893 in 0ms
11-29 14:06:09.893     0     0 I init    : processing action (sys.user.0.ce_available=true) from (/system/etc/init/wifi.rc:21)
11-29 14:06:09.893     0     0 I selinux : SELinux: Skipping restorecon on directory(/data/misc_ce/0/apexdata/com.android.wifi)
11-29 14:06:09.893     0     0 I selinux :  
11-29 14:06:09.919     0     0 I binder  : 1865:1918 ioctl 40046210 7732c518e4 returned -22
11-29 14:06:09.913   962  1105 I TrackingService: ConstellationTrackingGlue: setEnableExtendedDeadreckoning to false
11-29 14:06:09.913   962  1105 I TrackingService: [                   constellation] Power transition: STANDBY -> RUNNING transition time: 342 ms
11-29 14:06:09.914   962  1602 D TrackingService: Scaled haptics updated to: 101
11-29 14:06:09.914   962  1105 I TrackingService: [              selftracked_client] Power transition: STANDBY -> RUNNING transition time: 0 ms
11-29 14:06:09.915   962  1105 I TrackingService: [                            hand] Power transition: STANDBY -> RUNNING transition time: 0 ms
11-29 14:06:09.915   962  1105 I TrackingService: [                            face] Power transition: STANDBY -> RUNNING transition time: 0 ms
11-29 14:06:09.915   800  1065 D CameraStream: Client 962: Attempting StreamControl: 0
11-29 14:06:09.915   800  1065 D CameraClientManager: [HEADSET] Attempting starting camera client.
11-29 14:06:09.915   800  1065 D CameraClientManager: [HEADSET] Successfully found client (962) to start in CameraClientManager list.
11-29 14:06:09.916   800  1065 I FrameSetDispatcher: [HEADSET] Client pid=962 (Obj): Client thread started
11-29 14:06:09.916   800  1065 I CameraClientManager: [HEADSET] Added client (962)(Obj)
11-29 14:06:09.916   800  1065 D CameraClientManager: [HEADSET] Attempting to start stream
11-29 14:06:09.916   800  1065 I CameraClientManager: [HEADSET] Started clients: 2
11-29 14:06:09.916   800  1065 D CameraStream: Client 962: Finished StreamControl: 0
11-29 14:06:09.916   962  1105 I TrackingService: [                          object] Power transition: STANDBY -> RUNNING transition time: 1 ms
11-29 14:06:09.916   962  1105 I TrackingService: [                      controller] Power transition: STANDBY -> RUNNING transition time: 0 ms
11-29 14:06:09.922   800   800 D CameraStream: Client 962: Attempting StreamControl: 0
11-29 14:06:09.923   800   800 D CameraClientManager: [HEADSET] Attempting starting camera client.
11-29 14:06:09.923   800   800 D CameraClientManager: [HEADSET] Successfully found client (962) to start in CameraClientManager list.
11-29 14:06:09.925   800   800 I FrameSetDispatcher: [HEADSET] Client pid=962 (ExpCtl): Client thread started
11-29 14:06:09.925   800   800 I CameraClientManager: [HEADSET] Added client (962)(ExpCtl)
11-29 14:06:09.925   800   800 D CameraClientManager: [HEADSET] Attempting to start stream
11-29 14:06:09.925   800   800 I CameraClientManager: [HEADSET] Started clients: 3
11-29 14:06:09.925   800   800 D CameraStream: Client 962: Finished StreamControl: 0
11-29 14:06:09.926   800   800 D CameraStream: Client 962: Attempting StreamControl: 0
11-29 14:06:09.926   800   800 D CameraClientManager: [CONTROLLER] Attempting starting camera client.
11-29 14:06:09.926   800   800 D CameraClientManager: [CONTROLLER] Successfully found client (962) to start in CameraClientManager list.
11-29 14:06:09.926   800   800 I FrameSetDispatcher: [CONTROLLER] Client pid=962 (ExpCtl): Client thread started
11-29 14:06:09.926   800   800 I CameraClientManager: [CONTROLLER] Added client (962)(ExpCtl)
11-29 14:06:09.926   800   800 D CameraClientManager: [CONTROLLER] Attempting to start stream
11-29 14:06:09.926   800   800 I CameraClientManager: [CONTROLLER] Started clients: 2
11-29 14:06:09.926   800   800 D CameraStream: Client 962: Finished StreamControl: 0
11-29 14:06:09.926   962  1105 I TrackingService: [                 ExposureControl] Power transition: STANDBY -> RUNNING transition time: 10 ms
11-29 14:06:09.926   962  1103 D TrackingService: Transition completed for (null)
11-29 14:06:09.926   962  1103 D TrackingService: setPowerState: RUNNING
11-29 14:06:09.933     0     0 I binder  : 1913:1913 ioctl 40046210 7fdc13c984 returned -22
11-29 14:06:09.947     0     0 I binder  : 1864:1939 ioctl 40046210 77fc9e78e4 returned -22
11-29 14:06:09.979     0     0 I         : sdcardfs version 2.0
11-29 14:06:09.979     0     0 I sdcardfs: dev_name -> /data/media
11-29 14:06:09.979     0     0 I sdcardfs: options -> fsuid=1023,fsgid=1023,multiuser,derive_gid,default_normal,unshared_obb,mask=6,userid=0,gid=1015
11-29 14:06:09.979     0     0 I sdcardfs: mnt -> 000000006f39ea42
11-29 14:06:09.979     0     0 I sdcardfs: mounted on top of /data/media type f2fs
11-29 14:06:09.979     0     0 I         : Remount options were mask=23,gid=9997 for vfsmnt 0000000040c39b2c.
11-29 14:06:09.979     0     0 I sdcardfs: options - debug:1
11-29 14:06:09.979     0     0 I sdcardfs: options - gid:9997
11-29 14:06:09.979     0     0 I sdcardfs: options - mask:23
11-29 14:06:09.979     0     0 I         : Remount options were mask=7,gid=9997 for vfsmnt 000000002884c767.
11-29 14:06:09.979     0     0 I sdcardfs: options - debug:1
11-29 14:06:09.979     0     0 I sdcardfs: options - gid:9997
11-29 14:06:09.979     0     0 I sdcardfs: options - mask:7
11-29 14:06:09.979     0     0 I         : Remount options were mask=7,gid=9997 for vfsmnt 0000000086e5cb4c.
11-29 14:06:09.979     0     0 I sdcardfs: options - debug:1
11-29 14:06:09.979     0     0 I sdcardfs: options - gid:9997
11-29 14:06:09.979     0     0 I sdcardfs: options - mask:7
11-29 14:06:09.990     0     0 I binder  : 1945:1945 ioctl 40046210 7fdc13c984 returned -22
11-29 14:06:10.060     0     0 I binder  : 1973:1973 ioctl 40046210 7fdc13c984 returned -22
11-29 14:06:10.073     0     0 I binder  : 1988:1988 ioctl 40046210 7fdc13c984 returned -22
11-29 14:06:10.101     0     0 I binder  : 2005:2005 ioctl 40046210 7fdc13c984 returned -22
11-29 14:06:10.118     0     0 I binder  : 2020:2020 ioctl 40046210 7fdc13c984 returned -22
11-29 14:06:10.142     0     0 I binder  : 2036:2036 ioctl 40046210 7fdc13c984 returned -22
11-29 14:06:10.150     0     0 I binder  : 1561:1561 ioctl 40046210 7fdc13c444 returned -22
11-29 14:06:10.154     0     0 I binder  : 2048:2048 ioctl 40046210 7fdc13c984 returned -22
11-29 14:06:10.165     0     0 I binder  : 2057:2057 ioctl 40046210 7fdc13c984 returned -22
11-29 14:06:10.191     0     0 I binder  : 2096:2096 ioctl 40046210 7fdc13c984 returned -22
11-29 14:06:10.234  1664  1664 D OVRRemoteService: ControllerGlue::init()
11-29 14:06:10.234  1664  1664 D ControllerManagement: ControllerGlueJni::init()
11-29 14:06:10.234  1664  1664 D OVRRemoteService: ControllerGlue: Setting up streams
11-29 14:06:10.237  1664  1664 D OVRRemoteService: ControllerGlue: Enumerating paired controllers
11-29 14:06:10.241   800   800 D SensorService: Found paired controllers: 2
11-29 14:06:10.241   800   800 D SensorService: Syncboss input 7feddd23f612a3d0 hardware type 4, subtype 1, revision 
11-29 14:06:10.241   800   800 I SensorService: preparePairedControllerInfo is adding device with valid 1
11-29 14:06:10.241   800   800 D SensorService: Syncboss input e2257c80093959fc hardware type 4, subtype 2, revision 
11-29 14:06:10.241   800   800 I SensorService: preparePairedControllerInfo is adding device with valid 1
11-29 14:06:10.242  1664  1664 I OVRRemoteService: Creating RemoteDevice for 7feddd23f612a3d0
11-29 14:06:10.243  1664  1664 D OVRRemoteService: RemoteService::recordControllerStatusUpdate: device 7feddd23f612a3d0: status: DISABLED tracking: POSITION, errors: --
11-29 14:06:10.243  1664  1664 I OVRRemoteService: Creating RemoteDevice for e2257c80093959fc
11-29 14:06:10.243  1664  1664 D OVRRemoteService: RemoteService::recordControllerStatusUpdate: device e2257c80093959fc: status: DISABLED tracking: POSITION, errors: --
11-29 14:06:10.244  1664  1664 I RemoteService: Initializing remote service
11-29 14:06:10.247  1664  1664 D SensorClientUtils: temporarilyWake(): performing transition to STANDBY
11-29 14:06:10.248  1664  1664 D SensorClientUtils: Executing transition from SLEEP to STANDBY
11-29 14:06:10.248  1664  1664 D OVRRemoteService: [controller] SLEEP -> STANDBY
11-29 14:06:10.248  1664  1664 D OVRRemoteService: ControllerGlue: setting expected mode to Streaming
11-29 14:06:10.248  1664  1664 D OVRRemoteService: ControllerGlue: Setting current mode to Streaming
11-29 14:06:10.248  1664  1664 D OVRRemoteService: ControllerGlue: leave mode Disabled
11-29 14:06:10.248  1664  1664 D OVRRemoteService: ControllerGlue: Setting mode to Streaming
11-29 14:06:10.248  1664  1664 D OVRRemoteService: ControllerGlue: enter mode Streaming
11-29 14:06:10.248   800   800 D SensorService: ControllerProvider: acquiring StreamingClient impl; approx # alive: 2
11-29 14:06:10.248   800   800 D libsensorscommon: ControllerProvider: acquiring StreamingClient hidl
11-29 14:06:10.249  1664  1664 D OVRRemoteService: RemoteService::recordControllerStatusUpdate: device e2257c80093959fc: status: SEARCHING tracking: POSITION, errors: --
11-29 14:06:10.249  1664  1664 D OVRRemoteService: RemoteService::recordControllerStatusUpdate: device 7feddd23f612a3d0: status: SEARCHING tracking: POSITION, errors: --
11-29 14:06:10.249  1664  1664 D SensorClientUtils: Scheduling delayed transition to SLEEP in 120000ms
11-29 14:06:10.249  1664  1690 D SensorClientUtils: Cancelling delayed transition to SLEEP
11-29 14:06:10.250  1664  1690 D SensorClientUtils: Received transition request from STANDBY to RUNNING
11-29 14:06:10.250  1664  1690 D SensorClientUtils: Executing transition from STANDBY to RUNNING
11-29 14:06:10.250  1664  1690 D OVRRemoteService: [controller] STANDBY -> RUNNING
11-29 14:06:10.252  1664  1690 D RemoteService: RemoteService - Registering status callback
11-29 14:06:10.251     0     0 I binder  : 1689:1689 ioctl 40046210 7fdc13c1e4 returned -22
11-29 14:06:10.330     0     0 I binder  : 2153:2153 ioctl 40046210 7fdc13c984 returned -22
11-29 14:06:10.342     0     0 I binder  : 2172:2172 ioctl 40046210 7fdc13c984 returned -22
11-29 14:06:10.424     0     0 I binder  : 2212:2212 ioctl 40046210 7fdc13c984 returned -22
11-29 14:06:10.491   800  1016 E SyncBossHAL: [error  ] syncboss_hal_impl_input.c(1148): Pulsar connected devices state change: 1, host current time: 1701263170491ms
11-29 14:06:10.507     0     0 I binder  : 2259:2259 ioctl 40046210 7fdc13c984 returned -22
11-29 14:06:10.513     0     0 I binder  : 2266:2266 ioctl 40046210 7fdc13c984 returned -22
11-29 14:06:10.551   800  1020 I SyncBossHAL: [info   ] pulsar_manager.c(511): 7feddd23xxxxxxxx: Configuring IR LED to ontime = 34, period = 40000, delay = -17
11-29 14:06:10.557   800  1020 I SyncBossHAL: [info   ] pulsar_manager.c(456): Finished getting cache data for controller
11-29 14:06:10.557   800  1020 I SyncBossHAL:     id            : 7feddd23xxxxxxxx
11-29 14:06:10.557   800  1020 I SyncBossHAL:     pulsar_type   : 0x08001401
11-29 14:06:10.557   800  1020 I SyncBossHAL:     connection id : 0x1
11-29 14:06:10.557   800  1020 I SyncBossHAL:     fw ver        : 1.9.0
11-29 14:06:10.557   800  1020 I SyncBossHAL:     spl ver       : 1.5.1
11-29 14:06:10.557   800  1020 I SyncBossHAL:     serial        : 1WMHCL137U1421
11-29 14:06:10.557   800  1020 I SyncBossHAL:     handedness    : left
11-29 14:06:10.557   800  1020 I SyncBossHAL:     battery state : 60%
11-29 14:06:10.558   800  1020 I SyncBossHAL: [info   ] pulsar_manager.c(473): Jedi-specific cache data:
11-29 14:06:10.558   800  1020 I SyncBossHAL:     captouch ver  : 1.9.0
11-29 14:06:10.562   800  1609 D SensorService: Syncboss input 7feddd23f612a3d0 hardware type 4, subtype 1, revision 0x08
11-29 14:06:10.562   800  1609 I SensorService: preparePairedControllerInfo is adding device with valid 1
11-29 14:06:10.562   800  1609 D SensorService: Syncboss input e2257c80093959fc hardware type 4, subtype 2, revision 
11-29 14:06:10.562   800  1609 I SensorService: preparePairedControllerInfo is adding device with valid 1
11-29 14:06:10.564   800  1020 I SyncBossHAL: [info   ] pulsar_manager.c(511): 7feddd23xxxxxxxx: Configuring IR LED to ontime = 34, period = 40000, delay = -17
11-29 14:06:10.564   800  1609 D SensorService: stateChangeNotifierFunc(): Reporting controller info. Change token: 1, paired=2 connected=1
11-29 14:06:10.565  1664  2124 D OVRRemoteService: processStateChange([PairedControllerInfo JEDI 7feddd23f612a3d0 connected mcnt=0])
11-29 14:06:10.565  1664  2124 D OVRRemoteService: RemoteService::recordControllerStatusUpdate: device 7feddd23f612a3d0: status: CONNECTED_ACTIVE tracking: POSITION, errors: --
11-29 14:06:10.566  1664  2124 D OVRRemoteService: processStateChange([PairedControllerInfo JEDI e2257c80093959fc disconnected update-required mcnt=0])
11-29 14:06:10.567   800  1596 E SyncBossHAL: [error  ] syncboss_hal_data_handlers.c(170): s:0 Invalid command call_status received: status: 0, sequence_id: 0, count: 1
11-29 14:06:10.595   800  1596 I SyncBossHAL: [info   ] syncboss_hal_input_controller.c(184): Controller 7feddd23xxxxxxxx battery level changed: 0% -> 60%
11-29 14:06:10.600   800  1609 D SensorService: Syncboss input 7feddd23f612a3d0 hardware type 4, subtype 1, revision 0x08
11-29 14:06:10.600   800  1609 I SensorService: preparePairedControllerInfo is adding device with valid 1
11-29 14:06:10.600   800  1609 D SensorService: Syncboss input e2257c80093959fc hardware type 4, subtype 2, revision 
11-29 14:06:10.600   800  1609 I SensorService: preparePairedControllerInfo is adding device with valid 1
11-29 14:06:10.600   800  1609 D SensorService: stateChangeNotifierFunc(): Reporting controller info. Change token: 2, paired=2 connected=1
11-29 14:06:10.600  1664  2124 D OVRRemoteService: processStateChange([PairedControllerInfo JEDI 7feddd23f612a3d0 connected mcnt=0])
11-29 14:06:10.600  1664  2124 D OVRRemoteService: RemoteService::recordControllerStatusUpdate: device 7feddd23f612a3d0: status: CONNECTED_ACTIVE tracking: POSITION, errors: --
11-29 14:06:10.600  1664  2124 D OVRRemoteService: processStateChange([PairedControllerInfo JEDI e2257c80093959fc disconnected update-required mcnt=0])
11-29 14:06:10.617   800  1596 I SyncBossInput: [info   ] [jedi ( left) 7feddd23xxxxxxxx]:       2 [info   ] {LOG }: Build Date: Feb 11 2022 Time: 16:54:08
11-29 14:06:10.654   800  1596 I SyncBossInput: [info   ] [jedi ( left) 7feddd23xxxxxxxx]:       2 [info   ] {LOG }: Build flavor: USER
11-29 14:06:10.693   800  1596 I SyncBossInput: [info   ] [jedi ( left) 7feddd23xxxxxxxx]:       2 [info   ] {LOG }: RESET_REASON:
11-29 14:06:10.724     0     0 E bt_ioctl: BT_CMD_PWR_CTRL pwr_cntrl:2
11-29 14:06:10.724     0     0 E bt_vreg_unvote: vreg_unvote successful for : qca,bt-vdd-rfa2
11-29 14:06:10.724     0     0 E bt_vreg_unvote: vreg_unvote successful for : qca,bt-vdd-rfa1
11-29 14:06:10.724     0     0 E bt_vreg_unvote: vreg_unvote successful for : qca,bt-vdd-dig
11-29 14:06:10.724     0     0 E bt_vreg_unvote: vreg_unvote successful for : qca,bt-vdd-aon
11-29 14:06:10.725   800  1596 I SyncBossInput: [info   ] [jedi ( left) 7feddd23xxxxxxxx]:       2 [info   ] {LOG }:  --> SYSTEM_OFF
11-29 14:06:10.767   800  1596 I SyncBossInput: [info   ] [jedi ( left) 7feddd23xxxxxxxx]:       2 [info   ] {LOG }: Lock state: locked
11-29 14:06:10.817   800  1596 I SyncBossInput: [info   ] [jedi ( left) 7feddd23xxxxxxxx]:       3 [info   ] {WRLS}: Device paired with: 0x5EE2D7DD
11-29 14:06:10.847     0     0 I binder  : undelivered death notification, b40000776ec1ad80
11-29 14:06:10.847     0     0 I init    : Service 'panicreporter' (pid 1864) exited with status 0 oneshot service took 1.023000 seconds in background
11-29 14:06:10.847     0     0 I init    : Sending signal 9 to service 'panicreporter' (pid 1864) process group...
11-29 14:06:10.847     0     0 I libprocessgroup: Successfully killed process cgroup uid 1000 pid 1864 in 0ms
11-29 14:06:10.848   800   800 D SensorService: Found paired controllers: 2
11-29 14:06:10.848   800   800 D SensorService: Syncboss input 7feddd23f612a3d0 hardware type 4, subtype 1, revision 0x08
11-29 14:06:10.848   800   800 I SensorService: preparePairedControllerInfo is adding device with valid 1
11-29 14:06:10.848   800   800 D SensorService: Syncboss input e2257c80093959fc hardware type 4, subtype 2, revision 
11-29 14:06:10.848   800   800 I SensorService: preparePairedControllerInfo is adding device with valid 1
11-29 14:06:10.849   962  1608 D TrackingService: Creating RemoteConstellationTrackedDevice
11-29 14:06:10.849   962  1608 I TrackingService: Registering primary controller 7feddd23f612a3d0 in slot 0
11-29 14:06:10.850   962  1608 D TrackingService: TrackingDataPostProcessor: Hand autotransition v2 GK enabled: 1
11-29 14:06:10.850   962  1608 D TrackingService: registerRemote: 7feddd23f612a3d0
11-29 14:06:10.849     0     0 I input   : Device 0x7FEDDD23F612A3D0 as /devices/virtual/input/input3
11-29 14:06:10.855   962  1608 W TrackingService: Attempted to control leds, but gatekeeper is disabled. Skipping operation.
11-29 14:06:10.855  1664  2124 D OVRRemoteService: RemoteService::recordControllerStatusUpdate: device 7feddd23f612a3d0: status: CONNECTED_ACTIVE tracking: POSITION, errors: --
11-29 14:06:10.857   962  1608 D TrackingService: 7feddd23f612a3d0: isControllerInHand(7.00s): 1 ctEnabled: 1 btnPress: 1 btnOrTpdTouch: 1 btnOrTpdProx: 1 static(7.00s): 1 thbstkOffCenter: 1 
11-29 14:06:10.857   962  1608 D TrackingService: [HANDTRACKING] Controller 7feddd23f612a3d0 in hand: Y, valid: Y
11-29 14:06:10.858  1664  2124 D OVRRemoteService: RemoteService::recordControllerStatusUpdate: device 7feddd23f612a3d0: status: CONNECTED_ACTIVE tracking: NONE, errors: --
11-29 14:06:10.865   800  1596 I SyncBossInput: [info   ] [jedi ( left) 7feddd23xxxxxxxx]:       3 [info   ] {TSDY}: Read user cal successfully
11-29 14:06:10.905   800  1596 I SyncBossInput: [info   ] [jedi ( left) 7feddd23xxxxxxxx]:       3 [info   ] {TSDY}: updates: 0, flash writes: 1
11-29 14:06:10.913     0     0 I binder  : 2362:2362 ioctl 40046210 7fdc13c984 returned -22
11-29 14:06:10.930  1664  1690 D RemoteService: RemoteService - Registering status callback
11-29 14:06:10.963   800  1596 I SyncBossInput: [info   ] [jedi ( left) 7feddd23xxxxxxxx]:       3 [info   ] {TSDY}: range:x_min:2995 x_max:12365 y_min:2825 y_max:12359
11-29 14:06:11.009   800  1596 I SyncBossInput: [info   ] [jedi ( left) 7feddd23xxxxxxxx]:       3 [info   ] {TSDY}: db percent: inner:18, outer:6
11-29 14:06:11.065   800  1596 I SyncBossInput: [info   ] [jedi ( left) 7feddd23xxxxxxxx]:       3 [info   ] {TS  }: recenter:xmin:3409,xmax:12779,ymin:2892,ymax:12426
11-29 14:06:11.111   800  1596 I SyncBossInput: [info   ] [jedi ( left) 7feddd23xxxxxxxx]:       3 [info   ] {TRG }: Forward trigger range: 2968 12382
11-29 14:06:11.155  1664  2124 D OVRRemoteService: RemoteService::recordControllerStatusUpdate: device 7feddd23f612a3d0: status: CONNECTED_ACTIVE tracking: NONE, errors: --
11-29 14:06:11.157   800  1596 I SyncBossInput: [info   ] [jedi ( left) 7feddd23xxxxxxxx]:       3 [info   ] {TRG }: Grip trigger range: 3644 14083
11-29 14:06:11.189   800  1596 I SyncBossInput: [info   ] [jedi ( left) 7feddd23xxxxxxxx]:     103 [info   ] {CAPT}: Cap touch init
11-29 14:06:11.199     0     0 I binder  : 2404:2404 ioctl 40046210 7fdc13c984 returned -22
11-29 14:06:11.208     0     0 I binder  : 2424:2424 ioctl 40046210 7fdc13c984 returned -22
11-29 14:06:11.231   800  1596 I SyncBossInput: [info   ] [jedi ( left) 7feddd23xxxxxxxx]:     105 [info   ] {IMU }: IMU model: ICM42686
11-29 14:06:11.253  1664  2124 D OVRRemoteService: RemoteService::recordControllerStatusUpdate: device 7feddd23f612a3d0: status: CONNECTED_ACTIVE tracking: ORIENTATION, errors: --
11-29 14:06:11.273   800  1596 I SyncBossInput: [info   ] [jedi ( left) 7feddd23xxxxxxxx]:     155 [info   ] {THDG}: UNSET -> active_seek
11-29 14:06:11.275     0     0 I binder  : 2469:2469 ioctl 40046210 7fdc13c984 returned -22
11-29 14:06:11.289     0     0 I binder  : 2497:2497 ioctl 40046210 7fdc13c984 returned -22
11-29 14:06:11.307   800  1596 I SyncBossInput: [info   ] [jedi ( left) 7feddd23xxxxxxxx]:     155 [info   ] {APP }: Init complete
11-29 14:06:11.337   800  1596 I SyncBossInput: [info   ] [jedi ( left) 7feddd23xxxxxxxx]:     200 [info   ] {APP }: Connected
11-29 14:06:11.343     0     0 I binder  : 2469:2469 ioctl 40046210 7fdc13c1e4 returned -22
11-29 14:06:11.346     0     0 W audit   : audit_lost=1 audit_rate_limit=5 audit_backlog_limit=64
11-29 14:06:11.346     0     0 E audit   : rate limit exceeded
11-29 14:06:11.383   800  1596 I SyncBossInput: [info   ] [jedi ( left) 7feddd23xxxxxxxx]:     201 [info   ] {THDG}: active_seek -> active_connected
11-29 14:06:11.386     0     0 D cnss    : Received QMI WLFW pin connect result indication
11-29 14:06:11.386     0     0 D cnss    : Pin connect Result: pwr_pin: 0x0 phy_io_pin: 0x0 rf_io_pin: 0x2b
11-29 14:06:11.386     0     0 D cnss    : Received QMI WLFW calibration done indication
11-29 14:06:11.386     0     0 D cnss    : Posting event: COLD_BOOT_CAL_DONE(6), state: 0xf flags: 0x0
11-29 14:06:11.386     0     0 D cnss    : PM stay awake, state: 0xf, count: 1
11-29 14:06:11.386     0     0 D cnss    : PM relax, state: 0xf, count: 0
11-29 14:06:11.386     0     0 D cnss    : Received QMI WLFW FW ready indication
11-29 14:06:11.386     0     0 D cnss    : Posting event: COLD_BOOT_CAL_DONE(6), state: 0xf flags: 0x0
11-29 14:06:11.386     0     0 D cnss    : PM stay awake, state: 0xf, count: 1
11-29 14:06:11.386     0     0 D cnss    : PM relax, state: 0xf, count: 0
11-29 14:06:11.386     0     0 D cnss    : PM stay awake, state: 0xf, count: 1
11-29 14:06:11.386     0     0 D cnss    : Processing driver event: COLD_BOOT_CAL_DONE(6), state: 0xf
11-29 14:06:11.386     0     0 D cnss    : Calibration completed successfully
11-29 14:06:11.386     0     0 D cnss    : Sending mode message, mode: OFF(4), state: 0xf
11-29 14:06:11.390     0     0 D cnss    : Skip driver remove
11-29 14:06:11.390     0     0 D cnss    : Read register offset 0x1f8031c, val = 0x2
11-29 14:06:11.390     0     0 D cnss    : Write val 0x3 to register offset 0x1f8031c
11-29 14:06:11.390     0     0 D cnss    : WLFW server exiting
11-29 14:06:11.390     0     0 D cnss    : Posting event: SERVER_EXIT(1), state: 0x2000f flags: 0x0
11-29 14:06:11.391     0     0 I binder  : 2550:2550 ioctl 40046210 7fdc13c984 returned -22
11-29 14:06:11.392     0     0 D cnss    : Setting MHI state: POWER_OFF(4)
11-29 14:06:11.408     0     0 D cnss    : Suspending PCI link
11-29 14:06:11.418     0     0 I msm_pcie_disable: PCIe: Assert the reset of endpoint of RC0.
11-29 14:06:11.418     0     0 D cnss    : Setting MHI state: DEINIT(1)
11-29 14:06:11.419     0     0 D cnss    : De-assert WLAN_EN GPIO successfully
11-29 14:06:11.419     0     0 D cnss    : Regulator vdd-wlan-rfa2 is being disabled
11-29 14:06:11.419     0     0 D cnss    : Regulator vdd-wlan-rfa1 is being disabled
11-29 14:06:11.419     0     0 D cnss    : Regulator vdd-wlan-dig is being disabled
11-29 14:06:11.419     0     0 D cnss    : Regulator vdd-wlan-aon is being disabled
11-29 14:06:11.419     0     0 D cnss    : Regulator vdd-wlan-io is being disabled
11-29 14:06:11.433   800  1596 I SyncBossInput: [info   ] [jedi ( left) 7feddd23xxxxxxxx]:     818 [info   ] {HPTH}: Set haptics frequency to 0x2146
11-29 14:06:11.478     0     0 D cnss    : Processing driver event: COLD_BOOT_CAL_DONE(6), state: 0x20001
11-29 14:06:11.478     0     0 D cnss    : Processing driver event: SERVER_EXIT(1), state: 0x20001
11-29 14:06:11.478     0     0 I cnss    : QMI WLFW service disconnected, state: 0x20000
11-29 14:06:11.478     0     0 D cnss    : Posting event: REGISTER_DRIVER(7)-sync, state: 0x20000 flags: 0x5
11-29 14:06:11.478     0     0 D cnss    : Processing driver event: REGISTER_DRIVER-sync(7), state: 0x0
11-29 14:06:11.478     0     0 D cnss    : Regulator vdd-wlan-io is being enabled
11-29 14:06:11.478     0     0 D cnss    : Regulator vdd-wlan-aon is being enabled
11-29 14:06:11.478     0     0 D cnss    : Regulator vdd-wlan-dig is being enabled
11-29 14:06:11.478     0     0 D cnss    : Regulator vdd-wlan-rfa1 is being enabled
11-29 14:06:11.478     0     0 D cnss    : Regulator vdd-wlan-rfa2 is being enabled
11-29 14:06:11.478     0     0 D cnss    : BT_EN_GPIO State: On
11-29 14:06:11.479     0     0 D cnss    : Assert WLAN_EN GPIO successfully
11-29 14:06:11.479     0     0 D cnss    : Resuming PCI link
11-29 14:06:11.479     0     0 I msm_pcie_enable: PCIe: Assert the reset of endpoint of RC0.
11-29 14:06:11.480     0     0 I binder  : 2583:2583 ioctl 40046210 7fdc13c984 returned -22
11-29 14:06:11.483     0     0 I msm_pcie_enable: PCIe: RC0: PCIE20_PARF_INT_ALL_MASK: 0x7f80d202
11-29 14:06:11.485     0     0 I pcie_phy_init: PCIe RC0 PHY is ready!
11-29 14:06:11.495     0     0 I msm_pcie_enable: PCIe: Release the reset of endpoint of RC0.
11-29 14:06:11.511     0     0 I msm_pcie_link_train: PCIe RC0 link initialized
11-29 14:06:11.523     0     0 I binder  : 2602:2602 ioctl 40046210 7fdc13c984 returned -22
11-29 14:06:11.528     0     0 I cnss_pci 0000: 01:00.0: enabling device (0000 -> 0002)
11-29 14:06:11.529     0     0 D cnss    : Config PCIe remap window register to 0x4000003f
11-29 14:06:11.529     0     0 D cnss    : Read register offset 0x1f8031c, val = 0x6
11-29 14:06:11.529     0     0 D cnss    : Write val 0x2 to register offset 0x1f8031c
11-29 14:06:11.529     0     0 D cnss    : Setting MHI state: INIT(0)
11-29 14:06:11.529     0     0 D cnss    : Setting MHI state: POWER_ON(2)
11-29 14:06:11.529     0     0 W cnss_pci 0000: 01:00.0: Falling back to syfs fallback for: qca6390/amss20.bin
11-29 14:06:11.531     0     0 I ueventd : firmware: loading 'qca6390/amss20.bin' for '/devices/platform/soc/1c00000.qcom,pcie/pci0000:00/0000:00:00.0/0000:01:00.0/firmware/qca6390!amss20.bin'
11-29 14:06:11.533     0     0 I ueventd : loading /devices/platform/soc/1c00000.qcom,pcie/pci0000:00/0000:00:00.0/0000:01:00.0/firmware/qca6390!amss20.bin took 1ms
11-29 14:06:11.606  1664  2124 D OVRRemoteService: RemoteService::recordControllerStatusUpdate: device 7feddd23f612a3d0: status: CONNECTED_ACTIVE tracking: POSITION, errors: --
11-29 14:06:11.618     0     0 I binder  : 2628:2628 ioctl 40046210 7fdc13c984 returned -22
11-29 14:06:11.769     0     0 I binder  : 2693:2693 ioctl 40046210 7fdc13c984 returned -22
11-29 14:06:11.797     0     0 I binder  : 2712:2712 ioctl 40046210 7fdc13c984 returned -22
11-29 14:06:11.912     0     0 D cnss    : MHI status cb is called with reason MISSION_MODE(6)
11-29 14:06:11.912     0     0 D cnss    : Completed event: REGISTER_DRIVER(7), state: 0x10, ret: 0/0
11-29 14:06:11.912     0     0 D cnss    : PM relax, state: 0x10, count: 0
11-29 14:06:11.915     0     0 I init    : Service 'exec 17 (/vendor/bin/modprobe -a -d /vendor/lib/modules/ wlan)' (pid 778) exited with status 0 oneshot service took 5.809000 seconds in background
11-29 14:06:11.915     0     0 I init    : Sending signal 9 to service 'exec 17 (/vendor/bin/modprobe -a -d /vendor/lib/modules/ wlan)' (pid 778) process group...
11-29 14:06:11.916     0     0 I libprocessgroup: Successfully killed process cgroup uid 0 pid 778 in 1ms
11-29 14:06:11.943     0     0 I binder  : 2773:2773 ioctl 40046210 7fdc13c984 returned -22
11-29 14:06:11.951     0     0 D cnss    : WLFW server arriving: node 7 port 1
11-29 14:06:11.951     0     0 D cnss    : Posting event: SERVER_ARRIVE(0), state: 0x10 flags: 0x0
11-29 14:06:11.951     0     0 D cnss    : PM stay awake, state: 0x10, count: 1
11-29 14:06:11.951     0     0 D cnss    : PM relax, state: 0x10, count: 0
11-29 14:06:11.951     0     0 D cnss    : PM stay awake, state: 0x10, count: 1
11-29 14:06:11.951     0     0 D cnss    : Processing driver event: SERVER_ARRIVE(0), state: 0x10
11-29 14:06:11.951     0     0 I cnss    : QMI WLFW service connected, state: 0x11
11-29 14:06:11.951     0     0 D cnss    : Sending indication register message, state: 0x11
11-29 14:06:11.954     0     0 D cnss    : Sending host capability message, state: 0x11
11-29 14:06:11.954     0     0 D cnss    : Number of clients is 2
11-29 14:06:11.954     0     0 D cnss    : Assign MSI to user: WAKE, num_vectors: 1, user_base_data: 813, base_vector: 13
11-29 14:06:11.954     0     0 D cnss    : WAKE MSI base data is 813
11-29 14:06:11.954     0     0 D cnss    : Calibration done is 1
11-29 14:06:11.958     0     0 D cnss    : Received QMI WLFW request memory indication
11-29 14:06:11.958     0     0 D cnss    : PM relax, state: 0x11, count: 0
11-29 14:06:11.958     0     0 D cnss    : FW requests for memory, size: 0x5e0000, type: 1
11-29 14:06:11.958     0     0 D cnss    : FW requests for memory, size: 0xd8000, type: 4
11-29 14:06:11.958     0     0 D cnss    : Posting event: REQUEST_MEM(2), state: 0x11 flags: 0x0
11-29 14:06:11.958     0     0 D cnss    : PM stay awake, state: 0x11, count: 1
11-29 14:06:11.958     0     0 D cnss    : PM relax, state: 0x11, count: 0
11-29 14:06:11.958     0     0 D cnss    : PM stay awake, state: 0x11, count: 1
11-29 14:06:11.958     0     0 D cnss    : Processing driver event: REQUEST_MEM(2), state: 0x11
11-29 14:06:11.958     0     0 D cnss    : Sending respond memory message, state: 0x11
11-29 14:06:11.958     0     0 D cnss    : Memory for FW, va: 0x0000000000000000, pa: 0x00000000a1000000, size: 0x5e0000, type: 1
11-29 14:06:11.958     0     0 D cnss    : Memory for FW, va: 0x0000000000000000, pa: 0x00000000a1600000, size: 0xd8000, type: 4
11-29 14:06:11.958     0     0 I binder  : 2787:2787 ioctl 40046210 7fdc13c984 returned -22
11-29 14:06:11.961     0     0 D cnss    : PM relax, state: 0x11, count: 0
11-29 14:06:11.965     0     0 D cnss    : Received QMI WLFW FW memory ready indication
11-29 14:06:11.965     0     0 D cnss    : Posting event: FW_MEM_READY(3), state: 0x11 flags: 0x0
11-29 14:06:11.965     0     0 D cnss    : PM stay awake, state: 0x11, count: 1
11-29 14:06:11.965     0     0 D cnss    : PM relax, state: 0x11, count: 0
11-29 14:06:11.965     0     0 D cnss    : PM stay awake, state: 0x11, count: 1
11-29 14:06:11.965     0     0 D cnss    : Processing driver event: FW_MEM_READY(3), state: 0x11
11-29 14:06:11.965     0     0 D cnss    : Sending target capability message, state: 0x13
11-29 14:06:11.981     0     0 D cnss    : Voltage for CPR: 948mV
11-29 14:06:11.981     0     0 D cnss    : CPR is not enabled
11-29 14:06:11.981     0     0 D cnss    : Device frequency is 24000000 HZ
11-29 14:06:11.981     0     0 D cnss    : Target capability: chip_id: 0x0, chip_family: 0xb, board_id: 0xff, soc_id: 0xffffffff, fw_version: 0x101c077b, fw_build_timestamp: 2023-05-24 16:18, fw_build_id: QC_IMAGE_VERSION_STRING=WLAN.HST.1.0.1.r1-01915-QCAHSTSWPL_SILICONZ-1, otp_version: 0x0
11-29 14:06:11.981     0     0 D cnss    : Sending BDF download message, state: 0x13, type: 4
11-29 14:06:11.981     0     0 D cnss    : FW name added with prefix: qca6390/regdb.bin
11-29 14:06:11.981     0     0 W cnss2 b0000000.qcom,cnss-qca6390: Falling back to syfs fallback for: qca6390/regdb.bin
11-29 14:06:11.986     0     0 I ueventd : firmware: loading 'qca6390/regdb.bin' for '/devices/platform/soc/b0000000.qcom,cnss-qca6390/firmware/qca6390!regdb.bin'
11-29 14:06:11.987     0     0 I ueventd : loading /devices/platform/soc/b0000000.qcom,cnss-qca6390/firmware/qca6390!regdb.bin took 1ms
11-29 14:06:11.987     0     0 D cnss    : Downloading BDF: qca6390/regdb.bin, size: 19348
11-29 14:06:12.014     0     0 D cnss    : Sending BDF download message, state: 0x13, type: 1
11-29 14:06:12.014     0     0 D cnss    : FW name added with prefix: qca6390/bdwlan.elf
11-29 14:06:12.014     0     0 W cnss2 b0000000.qcom,cnss-qca6390: Falling back to syfs fallback for: qca6390/bdwlan.elf
11-29 14:06:12.016     0     0 I ueventd : firmware: loading 'qca6390/bdwlan.elf' for '/devices/platform/soc/b0000000.qcom,cnss-qca6390/firmware/qca6390!bdwlan.elf'
11-29 14:06:12.017     0     0 D cnss    : Downloading BDF: qca6390/bdwlan.elf, size: 57868
11-29 14:06:12.017     0     0 I ueventd : loading /devices/platform/soc/b0000000.qcom,cnss-qca6390/firmware/qca6390!bdwlan.elf took 1ms
11-29 14:06:12.050     0     0 I binder  : 2020:2832 ioctl 40046210 75241f94b4 returned -22
11-29 14:06:12.053     0     0 I binder  : 2020:2832 ioctl 40046210 75241fb2d4 returned -22
11-29 14:06:12.056     0     0 D cnss    : Sending M3 information message, state: 0x13
11-29 14:06:12.056     0     0 D cnss    : M3 memory, va: 0x0000000000000000, pa: 0x00000000a1880000, size: 0x411bc
11-29 14:06:12.058     0     0 D cnss    : PM relax, state: 0x13, count: 0
11-29 14:06:12.058     0     0 D cnss    : Received QMI WLFW FW initialization done indication
11-29 14:06:12.059     0     0 D cnss    : Posting event: FW_READY(4), state: 0x13 flags: 0x0
11-29 14:06:12.059     0     0 D cnss    : PM stay awake, state: 0x13, count: 1
11-29 14:06:12.059     0     0 D cnss    : PM relax, state: 0x13, count: 0
11-29 14:06:12.059     0     0 D cnss    : PM stay awake, state: 0x13, count: 1
11-29 14:06:12.059     0     0 D cnss    : Processing driver event: FW_READY(4), state: 0x13
11-29 14:06:12.059     0     0 D cnss    : PCIE Gen speed not setup
11-29 14:06:12.060     0     0 I ueventd : firmware: loading 'wlan/qca_cld/WCNSS_qcom_cfg.ini' for '/devices/virtual/firmware/wlan!qca_cld!WCNSS_qcom_cfg.ini'
11-29 14:06:12.063     0     0 I ueventd : loading /devices/virtual/firmware/wlan!qca_cld!WCNSS_qcom_cfg.ini took 2ms
11-29 14:06:12.064     0     0 D cnss    : Sending ini sync request, state: 0x17, fw_log_mode: 2
11-29 14:06:12.069     0     0 D cnss    : Mode: 0, config: 0000000000000000, host_version: 2.0.81.3G
11-29 14:06:12.069     0     0 D cnss    : Sending WLAN config message, state: 0x17
11-29 14:06:12.069     0     0 D cnss    : Sending mode message, mode: MISSION(0), state: 0x17
11-29 14:06:12.070     0     0 I binder  : 2853:2853 ioctl 40046210 7fdc13c984 returned -22
11-29 14:06:12.092     0     0 D cnss    : Received QMI WLFW pin connect result indication
11-29 14:06:12.092     0     0 D cnss    : Pin connect Result: pwr_pin: 0x1 phy_io_pin: 0x0 rf_io_pin: 0x0
11-29 14:06:12.092     0     0 D cnss    : Assign MSI to user: CE, num_vectors: 10, user_base_data: 803, base_vector: 3
11-29 14:06:12.092     0     0 D cnss    : Assign MSI to user: CE, num_vectors: 10, user_base_data: 803, base_vector: 3
11-29 14:06:12.093     0     0 D cnss    : Assign MSI to user: CE, num_vectors: 10, user_base_data: 803, base_vector: 3
11-29 14:06:12.093     0     0 D cnss    : Assign MSI to user: CE, num_vectors: 10, user_base_data: 803, base_vector: 3
11-29 14:06:12.093     0     0 D cnss    : Assign MSI to user: CE, num_vectors: 10, user_base_data: 803, base_vector: 3
11-29 14:06:12.093     0     0 D cnss    : Assign MSI to user: CE, num_vectors: 10, user_base_data: 803, base_vector: 3
11-29 14:06:12.093     0     0 D cnss    : Assign MSI to user: WAKE, num_vectors: 1, user_base_data: 813, base_vector: 13
11-29 14:06:12.093     0     0 D cnss    : Get IRQ number 375 for vector index 13
11-29 14:06:12.093     0     0 D cnss    : Assign MSI to user: CE, num_vectors: 10, user_base_data: 803, base_vector: 3
11-29 14:06:12.093     0     0 D cnss    : Get IRQ number 365 for vector index 3
11-29 14:06:12.093     0     0 D cnss    : Get IRQ number 366 for vector index 4
11-29 14:06:12.093     0     0 D cnss    : Get IRQ number 367 for vector index 5
11-29 14:06:12.093     0     0 D cnss    : Get IRQ number 368 for vector index 6
11-29 14:06:12.093     0     0 D cnss    : Get IRQ number 371 for vector index 9
11-29 14:06:12.093     0     0 D cnss    : Get IRQ number 373 for vector index 11
11-29 14:06:12.093     0     0 D cnss    : Platform cap_flag is 0x4
11-29 14:06:12.094   348   348 E wlan    : [348:F:WMA] WMA --> wmi_unified_attach - success
11-29 14:06:12.099     0     0 D cnss    : Assign MSI to user: DP, num_vectors: 18, user_base_data: 814, base_vector: 14
11-29 14:06:12.099     0     0 D cnss    : Assign MSI to user: DP, num_vectors: 18, user_base_data: 814, base_vector: 14
11-29 14:06:12.099     0     0 D cnss    : Assign MSI to user: DP, num_vectors: 18, user_base_data: 814, base_vector: 14
11-29 14:06:12.100     0     0 D cnss    : Assign MSI to user: DP, num_vectors: 18, user_base_data: 814, base_vector: 14
11-29 14:06:12.100     0     0 D cnss    : Assign MSI to user: DP, num_vectors: 18, user_base_data: 814, base_vector: 14
11-29 14:06:12.100     0     0 D cnss    : Assign MSI to user: DP, num_vectors: 18, user_base_data: 814, base_vector: 14
11-29 14:06:12.100     0     0 D cnss    : Assign MSI to user: DP, num_vectors: 18, user_base_data: 814, base_vector: 14
11-29 14:06:12.100     0     0 D cnss    : Assign MSI to user: DP, num_vectors: 18, user_base_data: 814, base_vector: 14
11-29 14:06:12.100     0     0 D cnss    : Assign MSI to user: DP, num_vectors: 18, user_base_data: 814, base_vector: 14
