11-29 14:06:42.396     0     0 I cm710x 1-002c: cm710x_put_vu MIC_DSP_PROCESS_ON_OFF set Value = 1
11-29 14:06:42.432   962  1602 W TrackingService: attachClient: found client in attached list
11-29 14:06:42.432   962   962 W TrackingService: attachClient: found client in attached list
11-29 14:06:42.432   962  1101 W TrackingService: attachClient: found client in attached list
11-29 14:06:42.433   962  1602 D TrackingService: getSharedMemory: com.oculus.guardian, Controller
11-29 14:06:42.433   962  1101 D TrackingService: getSharedMemory: com.oculus.vrshell, Controller
11-29 14:06:42.433   962  1602 W TrackingService: attachClient: found client in attached list
11-29 14:06:42.437   962  1863 W TrackingService: attachClient: found client in attached list
11-29 14:06:42.438   962  1863 D TrackingService: getSharedMemory: com.oculus.vrshell, Controller
11-29 14:06:42.441   962  1863 W TrackingService: attachClient: found client in attached list
11-29 14:06:42.442   962  1863 D TrackingService: getSharedMemory: com.oculus.systemdriver, Controller
11-29 14:06:42.445   962  1103 D TrackingService: haptic socket already exists
11-29 14:06:42.445   962  1103 D TrackingService: getSocket: com.oculus.xrstreamingclient
11-29 14:06:42.458   962  1103 W TrackingService: attachClient: found client in attached list
11-29 14:06:42.459   962  1103 D TrackingService: getSharedMemory: /system/bin/mrsystemservice, Controller
11-29 14:06:42.464     0     0 I cm710x 1-002c: cm710x_put_vu MIC_DSP_BYPASS_ON_OFF set Value = 0
11-29 14:06:42.477     0     0 I cm710x 1-002c: cm710x_update_DSP_Effect_Param DSPElement = 0x0000000f
11-29 14:06:42.516     0     0 I cm710x 1-002c: cm710x_put_vu MIC_DSP_AEC_ON_OFF set Value = 1
11-29 14:06:42.517     0     0 I cm710x 1-002c: cm710x_update_DSP_Effect_Param DSPElement = 0x00000003
11-29 14:06:42.566     0     0 I cm710x 1-002c: cm710x_update_DSP_Effect_Param DSPElement = 0x000000cb
11-29 14:06:42.601     0     0 I cm710x 1-002c: cm710x_update_DSP_Effect_Param DSPElement = 0x00050f53
11-29 14:06:42.634     0     0 I cm710x 1-002c: cm710x_update_DSP_Effect_Param DSPElement = 0x00000057
11-29 14:06:42.683     0     0 I __afe_port_start: port id: 0x1001
11-29 14:06:42.683     0     0 I afe_find_cal_topo_id_by_port: port id: 0x1001, dev_acdb_id: 4
11-29 14:06:42.683     0     0 I afe_find_cal_topo_id_by_port: top_id:112fb acdb_id:4 afe_port_id:0x1001
11-29 14:06:42.683     0     0 I afe_get_cal_topology_id: port_id = 0x1001 acdb_id = 4 topology_id = 0x112fb cal_type_index=8 ret=0
11-29 14:06:42.684     0     0 I afe_send_port_topology_id: AFE set topology id 0x112fb  enable for port 0x1001 ret 0
11-29 14:06:42.684     0     0 I send_afe_cal_type: cal_index is 1
11-29 14:06:42.684     0     0 I send_afe_cal_type: dev_acdb_id[41] is 4
11-29 14:06:42.684     0     0 I afe_find_cal: cal_index 1 port_id 0x1001 port_index 41
11-29 14:06:42.684     0     0 I afe_find_cal: acdb_id 4 dev_acdb_id 4 sample_rate 48000 afe_sample_rates 48000
11-29 14:06:42.684     0     0 I afe_find_cal: cal block is a match, size is 0
11-29 14:06:42.684     0     0 I send_afe_cal_type: Sending cal_index cal 1
11-29 14:06:42.684     0     0 E send_afe_cal_type: No cal sent for cal_index 1, port_id = 0x1001! ret -22
11-29 14:06:42.684     0     0 I afe_send_hw_delay: port_id 0x1001 rate 48000 delay_usec 578 status 0
11-29 14:06:42.722   962  1103 D TrackingService: haptic socket already exists
11-29 14:06:42.722   962  1103 D TrackingService: getSocket: com.oculus.vrshell
11-29 14:06:42.722   962  1103 I TrackingService: Unregistering client by ITrackingService.unregisterClient
11-29 14:06:42.722   962  1103 I TrackingService: Failed to unregister client because client not found in registered list
11-29 14:06:42.722   962  1103 I TrackingService: Unregistering client by ITrackingService.unregisterClient
11-29 14:06:42.722   962  1103 I TrackingService: Failed to unregister client because client not found in registered list
11-29 14:06:42.722   962  1103 I TrackingService: Unregistering client by ITrackingService.unregisterClient
11-29 14:06:42.722   962  1103 I TrackingService: Failed to unregister client because client not found in registered list
11-29 14:06:42.722   962  1103 I TrackingService: Unregistering client by ITrackingService.unregisterClient
11-29 14:06:42.722   962  1103 I TrackingService: Unregistering client by ITrackingService.unregisterClient
11-29 14:06:42.722   962  1103 I TrackingService: Failed to unregister client because client not found in registered list
11-29 14:06:42.722   962  1103 I TrackingService: Failed to unregister client because client not found in registered list
11-29 14:06:42.722   962  1103 I TrackingService: Failed to unregister client because client not found in registered list
11-29 14:06:42.722   962  1103 I TrackingService: Failed to unregister client because client not found in registered list
11-29 14:06:42.722   962  1103 I TrackingService: Failed to unregister client because client not found in registered list
11-29 14:06:42.722   962  1103 I TrackingService: Failed to unregister client because client not found in registered list
11-29 14:06:42.722   962  1103 I TrackingService: Failed to unregister client because client not found in registered list
11-29 14:06:42.723   962  1103 I TrackingService: Unregistering client by ITrackingService.unregisterClient
11-29 14:06:42.723   962  1103 I TrackingService: Failed to unregister client because client not found in registered list
11-29 14:06:42.723   962  1103 I TrackingService: Unregistering client by ITrackingService.unregisterClient
11-29 14:06:42.723   962  1103 I TrackingService: Failed to unregister client because client not found in registered list
11-29 14:06:42.723   962  1103 D TrackingService: unregister: com.oculus.vrshell
11-29 14:06:42.732     0     0 I event_handler: reclaimed all bufs
11-29 14:06:42.742     0     0 I afe_close: port_id = 0x1001
11-29 14:06:42.748     0     0 I cm710x 1-002c: cm710x_update_DSP_Effect_Param DSPElement = 0x00000017
11-29 14:06:42.785     0     0 I cm710x 1-002c: cm710x_update_DSP_Effect_Param DSPElement = 0x00000013
11-29 14:06:42.821     0     0 I cm710x 1-002c: cm710x_update_DSP_Effect_Param DSPElement = 0x0000000b
11-29 14:06:42.853     0     0 I cm710x 1-002c: cm710x_update_DSP_Effect_Param DSPElement = 0x00050f43
11-29 14:06:42.886     0     0 I cm710x 1-002c: cm710x_update_DSP_Effect_Param DSPElement = 0x0000002f
11-29 14:06:42.918     0     0 I cm710x 1-002c: cm710x_put_vu MIC_DSP_AEC_ON_OFF set Value = 0
11-29 14:06:42.921     0     0 I cm710x 1-002c: cm710x_put_vu MIC_DSP_BYPASS_ON_OFF set Value = 1
11-29 14:06:42.922     0     0 I cm710x 1-002c: cm710x_update_DSP_Effect_enable DSPElement = 0x00000000
11-29 14:06:42.922     0     0 I cm710x 1-002c: cm710x_put_vu MIC_DSP_PROCESS_ON_OFF set Value = 0
11-29 14:06:42.975   962  1103 W TrackingService: attachClient: found client in attached list
11-29 14:06:42.976   962  1103 D TrackingService: getSharedMemory: com.oculus.xrstreamingclient, Controller
11-29 14:06:42.979     0     0 I cm710x 1-002c: cm710x_update_DSP_Effect_enable DSPElement = 0x00000001
11-29 14:06:42.980     0     0 I cm710x 1-002c: cm710x_put_vu MIC_DSP_PROCESS_ON_OFF set Value = 1
11-29 14:06:43.033     0     0 I cm710x 1-002c: cm710x_put_vu MIC_DSP_BYPASS_ON_OFF set Value = 0
11-29 14:06:43.033     0     0 I cm710x 1-002c: cm710x_update_DSP_Effect_Param DSPElement = 0x0000000f
11-29 14:06:43.069     0     0 I cm710x 1-002c: cm710x_put_vu MIC_DSP_AEC_ON_OFF set Value = 1
11-29 14:06:43.070     0     0 I cm710x 1-002c: cm710x_update_DSP_Effect_Param DSPElement = 0x00000003
11-29 14:06:43.102     0     0 I cm710x 1-002c: cm710x_update_DSP_Effect_Param DSPElement = 0x000000cb
11-29 14:06:43.139     0     0 I cm710x 1-002c: cm710x_update_DSP_Effect_Param DSPElement = 0x00050f53
11-29 14:06:43.180     0     0 I cm710x 1-002c: cm710x_update_DSP_Effect_Param DSPElement = 0x00000057
11-29 14:06:43.222     0     0 I __afe_port_start: port id: 0x1001
11-29 14:06:43.222     0     0 I afe_find_cal_topo_id_by_port: port id: 0x1001, dev_acdb_id: 4
11-29 14:06:43.222     0     0 I afe_find_cal_topo_id_by_port: top_id:112fb acdb_id:4 afe_port_id:0x1001
11-29 14:06:43.222     0     0 I afe_get_cal_topology_id: port_id = 0x1001 acdb_id = 4 topology_id = 0x112fb cal_type_index=8 ret=0
11-29 14:06:43.222     0     0 I afe_send_port_topology_id: AFE set topology id 0x112fb  enable for port 0x1001 ret 0
11-29 14:06:43.222     0     0 I send_afe_cal_type: cal_index is 1
11-29 14:06:43.222     0     0 I send_afe_cal_type: dev_acdb_id[41] is 4
11-29 14:06:43.222     0     0 I afe_find_cal: cal_index 1 port_id 0x1001 port_index 41
11-29 14:06:43.222     0     0 I afe_find_cal: acdb_id 4 dev_acdb_id 4 sample_rate 48000 afe_sample_rates 48000
11-29 14:06:43.222     0     0 I afe_find_cal: cal block is a match, size is 0
11-29 14:06:43.222     0     0 I send_afe_cal_type: Sending cal_index cal 1
11-29 14:06:43.222     0     0 E send_afe_cal_type: No cal sent for cal_index 1, port_id = 0x1001! ret -22
11-29 14:06:43.222     0     0 I afe_send_hw_delay: port_id 0x1001 rate 48000 delay_usec 578 status 0
11-29 14:06:47.568     0     0 W healthd : battery l=20 v=3728 t=25.0 h=2 st=2 c=-538573 fc=3749000 cc=1 chg=u
11-29 14:06:48.013     0     0 W healthd : battery l=20 v=3692 t=25.0 h=2 st=2 c=-938476 fc=3749000 cc=1 chg=u
11-29 14:06:49.994     0     0 I init    : processing action (ovr.sched_rt_preempt_lowest=*) from (/vendor/etc/init/hw/init.kona.rc:409)
11-29 14:06:50.147     0     0 E init    : Unable to set property 'persist.xrs.ptencode' from uid:1000 gid:1000 pid:892: SELinux permission check failed
11-29 14:06:50.251     0     0 I init    : processing action (ovr.sched_rt_wakeup_on_idle=*) from (/vendor/etc/init/hw/init.kona.rc:406)
11-29 14:06:52.858   962  1103 D TrackingService: haptic socket already exists
11-29 14:06:52.859   962  1103 D TrackingService: getSocket: com.oculus.vrshell
11-29 14:06:52.859   962  1103 I TrackingService: Unregistering client by ITrackingService.unregisterClient
11-29 14:06:52.859   962  1103 I TrackingService: Failed to unregister client because client not found in registered list
11-29 14:06:52.859   962  1103 I TrackingService: Unregistering client by ITrackingService.unregisterClient
11-29 14:06:52.859   962  1103 I TrackingService: Failed to unregister client because client not found in registered list
11-29 14:06:52.859   962  1103 I TrackingService: Unregistering client by ITrackingService.unregisterClient
11-29 14:06:52.859   962  1103 I TrackingService: Failed to unregister client because client not found in registered list
11-29 14:06:52.859   962  1103 I TrackingService: Unregistering client by ITrackingService.unregisterClient
11-29 14:06:52.859   962  1103 I TrackingService: Unregistering client by ITrackingService.unregisterClient
11-29 14:06:52.859   962  1103 I TrackingService: Failed to unregister client because client not found in registered list
11-29 14:06:52.859   962  1103 I TrackingService: Failed to unregister client because client not found in registered list
11-29 14:06:52.859   962  1103 I TrackingService: Failed to unregister client because client not found in registered list
11-29 14:06:52.859   962  1103 I TrackingService: Failed to unregister client because client not found in registered list
11-29 14:06:52.859   962  1103 I TrackingService: Failed to unregister client because client not found in registered list
11-29 14:06:52.859   962  1103 I TrackingService: Failed to unregister client because client not found in registered list
11-29 14:06:52.859   962  1103 I TrackingService: Failed to unregister client because client not found in registered list
11-29 14:06:52.859   962  1103 I TrackingService: Unregistering client by ITrackingService.unregisterClient
11-29 14:06:52.859   962  1103 I TrackingService: Failed to unregister client because client not found in registered list
11-29 14:06:52.859   962  1103 I TrackingService: Unregistering client by ITrackingService.unregisterClient
11-29 14:06:52.859   962  1103 I TrackingService: Failed to unregister client because client not found in registered list
11-29 14:06:52.859   962  1103 D TrackingService: unregister: com.oculus.vrshell
11-29 14:06:55.739     0     0 W healthd : battery l=20 v=3707 t=24.7 h=2 st=2 c=-756835 fc=3749000 cc=1 chg=u
11-29 14:06:58.024     0     0 W healthd : battery l=20 v=3707 t=24.7 h=2 st=2 c=-730468 fc=3749000 cc=1 chg=u
11-29 14:07:00.678   800  1596 I SyncBossHAL: [info   ] syncboss_hal_input_controller.c(184): Controller 7feddd23xxxxxxxx battery level changed: 60% -> 50%
11-29 14:07:00.682   800  1609 D SensorService: Syncboss input 7feddd23f612a3d0 hardware type 4, subtype 1, revision 0x08
11-29 14:07:00.682   800  1609 I SensorService: preparePairedControllerInfo is adding device with valid 1
11-29 14:07:00.682   800  1609 D SensorService: Syncboss input e2257c80093959fc hardware type 4, subtype 2, revision 0x08
11-29 14:07:00.682   800  1609 I SensorService: preparePairedControllerInfo is adding device with valid 1
11-29 14:07:00.683   800  1609 D SensorService: stateChangeNotifierFunc(): Reporting controller info. Change token: 6, paired=2 connected=2
11-29 14:07:00.683  1664  2124 D OVRRemoteService: processStateChange([PairedControllerInfo JEDI 7feddd23f612a3d0 connected mcnt=0])
11-29 14:07:00.683  1664  2124 D OVRRemoteService: RemoteService::recordControllerStatusUpdate: device 7feddd23f612a3d0: status: CONNECTED_ACTIVE tracking: POSITION, errors: --
11-29 14:07:00.683  1664  2124 D OVRRemoteService: processStateChange([PairedControllerInfo JEDI e2257c80093959fc connected mcnt=0])
11-29 14:07:01.919     0     0 W healthd : battery l=20 v=3708 t=24.7 h=2 st=2 c=-709472 fc=3749000 cc=1 chg=u
11-29 14:07:03.905     0     0 W healthd : battery l=20 v=3707 t=24.7 h=2 st=2 c=-724609 fc=3749000 cc=1 chg=u
11-29 14:07:08.034     0     0 W healthd : battery l=20 v=3707 t=25.0 h=2 st=2 c=-728026 fc=3749000 cc=1 chg=u
11-29 14:07:11.320   800  1596 E SyncBossHAL: [error  ] syncboss_hal_jedi.c(101): Failed to send telemetry event for module jedi with error -22
11-29 14:07:12.074     0     0 W healthd : battery l=20 v=3701 t=25.0 h=2 st=2 c=-754882 fc=3749000 cc=1 chg=u
11-29 14:07:17.935   800  1596 E SyncBossHAL: [error  ] syncboss_hal_jedi.c(101): Failed to send telemetry event for module jedi with error -22
11-29 14:07:18.044     0     0 W healthd : battery l=20 v=3700 t=25.0 h=2 st=2 c=-764648 fc=3749000 cc=1 chg=u
11-29 14:07:20.242     0     0 W healthd : battery l=20 v=3700 t=25.0 h=2 st=2 c=-758300 fc=3749000 cc=1 chg=u
11-29 14:07:22.122     0     0 I init    : processing action (sys.hmt.mounted=0) from (/vendor/etc/init/hw/init.hollywood.rc:110)
11-29 14:07:22.122     0     0 I init    : processing action (sys.hmt.mounted=0) from (/vendor/etc/init/hw/init.kona.rc:403)
11-29 14:07:22.123     0     0 E FG      : fg_psy_get_property: unsupported property 4
11-29 14:07:22.117   800  1035 I SyncBossHAL: [info   ] syncboss_hal_powerstate.c(52): Reporting powerstate event: PROX_OFF
11-29 14:07:22.120   800  1035 D SensorService: Received Powerstate PROX_OFF
11-29 14:07:22.123   962  1104 I TrackingService: ActivityMonitor: prox_off event received
11-29 14:07:22.123   949  3433 D SensorClientUtils: Received transition request from RUNNING to STANDBY
11-29 14:07:22.123   949  3433 D SensorClientUtils: Skipping no-op transition from RUNNING to STANDBY
11-29 14:07:22.124   962  1103 D SensorClientUtils: Received transition request from RUNNING to STANDBY
11-29 14:07:22.124   962  1103 D SensorClientUtils: Skipping no-op transition from RUNNING to STANDBY
11-29 14:07:22.135  1664  1690 D SensorClientUtils: Received transition request from RUNNING to STANDBY
11-29 14:07:22.135  1664  1690 D SensorClientUtils: Skipping no-op transition from RUNNING to STANDBY
11-29 14:07:22.134     0     0 W healthd : battery l=20 v=3700 t=25.0 h=2 st=2 c=-759765 fc=3749000 cc=1 chg=u
11-29 14:07:22.149     0     0 W healthd : battery l=20 v=3700 t=25.0 h=2 st=2 c=-759765 fc=3749000 cc=1 chg=u
11-29 14:07:22.168     0     0 I event_handler: reclaimed all bufs
11-29 14:07:22.171     0     0 I afe_close: port_id = 0x1001
11-29 14:07:22.174     0     0 I cm710x 1-002c: cm710x_update_DSP_Effect_Param DSPElement = 0x00000017
11-29 14:07:22.211     0     0 I cm710x 1-002c: cm710x_update_DSP_Effect_Param DSPElement = 0x00000013
11-29 14:07:22.242     0     0 I cm710x 1-002c: cm710x_update_DSP_Effect_Param DSPElement = 0x0000000b
11-29 14:07:22.279     0     0 I cm710x 1-002c: cm710x_update_DSP_Effect_Param DSPElement = 0x00050f43
11-29 14:07:22.314     0     0 I cm710x 1-002c: cm710x_update_DSP_Effect_Param DSPElement = 0x0000002f
11-29 14:07:22.343  1664  2124 D OVRRemoteService: RemoteService::recordControllerStatusUpdate: device 7feddd23f612a3d0: status: CONNECTED_ACTIVE tracking: ORIENTATION, errors: --
11-29 14:07:22.349     0     0 I cm710x 1-002c: cm710x_put_vu MIC_DSP_AEC_ON_OFF set Value = 0
11-29 14:07:22.351     0     0 I cm710x 1-002c: cm710x_put_vu MIC_DSP_BYPASS_ON_OFF set Value = 1
11-29 14:07:22.352     0     0 I cm710x 1-002c: cm710x_update_DSP_Effect_enable DSPElement = 0x00000000
11-29 14:07:22.352     0     0 I cm710x 1-002c: cm710x_put_vu MIC_DSP_PROCESS_ON_OFF set Value = 0
11-29 14:07:22.903   962  1608 D TrackingService: e2257c80093959fc: isControllerInHand(77.05s): 0 ctEnabled: 1 btnPress(36.82s): 0 btnOrTpdTouch(74.54s): 0 btnOrTpdProx(75.78s): 0 static(77.05s): 0 thbstkOffCenter: 0 
11-29 14:07:22.903   962  1608 D TrackingService: [HANDTRACKING] Controller e2257c80093959fc in hand: N, valid: Y
11-29 14:07:23.015   962  1608 D TrackingService: 7feddd23f612a3d0: isControllerInHand(77.16s): 0 ctEnabled: 1 btnPress: 0 btnOrTpdTouch(76.10s): 0 btnOrTpdProx(76.15s): 0 static(77.16s): 0 thbstkOffCenter: 0 
11-29 14:07:23.015   962  1608 D TrackingService: [HANDTRACKING] Controller 7feddd23f612a3d0 in hand: N, valid: Y
11-29 14:07:25.115  1664  2124 D OVRRemoteService: RemoteService::recordControllerStatusUpdate: device 7feddd23f612a3d0: status: CONNECTED_ACTIVE tracking: POSITION, errors: --
11-29 14:07:25.121   962  1608 D TrackingService: 7feddd23f612a3d0: isControllerInHand(81.26s): 1 ctEnabled: 1 btnPress: 0 btnOrTpdTouch(76.10s): 0 btnOrTpdProx(76.15s): 0 static(81.26s): 1 thbstkOffCenter: 0 
11-29 14:07:25.121   962  1608 D TrackingService: [HANDTRACKING] Controller 7feddd23f612a3d0 in hand: Y, valid: Y
11-29 14:07:25.277   962  1608 D TrackingService: e2257c80093959fc: isControllerInHand(81.42s): 1 ctEnabled: 1 btnPress(36.82s): 0 btnOrTpdTouch(74.54s): 0 btnOrTpdProx(75.78s): 0 static(81.42s): 1 thbstkOffCenter: 0 
11-29 14:07:25.278   962  1608 D TrackingService: [HANDTRACKING] Controller e2257c80093959fc in hand: Y, valid: Y
11-29 14:07:26.467  1664  2124 D OVRRemoteService: RemoteService::recordControllerStatusUpdate: device e2257c80093959fc: status: CONNECTED_ACTIVE tracking: ORIENTATION, errors: --
11-29 14:07:26.598  1664  2124 D OVRRemoteService: RemoteService::recordControllerStatusUpdate: device 7feddd23f612a3d0: status: CONNECTED_ACTIVE tracking: ORIENTATION, errors: --
11-29 14:07:26.603  1664  2124 D OVRRemoteService: RemoteService::recordControllerStatusUpdate: device 7feddd23f612a3d0: status: CONNECTED_ACTIVE tracking: POSITION, errors: --
11-29 14:07:26.637  1664  2124 D OVRRemoteService: RemoteService::recordControllerStatusUpdate: device 7feddd23f612a3d0: status: CONNECTED_ACTIVE tracking: ORIENTATION, errors: --
11-29 14:07:27.066  1664  2124 D OVRRemoteService: RemoteService::recordControllerStatusUpdate: device e2257c80093959fc: status: CONNECTED_ACTIVE tracking: POSITION, errors: --
11-29 14:07:27.178  1664  2124 D OVRRemoteService: RemoteService::recordControllerStatusUpdate: device e2257c80093959fc: status: CONNECTED_ACTIVE tracking: ORIENTATION, errors: --
11-29 14:07:27.883   962  1608 D TrackingService: e2257c80093959fc: isControllerInHand(82.02s): 0 ctEnabled: 1 btnPress(36.82s): 0 btnOrTpdTouch(74.54s): 0 btnOrTpdProx(75.78s): 0 static(82.02s): 0 thbstkOffCenter: 0 
11-29 14:07:27.884   962  1608 D TrackingService: [HANDTRACKING] Controller e2257c80093959fc in hand: N, valid: Y
11-29 14:07:28.054     0     0 W healthd : battery l=20 v=3737 t=25.0 h=2 st=2 c=-378417 fc=3749000 cc=1 chg=u
11-29 14:07:28.409     0     0 W healthd : battery l=20 v=3737 t=25.0 h=2 st=2 c=-378417 fc=3749000 cc=1 chg=u
11-29 14:07:28.646  1664  2124 D OVRRemoteService: RemoteService::recordControllerStatusUpdate: device e2257c80093959fc: status: CONNECTED_ACTIVE tracking: POSITION, errors: --
11-29 14:07:28.664  1664  2124 D OVRRemoteService: RemoteService::recordControllerStatusUpdate: device e2257c80093959fc: status: CONNECTED_ACTIVE tracking: ORIENTATION, errors: --
11-29 14:07:28.722  1664  2124 D OVRRemoteService: RemoteService::recordControllerStatusUpdate: device e2257c80093959fc: status: CONNECTED_ACTIVE tracking: POSITION, errors: --
11-29 14:07:28.733   962  1608 D TrackingService: e2257c80093959fc: isControllerInHand(84.87s): 1 ctEnabled: 1 btnPress(36.82s): 0 btnOrTpdTouch(74.54s): 0 btnOrTpdProx(75.78s): 0 static(84.87s): 1 thbstkOffCenter: 0 
11-29 14:07:28.733   962  1608 D TrackingService: [HANDTRACKING] Controller e2257c80093959fc in hand: Y, valid: Y
11-29 14:07:29.901  1664  2124 D OVRRemoteService: RemoteService::recordControllerStatusUpdate: device e2257c80093959fc: status: CONNECTED_ACTIVE tracking: ORIENTATION, errors: --
11-29 14:07:31.874   962  1608 D TrackingService: e2257c80093959fc: isControllerInHand(86.01s): 0 ctEnabled: 1 btnPress(36.82s): 0 btnOrTpdTouch(74.54s): 0 btnOrTpdProx(75.78s): 0 static(86.01s): 0 thbstkOffCenter: 0 
11-29 14:07:31.874   962  1608 D TrackingService: [HANDTRACKING] Controller e2257c80093959fc in hand: N, valid: Y
11-29 14:07:31.901  1664  2124 D OVRRemoteService: RemoteService::recordControllerStatusUpdate: device e2257c80093959fc: status: CONNECTED_ACTIVE tracking: POSITION, errors: --
11-29 14:07:31.909   962  1608 D TrackingService: 7feddd23f612a3d0: isControllerInHand(86.05s): 0 ctEnabled: 1 btnPress(81.76s): 0 btnOrTpdTouch(76.10s): 0 btnOrTpdProx(76.15s): 0 static(86.05s): 0 thbstkOffCenter: 0 
11-29 14:07:31.909   962  1608 D TrackingService: [HANDTRACKING] Controller 7feddd23f612a3d0 in hand: N, valid: Y
11-29 14:07:32.006  1664  2124 D OVRRemoteService: RemoteService::recordControllerStatusUpdate: device e2257c80093959fc: status: CONNECTED_ACTIVE tracking: ORIENTATION, errors: --
11-29 14:07:36.577     0     0 W healthd : battery l=20 v=3738 t=25.0 h=2 st=2 c=-382324 fc=3749000 cc=1 chg=u
11-29 14:07:37.532   949  3433 D SensorClientUtils: Received transition request from STANDBY to SLEEP
11-29 14:07:37.532   949  3433 D SensorClientUtils: Executing transition from RUNNING to STANDBY
11-29 14:07:37.532   949  3433 D MrSystemService: AOSP setPowerState: STANDBY.
11-29 14:07:37.532   962  1863 D SensorClientUtils: Received transition request from STANDBY to SLEEP
11-29 14:07:37.532   962  1863 D SensorClientUtils: Executing transition from RUNNING to STANDBY
11-29 14:07:37.533   962  1863 D TrackingService: Enqueued transition to (targetPowerState, targetMuxName): (STANDBY, --) - transition timeout: 1000000000 ns
11-29 14:07:37.533   800   800 D CameraStream: Client 962: Attempting StreamControl: 1
11-29 14:07:37.533   800   800 D CameraClientManager: [HEADSET] Attempting stopping camera client.
11-29 14:07:37.533   800   800 D CameraClientManager: [HEADSET] Successfully found client (962) to stop in CameraClientManager list.
11-29 14:07:37.533   800   800 I FrameSetDispatcher: [HEADSET] Client pid=962 (ExpCtl): Client thread stopping
11-29 14:07:37.533   949  3433 D SensorClientUtils: Scheduling delayed transition to SLEEP in 0ms
11-29 14:07:37.533   800   800 I FrameSetDispatcher: [HEADSET] Client pid=962 (ExpCtl): Client thread joined
11-29 14:07:37.533   800   800 I CameraClientManager: [HEADSET] Removed client (962)(ExpCtl)
11-29 14:07:37.533   800   800 D CameraClientManager: [HEADSET] Attempting to stop stream
11-29 14:07:37.533   949  4596 D SensorClientUtils: Triggering delayed transition to SLEEP
11-29 14:07:37.533   800   800 I CameraClientManager: [HEADSET] Started clients: 3
11-29 14:07:37.533   949  4596 D SensorClientUtils: Executing transition from STANDBY to SLEEP
11-29 14:07:37.533   949  4596 D MrSystemService: AOSP setPowerState: SLEEP.
11-29 14:07:37.534   800   800 D CameraStream: Client 962: Finished StreamControl: 1
11-29 14:07:37.534   800   800 D CameraStream: Client 962: Attempting StreamControl: 1
11-29 14:07:37.534   800   800 D CameraClientManager: [CONTROLLER] Attempting stopping camera client.
11-29 14:07:37.534   800   800 D CameraClientManager: [CONTROLLER] Successfully found client (962) to stop in CameraClientManager list.
11-29 14:07:37.534   800   800 I FrameSetDispatcher: [CONTROLLER] Client pid=962 (ExpCtl): Client thread stopping
11-29 14:07:37.534   800   800 I FrameSetDispatcher: [CONTROLLER] Client pid=962 (ExpCtl): Client thread joined
11-29 14:07:37.535   800   800 I CameraClientManager: [CONTROLLER] Removed client (962)(ExpCtl)
11-29 14:07:37.535   800   800 D CameraClientManager: [CONTROLLER] Attempting to stop stream
11-29 14:07:37.535   800   800 I CameraClientManager: [CONTROLLER] Started clients: 1
11-29 14:07:37.535   800   800 D CameraStream: Client 962: Finished StreamControl: 1
11-29 14:07:37.535   962  1105 I TrackingService: [                 ExposureControl] Power transition: RUNNING -> STANDBY transition time: 2 ms
11-29 14:07:37.535   962  1105 I TrackingService: [                      controller] Power transition: RUNNING -> STANDBY transition time: 0 ms
11-29 14:07:37.535   800   800 D CameraStream: Client 962: Attempting StreamControl: 1
11-29 14:07:37.535   800   800 D CameraClientManager: [HEADSET] Attempting stopping camera client.
11-29 14:07:37.535   800   800 D CameraClientManager: [HEADSET] Successfully found client (962) to stop in CameraClientManager list.
11-29 14:07:37.535   800   800 I FrameSetDispatcher: [HEADSET] Client pid=962 (Obj): Client thread stopping
11-29 14:07:37.535   800   800 I FrameSetDispatcher: [HEADSET] Client pid=962 (Obj): Client thread joined
11-29 14:07:37.535   800   800 I CameraClientManager: [HEADSET] Removed client (962)(Obj)
11-29 14:07:37.535   800   800 D CameraClientManager: [HEADSET] Attempting to stop stream
11-29 14:07:37.535   800   800 I CameraClientManager: [HEADSET] Started clients: 2
11-29 14:07:37.535   800   800 D CameraStream: Client 962: Finished StreamControl: 1
11-29 14:07:37.535   962  1105 I TrackingService: [                          object] Power transition: RUNNING -> STANDBY transition time: 0 ms
11-29 14:07:37.536   962  1105 I TrackingService: [                            face] Power transition: RUNNING -> STANDBY transition time: 0 ms
11-29 14:07:37.536   962  1105 I TrackingService: [                            hand] Power transition: RUNNING -> STANDBY transition time: 0 ms
11-29 14:07:37.536   962  1105 I TrackingService: [              selftracked_client] Power transition: RUNNING -> STANDBY transition time: 0 ms
11-29 14:07:37.537   800   800 D CameraStream: Client 962: Attempting StreamControl: 1
11-29 14:07:37.537   800   800 D CameraClientManager: [CONTROLLER] Attempting stopping camera client.
11-29 14:07:37.537   800   800 D CameraClientManager: [CONTROLLER] Successfully found client (962) to stop in CameraClientManager list.
11-29 14:07:37.537   800   800 I FrameSetDispatcher: [CONTROLLER] Client pid=962 (Cnst): Client thread stopping
11-29 14:07:37.537  1664  1690 D SensorClientUtils: Received transition request from STANDBY to SLEEP
11-29 14:07:37.537  1664  1690 D SensorClientUtils: Executing transition from RUNNING to STANDBY
11-29 14:07:37.537  1664  1690 D OVRRemoteService: [controller] RUNNING -> STANDBY
11-29 14:07:37.537  1664  1690 D SensorClientUtils: Scheduling delayed transition to SLEEP in 120000ms
11-29 14:07:37.537   800   800 I FrameSetDispatcher: [CONTROLLER] Client pid=962 (Cnst): Client thread joined
11-29 14:07:37.537   800   800 I CameraClientManager: [CONTROLLER] Removed client (962)(Cnst)
11-29 14:07:37.537   800   800 D CameraClientManager: [CONTROLLER] Attempting to stop stream
11-29 14:07:37.537   800   800 I CameraClientManager: [CONTROLLER] Started clients: 0
11-29 14:07:37.537   800   800 I CameraClientManager: [CONTROLLER] Stopping stream
11-29 14:07:37.537   800   800 I CameraClientManager: [CONTROLLER] Start stopStreamCb_
11-29 14:07:37.537   800   800 I libsensorscommon: [CONTROLLER FSC] stopped. Ran for 87.96s
11-29 14:07:37.537   800   800 I CameraClientManager: [CONTROLLER] End stopStreamCb_
11-29 14:07:37.537   800   800 D CameraStream: Client 962: Finished StreamControl: 1
11-29 14:07:37.538   962  1105 I TrackingService: [                   constellation] Power transition: RUNNING -> STANDBY transition time: 1 ms
11-29 14:07:37.538   962  1105 D TrackingService: IOT running to standby started
11-29 14:07:37.567   800   800 D CameraStream: Client 962: Attempting StreamControl: 1
11-29 14:07:37.567   800   800 D CameraClientManager: [HEADSET] Attempting stopping camera client.
11-29 14:07:37.567   800   800 D CameraClientManager: [HEADSET] Successfully found client (962) to stop in CameraClientManager list.
11-29 14:07:37.567   800   800 I FrameSetDispatcher: [HEADSET] Client pid=962 (IOT): Client thread stopping
11-29 14:07:37.567   800   800 I FrameSetDispatcher: [HEADSET] Client pid=962 (IOT): Client thread joined
11-29 14:07:37.567   800   800 I CameraClientManager: [HEADSET] Removed client (962)(IOT)
11-29 14:07:37.567   800   800 D CameraClientManager: [HEADSET] Attempting to stop stream
11-29 14:07:37.567   800   800 I CameraClientManager: [HEADSET] Started clients: 1
11-29 14:07:37.567   800   800 D CameraStream: Client 962: Finished StreamControl: 1
11-29 14:07:37.567   962  1105 D TrackingService: IOT running to standby completed
11-29 14:07:37.567   962  1105 I TrackingService: [                             iot] Power transition: RUNNING -> STANDBY transition time: 29 ms
11-29 14:07:37.567   962  1105 I TrackingService: [                            bolt] Power transition: RUNNING -> STANDBY transition time: 0 ms
11-29 14:07:37.568   962  1105 I TrackingService: [                             iad] Power transition: RUNNING -> STANDBY transition time: 0 ms
11-29 14:07:37.568   962  1105 I TrackingService: [                  vision_manager] Power transition: RUNNING -> STANDBY transition time: 0 ms
11-29 14:07:37.568   962  1863 D TrackingService: Transition completed for (null)
11-29 14:07:37.568   962  1863 D TrackingService: setPowerState: STANDBY
11-29 14:07:37.568   962  1863 D SensorClientUtils: Scheduling delayed transition to SLEEP in 120000ms
11-29 14:07:38.065     0     0 W healthd : battery l=20 v=3776 t=25.0 h=2 st=2 c=42480 fc=3749000 cc=1 chg=u
11-29 14:07:38.184   949  4591 D MrSystemService: MrEngine pause.
11-29 14:07:38.185   800   800 D CameraStream: Client 949: Attempting StreamControl: 1
11-29 14:07:38.185   800   800 D CameraClientManager: [HEADSET] Attempting stopping camera client.
11-29 14:07:38.185   800   800 D CameraClientManager: [HEADSET] Successfully found client (949) to stop in CameraClientManager list.
11-29 14:07:38.185   800   800 I FrameSetDispatcher: [HEADSET] Client pid=949 (MrSSCamS): Client thread stopping
11-29 14:07:38.185   800   800 I FrameSetDispatcher: [HEADSET] Client pid=949 (MrSSCamS): Client thread joined
11-29 14:07:38.185   800   800 I CameraClientManager: [HEADSET] Removed client (949)(MrSSCamS)
11-29 14:07:38.185   800   800 D CameraClientManager: [HEADSET] Attempting to stop stream
11-29 14:07:38.185   800   800 I CameraClientManager: [HEADSET] Started clients: 0
11-29 14:07:38.185   800   800 I CameraClientManager: [HEADSET] Stopping stream
11-29 14:07:38.185   800   800 I CameraClientManager: [HEADSET] Start stopStreamCb_
11-29 14:07:38.185   800   800 I libsensorscommon: [HEADSET FSC] stopped. Ran for 88.68s
11-29 14:07:38.208   800  1596 E SensorService: No syncboss_data_type_hmd_disp event received since 1000ms ago
11-29 14:07:38.321   800   800 D SensorService: SyncbossEventHandler: Disabling sensor HMD_FSIN
11-29 14:07:38.321   800   800 D SensorService: SyncbossEventHandler: Active sensors: synthetic[HMD_DOUBLETAP,EXTERNAL_TIMING,ZAP] non-synth[HMD_MAG,HMD_IMU,PULSAR]
11-29 14:07:38.321   800   800 D SensorService: SyncbossEventHandler: releasing session; approx # alive: 3
11-29 14:07:38.321     0     0 I qcom,camera ac4f000.qcom,cci: qcom,cam-sensor0: Dropping the link to regulator.71
11-29 14:07:38.323     0     0 I qcom,camera ac4f000.qcom,cci: qcom,cam-sensor0: Dropping the link to regulator.7
11-29 14:07:38.323     0     0 I qcom,camera ac4f000.qcom,cci: qcom,cam-sensor0: Dropping the link to regulator.46
11-29 14:07:38.323     0     0 I qcom,camera ac4f000.qcom,cci: qcom,cam-sensor1: Dropping the link to regulator.71
11-29 14:07:38.324     0     0 I qcom,camera ac4f000.qcom,cci: qcom,cam-sensor1: Dropping the link to regulator.7
11-29 14:07:38.324     0     0 I qcom,camera ac4f000.qcom,cci: qcom,cam-sensor1: Dropping the link to regulator.46
11-29 14:07:38.325     0     0 I qcom,camera ac50000.qcom,cci: qcom,cam-sensor2: Dropping the link to regulator.71
11-29 14:07:38.327     0     0 I qcom,camera ac50000.qcom,cci: qcom,cam-sensor2: Dropping the link to regulator.7
11-29 14:07:38.327     0     0 I qcom,camera ac50000.qcom,cci: qcom,cam-sensor2: Dropping the link to regulator.46
11-29 14:07:38.327     0     0 I qcom,camera ac50000.qcom,cci: qcom,cam-sensor3: Dropping the link to regulator.71
11-29 14:07:38.328     0     0 I qcom,camera ac50000.qcom,cci: qcom,cam-sensor3: Dropping the link to regulator.7
11-29 14:07:38.328     0     0 I qcom,camera ac50000.qcom,cci: qcom,cam-sensor3: Dropping the link to regulator.46
11-29 14:07:38.329   800   800 I CameraClientManager: [HEADSET] End stopStreamCb_
11-29 14:07:38.329   800   800 D CameraStream: Client 949: Finished StreamControl: 1
11-29 14:07:40.939     0     0 I afe_close: port_id = 0x1000
11-29 14:07:40.946     0     0 I cm710x 1-002c: cm710x_playback_in_enum_ext_get select PlaybackFrom = 0
11-29 14:07:44.745     0     0 W healthd : battery l=20 v=3807 t=24.7 h=2 st=2 c=316894 fc=3749000 cc=1 chg=u
11-29 14:07:48.074     0     0 W healthd : battery l=20 v=3809 t=24.7 h=2 st=2 c=311034 fc=3749000 cc=1 chg=u
11-29 14:07:52.913     0     0 W healthd : battery l=20 v=3812 t=24.7 h=2 st=2 c=318359 fc=3749000 cc=1 chg=u
11-29 14:07:58.085     0     0 W healthd : battery l=20 v=3814 t=24.7 h=2 st=2 c=323730 fc=3749000 cc=1 chg=u
11-29 14:08:01.078     0     0 W healthd : battery l=20 v=3815 t=24.7 h=2 st=2 c=330566 fc=3749000 cc=1 chg=u
11-29 14:08:06.194     0     0 W healthd : battery l=20 v=3817 t=24.7 h=2 st=2 c=329101 fc=3749000 cc=1 chg=u
11-29 14:08:08.095     0     0 W healthd : battery l=20 v=3810 t=24.7 h=2 st=2 c=236816 fc=3749000 cc=1 chg=u
11-29 14:08:09.247     0     0 W healthd : battery l=20 v=3818 t=24.7 h=2 st=2 c=309570 fc=3749000 cc=1 chg=u
11-29 14:08:11.340   800  1596 I SyncBossHAL: [info   ] syncboss_hal_input_controller.c(65): 7feddd23xxxxxxxx: IMU 1 missed/60001 expected (PER 0.00%), 1 max consecutive drops
11-29 14:08:12.049   800  1596 E SyncBossHAL: [error  ] syncboss_hal_jedi.c(101): Failed to send telemetry event for module jedi with error -22
11-29 14:08:15.575   800  1596 I SyncBossHAL: [info   ] syncboss_hal_input_controller.c(65): e2257c80xxxxxxxx: IMU 5 missed/60005 expected (PER 0.01%), 2 max consecutive drops
11-29 14:08:16.108     0     0 W healthd : battery l=20 v=3819 t=24.7 h=2 st=2 c=326659 fc=3749000 cc=1 chg=u
11-29 14:08:18.105     0     0 W healthd : battery l=20 v=3820 t=24.7 h=2 st=2 c=331054 fc=3749000 cc=1 chg=u
11-29 14:08:18.114     0     0 W healthd : battery l=20 v=3820 t=24.7 h=2 st=2 c=331054 fc=3749000 cc=1 chg=u
11-29 14:08:18.804   800  1596 E SyncBossHAL: [error  ] syncboss_hal_jedi.c(101): Failed to send telemetry event for module jedi with error -22
11-29 14:08:25.587     0     0 W healthd : battery l=20 v=3821 t=24.7 h=2 st=2 c=327148 fc=3749000 cc=1 chg=u
11-29 14:08:27.125   962  1600 I TrackingService: ActivityMonitor: Device Idle detected. Notifying VR Power Manager: controllerFlagsInHand(2) 0, areAllControllersStatic: 1, isHandDetected 0, Headset Movement 0 (max: 4.623 rad/s), idle time: 65.0s
11-29 14:08:28.115     0     0 W healthd : battery l=20 v=3821 t=24.7 h=2 st=2 c=329589 fc=3749000 cc=1 chg=u
11-29 14:08:33.752     0     0 W healthd : battery l=21 v=3822 t=24.7 h=2 st=2 c=308593 fc=3749000 cc=1 chg=u
11-29 14:08:38.125     0     0 W healthd : battery l=21 v=3823 t=24.7 h=2 st=2 c=329589 fc=3749000 cc=1 chg=u
11-29 14:08:40.815   800  1035 I SyncBossHAL: [info   ] syncboss_hal_powerstate.c(52): Reporting powerstate event: PROX_ON
11-29 14:08:40.815   800  1035 D SensorService: Received Powerstate PROX_ON
11-29 14:08:40.816   962  1104 I TrackingService: ActivityMonitor: prox_on event received
11-29 14:08:40.821   949  3433 D SensorClientUtils: Cancelling delayed transition to SLEEP
11-29 14:08:40.821   962  1103 D SensorClientUtils: Cancelling delayed transition to SLEEP
11-29 14:08:40.822   949  3433 D SensorClientUtils: Received transition request from SLEEP to RUNNING
11-29 14:08:40.822   962  1103 D SensorClientUtils: Received transition request from SLEEP to RUNNING
11-29 14:08:40.822   962  1103 D SensorClientUtils: Executing transition from STANDBY to RUNNING
11-29 14:08:40.822   962  1103 D TrackingService: Enqueued transition to (targetPowerState, targetMuxName): (RUNNING, --) - transition timeout: 1000000000 ns
11-29 14:08:40.822   962  1105 I TrackingService: [                  vision_manager] Power transition: STANDBY -> RUNNING transition time: 0 ms
11-29 14:08:40.822   949  3433 D SensorClientUtils: Executing transition from SLEEP to STANDBY
11-29 14:08:40.822   949  3433 D MrSystemService: AOSP setPowerState: STANDBY.
11-29 14:08:40.823   949  3433 D SensorClientUtils: Executing transition from STANDBY to RUNNING
11-29 14:08:40.823   949  3433 D MrSystemService: AOSP setPowerState: RUNNING.
11-29 14:08:40.823   962  1105 I TrackingService: [                             iad] Power transition: STANDBY -> RUNNING transition time: 0 ms
11-29 14:08:40.823   962  1105 I TrackingService: [                            bolt] Power transition: STANDBY -> RUNNING transition time: 0 ms
11-29 14:08:40.823   962  1105 D TrackingService: IOT standby to running started
11-29 14:08:40.823  1664  1690 D SensorClientUtils: Cancelling delayed transition to SLEEP
11-29 14:08:40.824   800   800 D CameraStream: Client 962: Attempting StreamControl: 0
11-29 14:08:40.824   800   800 D CameraClientManager: [HEADSET] Attempting starting camera client.
11-29 14:08:40.824   800   800 D CameraClientManager: [HEADSET] Successfully found client (962) to start in CameraClientManager list.
11-29 14:08:40.825  1664  1690 D SensorClientUtils: Received transition request from SLEEP to RUNNING
11-29 14:08:40.825  1664  1690 D SensorClientUtils: Executing transition from STANDBY to RUNNING
11-29 14:08:40.825  1664  1690 D OVRRemoteService: [controller] STANDBY -> RUNNING
11-29 14:08:40.828   800   800 I FrameSetDispatcher: [HEADSET] Client pid=962 (IOT): Client thread started
11-29 14:08:40.828   800   800 I CameraClientManager: [HEADSET] Added client (962)(IOT)
11-29 14:08:40.828   800   800 D CameraClientManager: [HEADSET] Attempting to start stream
11-29 14:08:40.828   800   800 I CameraClientManager: [HEADSET] Started clients: 1
11-29 14:08:40.828   800   800 I CameraClientManager: [HEADSET] Starting stream
11-29 14:08:40.830     0     0 I qcom,camera ac4f000.qcom,cci: qcom,cam-sensor0: Linked as a consumer to regulator.46
11-29 14:08:40.836     0     0 I qcom,camera ac4f000.qcom,cci: qcom,cam-sensor0: Linked as a consumer to regulator.7
11-29 14:08:40.836     0     0 I qcom,camera ac4f000.qcom,cci: qcom,cam-sensor0: Linked as a consumer to regulator.71
11-29 14:08:40.837     0     0 I [drm:dsi_display_set_mode] [msm-dsi-info]: mdp_transfer_time_us=0 us
11-29 14:08:40.837     0     0 I [drm:dsi_display_set_mode] [msm-dsi-info]: hactive= 1920,vactive= 3664,fps=72
11-29 14:08:40.837     0     0 I [drm:dsi_ctrl_isr_configure] [msm-dsi-info]: dsi-ctrl-0: IRQ 394 registered
11-29 14:08:40.837     0     0 I [drm:dsi_ctrl_isr_configure] [msm-dsi-info]: dsi-ctrl-1: IRQ 395 registered
11-29 14:08:40.861     0     0 I qcom,camera ac4f000.qcom,cci: qcom,cam-sensor1: Linked as a consumer to regulator.46
11-29 14:08:40.863     0     0 I qcom,camera ac4f000.qcom,cci: qcom,cam-sensor1: Linked as a consumer to regulator.7
11-29 14:08:40.863     0     0 I qcom,camera ac4f000.qcom,cci: qcom,cam-sensor1: Linked as a consumer to regulator.71
11-29 14:08:40.887     0     0 I qcom,camera ac50000.qcom,cci: qcom,cam-sensor2: Linked as a consumer to regulator.46
11-29 14:08:40.888     0     0 I qcom,camera ac50000.qcom,cci: qcom,cam-sensor2: Linked as a consumer to regulator.7
11-29 14:08:40.888     0     0 I qcom,camera ac50000.qcom,cci: qcom,cam-sensor2: Linked as a consumer to regulator.71
11-29 14:08:40.912     0     0 I qcom,camera ac50000.qcom,cci: qcom,cam-sensor3: Linked as a consumer to regulator.46
11-29 14:08:40.912     0     0 I init    : processing action (ro.vendor.drm.irq=* && sys.hmt.mounted=1) from (/vendor/etc/init/hw/init.hollywood.rc:104)
11-29 14:08:40.913     0     0 I init    : processing action (sys.hmt.mounted=1) from (/vendor/etc/init/hw/init.hollywood.rc:107)
11-29 14:08:40.914     0     0 I qcom,camera ac50000.qcom,cci: qcom,cam-sensor3: Linked as a consumer to regulator.7
11-29 14:08:40.914     0     0 I qcom,camera ac50000.qcom,cci: qcom,cam-sensor3: Linked as a consumer to regulator.71
11-29 14:08:40.915     0     0 I init    : processing action (sys.hmt.mounted=1) from (/vendor/etc/init/hw/init.kona.rc:400)
11-29 14:08:40.916     0     0 E FG      : fg_psy_get_property: unsupported property 4
11-29 14:08:40.935   800   800 D SensorService: SyncbossEventHandler: Enabling sensor HMD_FSIN
11-29 14:08:40.935   800   800 D SensorService: SyncbossEventHandler: Active sensors: synthetic[HMD_DOUBLETAP,EXTERNAL_TIMING,ZAP] non-synth[HMD_MAG,HMD_IMU,HMD_FSIN,PULSAR]
11-29 14:08:40.935   800   800 D SensorService: SyncbossEventHandler: acquiring session; approx # alive: 4
11-29 14:08:40.935   800  1596 E SensorService: No syncboss_data_type_hmd_disp event received since 63727ms ago
11-29 14:08:40.940     0     0 W healthd : battery l=21 v=3822 t=24.7 h=2 st=2 c=309570 fc=3749000 cc=1 chg=u
11-29 14:08:40.948     0     0 W healthd : battery l=21 v=3822 t=24.7 h=2 st=2 c=309570 fc=3749000 cc=1 chg=u
11-29 14:08:40.958     0     0 I cm710x 1-002c: cm710x_playback_in_enum_ext_get select PlaybackFrom = 1
11-29 14:08:40.968     0     0 I __afe_port_start: port id: 0x1000
11-29 14:08:40.968     0     0 I afe_find_cal_topo_id_by_port: port id: 0x1000, dev_acdb_id: 15
11-29 14:08:40.968     0     0 I afe_find_cal_topo_id_by_port: top_id:112fc acdb_id:15 afe_port_id:0x1000
11-29 14:08:40.968     0     0 I afe_get_cal_topology_id: port_id = 0x1000 acdb_id = 15 topology_id = 0x112fc cal_type_index=8 ret=0
11-29 14:08:40.968     0     0 I afe_send_port_topology_id: AFE set topology id 0x112fc  enable for port 0x1000 ret 0
11-29 14:08:40.968     0     0 I send_afe_cal_type: cal_index is 0
11-29 14:08:40.968     0     0 I send_afe_cal_type: dev_acdb_id[40] is 15
11-29 14:08:40.968     0     0 I afe_find_cal: cal_index 0 port_id 0x1000 port_index 40
11-29 14:08:40.968     0     0 I afe_find_cal: acdb_id 15 dev_acdb_id 15 sample_rate 48000 afe_sample_rates 48000
11-29 14:08:40.968     0     0 I afe_find_cal: cal block is a match, size is 0
11-29 14:08:40.968     0     0 I send_afe_cal_type: Sending cal_index cal 0
11-29 14:08:40.968     0     0 E send_afe_cal_type: No cal sent for cal_index 0, port_id = 0x1000! ret -22
11-29 14:08:40.968     0     0 I afe_send_hw_delay: port_id 0x1000 rate 48000 delay_usec 474 status 0
11-29 14:08:41.034   800   800 I DiceCameraSystem: Set cameras to 10 bpp (format 0x00000007)
11-29 14:08:41.038   800   800 I libsensorscommon: [HEADSET FSC] started at 157.18
11-29 14:08:41.038   800  1020 I SyncBossHAL: [info   ] pulsar_manager.c(969): Setting controller LED config to period: 40000us, on-time: 34us, delay: -17us
11-29 14:08:41.077   800   800 D CameraStream: Client 962: Finished StreamControl: 0
11-29 14:08:41.088   962  1105 D TrackingService: IOT standby to running completed
11-29 14:08:41.088   962  1105 I TrackingService: [                             iot] Power transition: STANDBY -> RUNNING transition time: 265 ms
11-29 14:08:41.088   800   800 D CameraStream: Client 962: Attempting StreamControl: 0
11-29 14:08:41.088   800   800 D CameraClientManager: [CONTROLLER] Attempting starting camera client.
11-29 14:08:41.088   800   800 D CameraClientManager: [CONTROLLER] Successfully found client (962) to start in CameraClientManager list.
11-29 14:08:41.090   800   800 I FrameSetDispatcher: [CONTROLLER] Client pid=962 (Cnst): Client thread started
11-29 14:08:41.090   800   800 I CameraClientManager: [CONTROLLER] Added client (962)(Cnst)
11-29 14:08:41.090   800   800 D CameraClientManager: [CONTROLLER] Attempting to start stream
11-29 14:08:41.090   800   800 I CameraClientManager: [CONTROLLER] Started clients: 1
11-29 14:08:41.090   800   800 I CameraClientManager: [CONTROLLER] Starting stream
11-29 14:08:41.090   800   800 I libsensorscommon: [CONTROLLER FSC] started at 157.23
11-29 14:08:41.090   800   800 D CameraStream: Client 962: Finished StreamControl: 0
11-29 14:08:41.090   962  1105 I TrackingService: ConstellationTrackingGlue: setEnableExtendedDeadreckoning to false
11-29 14:08:41.090   962  1105 I TrackingService: [                   constellation] Power transition: STANDBY -> RUNNING transition time: 2 ms
11-29 14:08:41.091   962  1105 I TrackingService: [              selftracked_client] Power transition: STANDBY -> RUNNING transition time: 0 ms
11-29 14:08:41.091   962  1105 I TrackingService: [                            hand] Power transition: STANDBY -> RUNNING transition time: 0 ms
11-29 14:08:41.091   962  1105 I TrackingService: [                            face] Power transition: STANDBY -> RUNNING transition time: 0 ms
11-29 14:08:41.091   800   800 D CameraStream: Client 962: Attempting StreamControl: 0
11-29 14:08:41.091   800   800 D CameraClientManager: [HEADSET] Attempting starting camera client.
11-29 14:08:41.091   800   800 D CameraClientManager: [HEADSET] Successfully found client (962) to start in CameraClientManager list.
11-29 14:08:41.092   800   800 I FrameSetDispatcher: [HEADSET] Client pid=962 (Obj): Client thread started
11-29 14:08:41.092   800   800 I CameraClientManager: [HEADSET] Added client (962)(Obj)
11-29 14:08:41.092   800   800 D CameraClientManager: [HEADSET] Attempting to start stream
11-29 14:08:41.092   800   800 I CameraClientManager: [HEADSET] Started clients: 2
11-29 14:08:41.092   800   800 D CameraStream: Client 962: Finished StreamControl: 0
11-29 14:08:41.092   962  1105 I TrackingService: [                          object] Power transition: STANDBY -> RUNNING transition time: 1 ms
11-29 14:08:41.092   962  1105 I TrackingService: [                      controller] Power transition: STANDBY -> RUNNING transition time: 0 ms
11-29 14:08:41.109   800   848 D CameraStream: Client 962: Attempting StreamControl: 0
11-29 14:08:41.109   800   848 D CameraClientManager: [HEADSET] Attempting starting camera client.
11-29 14:08:41.109   800   848 D CameraClientManager: [HEADSET] Successfully found client (962) to start in CameraClientManager list.
11-29 14:08:41.110   800   848 I FrameSetDispatcher: [HEADSET] Client pid=962 (ExpCtl): Client thread started
11-29 14:08:41.110   800   848 I CameraClientManager: [HEADSET] Added client (962)(ExpCtl)
11-29 14:08:41.110   800   848 D CameraClientManager: [HEADSET] Attempting to start stream
11-29 14:08:41.110   800   848 I CameraClientManager: [HEADSET] Started clients: 3
11-29 14:08:41.110   800   848 D CameraStream: Client 962: Finished StreamControl: 0
11-29 14:08:41.110   800   848 D CameraStream: Client 962: Attempting StreamControl: 0
11-29 14:08:41.110   800   848 D CameraClientManager: [CONTROLLER] Attempting starting camera client.
11-29 14:08:41.110   800   848 D CameraClientManager: [CONTROLLER] Successfully found client (962) to start in CameraClientManager list.
11-29 14:08:41.111   800   848 I FrameSetDispatcher: [CONTROLLER] Client pid=962 (ExpCtl): Client thread started
11-29 14:08:41.111   800   848 I CameraClientManager: [CONTROLLER] Added client (962)(ExpCtl)
11-29 14:08:41.111   800   848 D CameraClientManager: [CONTROLLER] Attempting to start stream
11-29 14:08:41.111   800   848 I CameraClientManager: [CONTROLLER] Started clients: 2
11-29 14:08:41.111   800   848 D CameraStream: Client 962: Finished StreamControl: 0
11-29 14:08:41.111   962  1105 I TrackingService: [                 ExposureControl] Power transition: STANDBY -> RUNNING transition time: 18 ms
11-29 14:08:41.111   962  1103 D TrackingService: Transition completed for (null)
11-29 14:08:41.111   962  1103 D TrackingService: setPowerState: RUNNING
11-29 14:08:41.178   800  4666 E libsensorscommon: [HEADSET FSC] 1 FrameSets had unexpected timestamps. Ex: (slot 1) prev 0.000ms->cur 155539.532ms (ts diff of -155499.532ms vs expected period of 40.000ms)
11-29 14:08:41.182  1664  2124 D OVRRemoteService: RemoteService::recordControllerStatusUpdate: device e2257c80093959fc: status: CONNECTED_ACTIVE tracking: ORIENTATION, errors: --
11-29 14:08:41.182  1664  2124 D OVRRemoteService: RemoteService::recordControllerStatusUpdate: device 7feddd23f612a3d0: status: CONNECTED_ACTIVE tracking: ORIENTATION, errors: --
